Archive member included to satisfy reference by file (symbol)

/usr/lib/gcc/arm-none-eabi/8.3.1/thumb/v6-m/nofp/libgcc.a(_dvmd_tls.o)
                              CMakeFiles/picoLCD.dir/home/viktor/pico/pico-sdk/src/rp2_common/pico_divider/divider.S.obj (__aeabi_idiv0)
/usr/lib/gcc/arm-none-eabi/8.3.1/thumb/v6-m/nofp/libgcc.a(_clear_cache.o)
                              CMakeFiles/picoLCD.dir/main.c.obj (__clear_cache)
/usr/lib/gcc/arm-none-eabi/8.3.1/../../../arm-none-eabi/lib/thumb/v6-m/nofp/libg.a(lib_a-asprintf.o)
                              CMakeFiles/picoLCD.dir/main.c.obj (asprintf)
/usr/lib/gcc/arm-none-eabi/8.3.1/../../../arm-none-eabi/lib/thumb/v6-m/nofp/libg.a(lib_a-atexit.o)
                              /usr/lib/gcc/arm-none-eabi/8.3.1/../../../arm-none-eabi/lib/thumb/v6-m/nofp/crt0.o (atexit)
/usr/lib/gcc/arm-none-eabi/8.3.1/../../../arm-none-eabi/lib/thumb/v6-m/nofp/libg.a(lib_a-calloc.o)
                              CMakeFiles/picoLCD.dir/home/viktor/pico/pico-sdk/src/rp2_common/pico_malloc/pico_malloc.c.obj (calloc)
/usr/lib/gcc/arm-none-eabi/8.3.1/../../../arm-none-eabi/lib/thumb/v6-m/nofp/libg.a(lib_a-callocr.o)
                              /usr/lib/gcc/arm-none-eabi/8.3.1/../../../arm-none-eabi/lib/thumb/v6-m/nofp/libg.a(lib_a-calloc.o) (_calloc_r)
/usr/lib/gcc/arm-none-eabi/8.3.1/../../../arm-none-eabi/lib/thumb/v6-m/nofp/libg.a(lib_a-fini.o)
                              /usr/lib/gcc/arm-none-eabi/8.3.1/../../../arm-none-eabi/lib/thumb/v6-m/nofp/crt0.o (__libc_fini_array)
/usr/lib/gcc/arm-none-eabi/8.3.1/../../../arm-none-eabi/lib/thumb/v6-m/nofp/libg.a(lib_a-impure.o)
                              /usr/lib/gcc/arm-none-eabi/8.3.1/../../../arm-none-eabi/lib/thumb/v6-m/nofp/libg.a(lib_a-asprintf.o) (_impure_ptr)
/usr/lib/gcc/arm-none-eabi/8.3.1/../../../arm-none-eabi/lib/thumb/v6-m/nofp/libg.a(lib_a-init.o)
                              /usr/lib/gcc/arm-none-eabi/8.3.1/../../../arm-none-eabi/lib/thumb/v6-m/nofp/crt0.o (__libc_init_array)
/usr/lib/gcc/arm-none-eabi/8.3.1/../../../arm-none-eabi/lib/thumb/v6-m/nofp/libg.a(lib_a-itoa.o)
                              CMakeFiles/picoLCD.dir/generalOps.c.obj (itoa)
/usr/lib/gcc/arm-none-eabi/8.3.1/../../../arm-none-eabi/lib/thumb/v6-m/nofp/libg.a(lib_a-malloc.o)
                              CMakeFiles/picoLCD.dir/home/viktor/pico/pico-sdk/src/rp2_common/pico_malloc/pico_malloc.c.obj (malloc)
/usr/lib/gcc/arm-none-eabi/8.3.1/../../../arm-none-eabi/lib/thumb/v6-m/nofp/libg.a(lib_a-mallocr.o)
                              /usr/lib/gcc/arm-none-eabi/8.3.1/../../../arm-none-eabi/lib/thumb/v6-m/nofp/libg.a(lib_a-callocr.o) (_malloc_r)
/usr/lib/gcc/arm-none-eabi/8.3.1/../../../arm-none-eabi/lib/thumb/v6-m/nofp/libg.a(lib_a-mlock.o)
                              /usr/lib/gcc/arm-none-eabi/8.3.1/../../../arm-none-eabi/lib/thumb/v6-m/nofp/libg.a(lib_a-mallocr.o) (__malloc_lock)
/usr/lib/gcc/arm-none-eabi/8.3.1/../../../arm-none-eabi/lib/thumb/v6-m/nofp/libg.a(lib_a-realloc.o)
                              CMakeFiles/picoLCD.dir/home/viktor/pico/pico-sdk/src/rp2_common/pico_malloc/pico_malloc.c.obj (realloc)
/usr/lib/gcc/arm-none-eabi/8.3.1/../../../arm-none-eabi/lib/thumb/v6-m/nofp/libg.a(lib_a-reallocr.o)
                              /usr/lib/gcc/arm-none-eabi/8.3.1/../../../arm-none-eabi/lib/thumb/v6-m/nofp/libg.a(lib_a-realloc.o) (_realloc_r)
/usr/lib/gcc/arm-none-eabi/8.3.1/../../../arm-none-eabi/lib/thumb/v6-m/nofp/libg.a(lib_a-sbrkr.o)
                              /usr/lib/gcc/arm-none-eabi/8.3.1/../../../arm-none-eabi/lib/thumb/v6-m/nofp/libg.a(lib_a-mallocr.o) (_sbrk_r)
/usr/lib/gcc/arm-none-eabi/8.3.1/../../../arm-none-eabi/lib/thumb/v6-m/nofp/libg.a(lib_a-strcat.o)
                              CMakeFiles/picoLCD.dir/generalOps.c.obj (strcat)
/usr/lib/gcc/arm-none-eabi/8.3.1/../../../arm-none-eabi/lib/thumb/v6-m/nofp/libg.a(lib_a-strcpy.o)
                              /usr/lib/gcc/arm-none-eabi/8.3.1/../../../arm-none-eabi/lib/thumb/v6-m/nofp/libg.a(lib_a-strcat.o) (strcpy)
/usr/lib/gcc/arm-none-eabi/8.3.1/../../../arm-none-eabi/lib/thumb/v6-m/nofp/libg.a(lib_a-strlen-stub.o)
                              CMakeFiles/picoLCD.dir/LCDops.c.obj (strlen)
/usr/lib/gcc/arm-none-eabi/8.3.1/../../../arm-none-eabi/lib/thumb/v6-m/nofp/libg.a(lib_a-strncat.o)
                              CMakeFiles/picoLCD.dir/generalOps.c.obj (strncat)
/usr/lib/gcc/arm-none-eabi/8.3.1/../../../arm-none-eabi/lib/thumb/v6-m/nofp/libg.a(lib_a-strncpy.o)
                              CMakeFiles/picoLCD.dir/presetMessages.c.obj (strncpy)
/usr/lib/gcc/arm-none-eabi/8.3.1/../../../arm-none-eabi/lib/thumb/v6-m/nofp/libg.a(lib_a-strtol.o)
                              CMakeFiles/picoLCD.dir/LCDops.c.obj (strtol)
/usr/lib/gcc/arm-none-eabi/8.3.1/../../../arm-none-eabi/lib/thumb/v6-m/nofp/libg.a(lib_a-svfprintf.o)
                              /usr/lib/gcc/arm-none-eabi/8.3.1/../../../arm-none-eabi/lib/thumb/v6-m/nofp/libg.a(lib_a-asprintf.o) (_svfprintf_r)
[...]
Memory Configuration

Name             Origin             Length             Attributes
FLASH            0x10000000         0x00200000         xr
RAM              0x20000000         0x00040000         xrw
SCRATCH_X        0x20040000         0x00001000         xrw
SCRATCH_Y        0x20041000         0x00001000         xrw
*default*        0x00000000         0xffffffff

Linker script and memory map

LOAD /usr/lib/gcc/arm-none-eabi/8.3.1/thumb/v6-m/nofp/crti.o
LOAD /usr/lib/gcc/arm-none-eabi/8.3.1/thumb/v6-m/nofp/crtbegin.o
LOAD /usr/lib/gcc/arm-none-eabi/8.3.1/../../../arm-none-eabi/lib/thumb/v6-m/nofp/crt0.o

.flash_begin    0x10000000        0x0
                0x10000000                __flash_binary_start = .

.boot2          0x10000000      0x100
                0x10000000                __boot2_start__ = .
 *(.boot2)
 .boot2         0x10000000      0x100 /tmp/cc4OCZLg.o
                0x10000100                __boot2_end__ = .
                0x00000001                ASSERT (((__boot2_end__ - __boot2_start__) == 0x100), ERROR: Pico second stage bootloader must be 256 bytes in size)

.text           0x10000100     0xa628
                0x10000100                __logical_binary_start = .
 *(.vectors)
 .vectors       0x10000100       0xd4 CMakeFiles/picoLCD.dir/home/viktor/pico/pico-sdk/src/rp2_common/pico_standard_link/crt0.S.obj
                0x10000100                __vectors
                0x10000100                __VECTOR_TABLE
                0x100001c0                isr_invalid
                0x100001c0                __default_isrs_start
                0x100001c2                isr_nmi
                0x100001c4                isr_hardfault
                0x100001c6                isr_svcall
                0x100001c8                isr_pendsv
                0x100001ca                isr_systick
                0x100001cc                isr_irq30
                0x100001cc                __unhandled_user_irq
                0x100001cc                isr_irq13
                0x100001cc                isr_irq27
                0x100001cc                isr_irq31
                0x100001cc                isr_irq5
                0x100001cc                isr_irq11
                0x100001cc                isr_irq23
                0x100001cc                isr_irq18
                0x100001cc                isr_irq28
                0x100001cc                isr_irq19
                0x100001cc                isr_irq0
                0x100001cc                isr_irq6
                0x100001cc                isr_irq22
                0x100001cc                isr_irq17
                0x100001cc                isr_irq14
                0x100001cc                isr_irq2
                0x100001cc                isr_irq10
                0x100001cc                isr_irq8
                0x100001cc                isr_irq24
                0x100001cc                isr_irq1
                0x100001cc                isr_irq7
                0x100001cc                isr_irq21
                0x100001cc                isr_irq20
                0x100001cc                isr_irq15
                0x100001cc                isr_irq25
                0x100001cc                isr_irq4
                0x100001cc                isr_irq16
                0x100001cc                isr_irq29
                0x100001cc                isr_irq26
                0x100001cc                __default_isrs_end
                0x100001cc                isr_irq3
                0x100001cc                isr_irq12
                0x100001cc                isr_irq9
                0x100001d2                unhandled_user_irq_num_in_r0
 *(.binary_info_header)
 .binary_info_header
                0x100001d4       0x14 CMakeFiles/picoLCD.dir/home/viktor/pico/pico-sdk/src/rp2_common/pico_standard_link/crt0.S.obj
                0x100001e8                __binary_info_header_end = .
 *(.reset)
 .reset         0x100001e8       0xa8 CMakeFiles/picoLCD.dir/home/viktor/pico/pico-sdk/src/rp2_common/pico_standard_link/crt0.S.obj
                0x100001e8                _entry_point
                0x10000266                __get_current_exception
 .reset         0x10000290       0x30 CMakeFiles/picoLCD.dir/home/viktor/pico/pico-sdk/src/rp2_common/pico_standard_link/binary_info.c.obj
 *(.init)
 .init          0x100002c0        0x4 /usr/lib/gcc/arm-none-eabi/8.3.1/thumb/v6-m/nofp/crti.o
                0x100002c0                _init
 *(EXCLUDE_FILE(*libm.a: *libc.a:*lib_a-mem*.o *libgcc.a:) .text*)
 .text          0x100002c4       0x98 /usr/lib/gcc/arm-none-eabi/8.3.1/thumb/v6-m/nofp/crtbegin.o
 .text.pio_irq_handler
                0x1000035c       0x48 CMakeFiles/picoLCD.dir/main.c.obj
                0x1000035c                pio_irq_handler
 .text.repeating_timer_callback.8128
                0x100003a4       0xa4 CMakeFiles/picoLCD.dir/main.c.obj
 .text.quadrature_encoder_program_init
                0x10000448      0x120 CMakeFiles/picoLCD.dir/main.c.obj
 .text.int2LCD.8110
                0x10000568       0x2c CMakeFiles/picoLCD.dir/main.c.obj
 .text.float2LCD.8116
                0x10000594       0x34 CMakeFiles/picoLCD.dir/main.c.obj
 .text.main     0x100005c8      0x290 CMakeFiles/picoLCD.dir/main.c.obj
                0x100005c8                main
 .text.E_INSTRUCTION
                0x10000858       0x34 CMakeFiles/picoLCD.dir/LCDops.c.obj
                0x10000858                E_INSTRUCTION
 .text.E_DATA   0x1000088c       0x40 CMakeFiles/picoLCD.dir/LCDops.c.obj
                0x1000088c                E_DATA
 .text.detectLCD
                0x100008cc       0x60 CMakeFiles/picoLCD.dir/LCDops.c.obj
                0x100008cc                detectLCD
 .text.LCDsendRawInstruction
                0x1000092c       0x50 CMakeFiles/picoLCD.dir/LCDops.c.obj
                0x1000092c                LCDsendRawInstruction
 .text.LCDinit  0x1000097c       0x60 CMakeFiles/picoLCD.dir/LCDops.c.obj
                0x1000097c                LCDinit
 .text.LCDclear
                0x100009dc       0x40 CMakeFiles/picoLCD.dir/LCDops.c.obj
                0x100009dc                LCDclear
 .text.LCDgoto  0x10000a1c       0x2c CMakeFiles/picoLCD.dir/LCDops.c.obj
                0x10000a1c                LCDgoto
 .text.LCDwriteMessage
                0x10000a48      0x160 CMakeFiles/picoLCD.dir/LCDops.c.obj
                0x10000a48                LCDwriteMessage
 .text.decToBin
                0x10000ba8       0x94 CMakeFiles/picoLCD.dir/generalOps.c.obj
                0x10000ba8                decToBin
 .text.binIns   0x10000c3c       0x50 CMakeFiles/picoLCD.dir/generalOps.c.obj
                0x10000c3c                binIns
 .text.gpio_set_function
                0x10000c8c       0x30 CMakeFiles/picoLCD.dir/home/viktor/pico/pico-sdk/src/rp2_common/hardware_gpio/gpio.c.obj
                0x10000c8c                gpio_set_function
 .text.gpio_set_pulls
                0x10000cbc       0x34 CMakeFiles/picoLCD.dir/home/viktor/pico/pico-sdk/src/rp2_common/hardware_gpio/gpio.c.obj
                0x10000cbc                gpio_set_pulls
 .text.gpio_init
                0x10000cf0       0x16 CMakeFiles/picoLCD.dir/home/viktor/pico/pico-sdk/src/rp2_common/hardware_gpio/gpio.c.obj
                0x10000cf0                gpio_init
 *fill*         0x10000d06        0x2 
 .text.hw_claim_lock
                0x10000d08       0x18 CMakeFiles/picoLCD.dir/home/viktor/pico/pico-sdk/src/rp2_common/hardware_claim/claim.c.obj
                0x10000d08                hw_claim_lock
 .text.hw_claim_unlock
                0x10000d20       0x14 CMakeFiles/picoLCD.dir/home/viktor/pico/pico-sdk/src/rp2_common/hardware_claim/claim.c.obj
                0x10000d20                hw_claim_unlock
 .text.hw_claim_or_assert
                0x10000d34       0x32 CMakeFiles/picoLCD.dir/home/viktor/pico/pico-sdk/src/rp2_common/hardware_claim/claim.c.obj
                0x10000d34                hw_claim_or_assert
 *fill*         0x10000d66        0x2 
 .text.running_on_fpga
                0x10000d68       0x14 CMakeFiles/picoLCD.dir/home/viktor/pico/pico-sdk/src/rp2_common/pico_platform/platform.c.obj
                0x10000d68                running_on_fpga
 .text.spin_locks_reset
                0x10000d7c       0x20 CMakeFiles/picoLCD.dir/home/viktor/pico/pico-sdk/src/rp2_common/hardware_sync/sync.c.obj
                0x10000d7c                spin_locks_reset
 .text.next_striped_spin_lock_num
                0x10000d9c       0x1c CMakeFiles/picoLCD.dir/home/viktor/pico/pico-sdk/src/rp2_common/hardware_sync/sync.c.obj
                0x10000d9c                next_striped_spin_lock_num
 .text.set_raw_irq_handler_and_unlock
                0x10000db8       0x28 CMakeFiles/picoLCD.dir/home/viktor/pico/pico-sdk/src/rp2_common/hardware_irq/irq.c.obj
 .text.make_branch
                0x10000de0       0x48 CMakeFiles/picoLCD.dir/home/viktor/pico/pico-sdk/src/rp2_common/hardware_irq/irq.c.obj
 .text.insert_branch_and_link
                0x10000e28       0x40 CMakeFiles/picoLCD.dir/home/viktor/pico/pico-sdk/src/rp2_common/hardware_irq/irq.c.obj
 .text.irq_is_enabled
                0x10000e68       0x18 CMakeFiles/picoLCD.dir/home/viktor/pico/pico-sdk/src/rp2_common/hardware_irq/irq.c.obj
                0x10000e68                irq_is_enabled
 .text.irq_set_mask_enabled
                0x10000e80       0x20 CMakeFiles/picoLCD.dir/home/viktor/pico/pico-sdk/src/rp2_common/hardware_irq/irq.c.obj
                0x10000e80                irq_set_mask_enabled
 .text.irq_set_enabled
                0x10000ea0        0xe CMakeFiles/picoLCD.dir/home/viktor/pico/pico-sdk/src/rp2_common/hardware_irq/irq.c.obj
                0x10000ea0                irq_set_enabled
 *fill*         0x10000eae        0x2 
 .text.irq_get_vtable_handler
                0x10000eb0       0x10 CMakeFiles/picoLCD.dir/home/viktor/pico/pico-sdk/src/rp2_common/hardware_irq/irq.c.obj
                0x10000eb0                irq_get_vtable_handler
 .text.irq_set_exclusive_handler
                0x10000ec0       0x54 CMakeFiles/picoLCD.dir/home/viktor/pico/pico-sdk/src/rp2_common/hardware_irq/irq.c.obj
                0x10000ec0                irq_set_exclusive_handler
 .text.irq_remove_handler
                0x10000f14      0x1a0 CMakeFiles/picoLCD.dir/home/viktor/pico/pico-sdk/src/rp2_common/hardware_irq/irq.c.obj
                0x10000f14                irq_remove_handler
 .text.irq_add_tail_to_free_list
                0x100010b4       0xf0 CMakeFiles/picoLCD.dir/home/viktor/pico/pico-sdk/src/rp2_common/hardware_irq/irq.c.obj
                0x100010b4                irq_add_tail_to_free_list
 .text.irq_init_priorities
                0x100011a4       0x1c CMakeFiles/picoLCD.dir/home/viktor/pico/pico-sdk/src/rp2_common/hardware_irq/irq.c.obj
                0x100011a4                irq_init_priorities
 .text.lock_init
                0x100011c0       0x10 CMakeFiles/picoLCD.dir/home/viktor/pico/pico-sdk/src/common/pico_sync/lock_core.c.obj
                0x100011c0                lock_init
 .text.sleep_until_callback
                0x100011d0       0x30 CMakeFiles/picoLCD.dir/home/viktor/pico/pico-sdk/src/common/pico_time/time.c.obj
 .text.repeating_timer_callback
                0x10001200       0x40 CMakeFiles/picoLCD.dir/home/viktor/pico/pico-sdk/src/common/pico_time/time.c.obj
 .text.alarm_pool_post_alloc_init
                0x10001240       0x40 CMakeFiles/picoLCD.dir/home/viktor/pico/pico-sdk/src/common/pico_time/time.c.obj
 .text.timer_pool_entry_comparator
                0x10001280       0x7c CMakeFiles/picoLCD.dir/home/viktor/pico/pico-sdk/src/common/pico_time/time.c.obj
                0x10001280                timer_pool_entry_comparator
 .text.ph_add_child_node
                0x100012fc       0xa4 CMakeFiles/picoLCD.dir/home/viktor/pico/pico-sdk/src/common/pico_time/time.c.obj
 .text.ph_merge_nodes
                0x100013a0       0x3e CMakeFiles/picoLCD.dir/home/viktor/pico/pico-sdk/src/common/pico_time/time.c.obj
 *fill*         0x100013de        0x2 
 .text.add_alarm_under_lock
                0x100013e0      0x180 CMakeFiles/picoLCD.dir/home/viktor/pico/pico-sdk/src/common/pico_time/time.c.obj
 .text.alarm_pool_alarm_callback
                0x10001560      0x328 CMakeFiles/picoLCD.dir/home/viktor/pico/pico-sdk/src/common/pico_time/time.c.obj
 .text.alarm_pool_init_default
                0x10001888       0x38 CMakeFiles/picoLCD.dir/home/viktor/pico/pico-sdk/src/common/pico_time/time.c.obj
                0x10001888                alarm_pool_init_default
 .text.alarm_pool_get_default
                0x100018c0       0x2c CMakeFiles/picoLCD.dir/home/viktor/pico/pico-sdk/src/common/pico_time/time.c.obj
                0x100018c0                alarm_pool_get_default
 .text.alarm_pool_add_alarm_at
                0x100018ec      0x154 CMakeFiles/picoLCD.dir/home/viktor/pico/pico-sdk/src/common/pico_time/time.c.obj
                0x100018ec                alarm_pool_add_alarm_at
 .text.alarm_pool_add_repeating_timer_us
                0x10001a40       0x9c CMakeFiles/picoLCD.dir/home/viktor/pico/pico-sdk/src/common/pico_time/time.c.obj
                0x10001a40                alarm_pool_add_repeating_timer_us
 .text.sleep_until
                0x10001adc       0xf8 CMakeFiles/picoLCD.dir/home/viktor/pico/pico-sdk/src/common/pico_time/time.c.obj
                0x10001adc                sleep_until
 .text.sleep_us
                0x10001bd4       0x54 CMakeFiles/picoLCD.dir/home/viktor/pico/pico-sdk/src/common/pico_time/time.c.obj
                0x10001bd4                sleep_us
 .text.sleep_ms
                0x10001c28       0x14 CMakeFiles/picoLCD.dir/home/viktor/pico/pico-sdk/src/common/pico_time/time.c.obj
                0x10001c28                sleep_ms
 .text.hardware_alarm_irq_handler
                0x10001c3c       0x8c CMakeFiles/picoLCD.dir/home/viktor/pico/pico-sdk/src/rp2_common/hardware_timer/timer.c.obj
 .text.hardware_alarm_claim
                0x10001cc8       0x18 CMakeFiles/picoLCD.dir/home/viktor/pico/pico-sdk/src/rp2_common/hardware_timer/timer.c.obj
                0x10001cc8                hardware_alarm_claim
 .text.time_us_64
                0x10001ce0       0x18 CMakeFiles/picoLCD.dir/home/viktor/pico/pico-sdk/src/rp2_common/hardware_timer/timer.c.obj
                0x10001ce0                time_us_64
 .text.busy_wait_until
                0x10001cf8       0x24 CMakeFiles/picoLCD.dir/home/viktor/pico/pico-sdk/src/rp2_common/hardware_timer/timer.c.obj
                0x10001cf8                busy_wait_until
 .text.hardware_alarm_set_callback
                0x10001d1c       0x90 CMakeFiles/picoLCD.dir/home/viktor/pico/pico-sdk/src/rp2_common/hardware_timer/timer.c.obj
                0x10001d1c                hardware_alarm_set_callback
 .text.hardware_alarm_set_target
                0x10001dac       0xe8 CMakeFiles/picoLCD.dir/home/viktor/pico/pico-sdk/src/rp2_common/hardware_timer/timer.c.obj
                0x10001dac                hardware_alarm_set_target
 .text.hardware_alarm_cancel
                0x10001e94       0x40 CMakeFiles/picoLCD.dir/home/viktor/pico/pico-sdk/src/rp2_common/hardware_timer/timer.c.obj
                0x10001e94                hardware_alarm_cancel
 .text.ph_add_child_node
                0x10001ed4       0xa4 CMakeFiles/picoLCD.dir/home/viktor/pico/pico-sdk/src/common/pico_util/pheap.c.obj
 .text.ph_merge_nodes
                0x10001f78       0x3e CMakeFiles/picoLCD.dir/home/viktor/pico/pico-sdk/src/common/pico_util/pheap.c.obj
 *fill*         0x10001fb6        0x2 
 .text.ph_clear
                0x10001fb8       0x70 CMakeFiles/picoLCD.dir/home/viktor/pico/pico-sdk/src/common/pico_util/pheap.c.obj
                0x10001fb8                ph_clear
 .text.ph_post_alloc_init
                0x10002028        0xe CMakeFiles/picoLCD.dir/home/viktor/pico/pico-sdk/src/common/pico_util/pheap.c.obj
                0x10002028                ph_post_alloc_init
 *fill*         0x10002036        0x2 
 .text.ph_merge_two_pass
                0x10002038       0xac CMakeFiles/picoLCD.dir/home/viktor/pico/pico-sdk/src/common/pico_util/pheap.c.obj
                0x10002038                ph_merge_two_pass
 .text.ph_remove_any_head
                0x100020e4      0x108 CMakeFiles/picoLCD.dir/home/viktor/pico/pico-sdk/src/common/pico_util/pheap.c.obj
 .text.ph_remove_head
                0x100021ec       0x14 CMakeFiles/picoLCD.dir/home/viktor/pico/pico-sdk/src/common/pico_util/pheap.c.obj
                0x100021ec                ph_remove_head
 .text.ph_remove_and_free_node
                0x10002200       0xf8 CMakeFiles/picoLCD.dir/home/viktor/pico/pico-sdk/src/common/pico_util/pheap.c.obj
                0x10002200                ph_remove_and_free_node
 .text.mutex_init
                0x100022f8       0x1a CMakeFiles/picoLCD.dir/home/viktor/pico/pico-sdk/src/common/pico_sync/mutex.c.obj
                0x100022f8                mutex_init
 .text.recursive_mutex_init
                0x10002312       0x1e CMakeFiles/picoLCD.dir/home/viktor/pico/pico-sdk/src/common/pico_sync/mutex.c.obj
                0x10002312                recursive_mutex_init
 .text.uart_set_baudrate
                0x10002330       0x5c CMakeFiles/picoLCD.dir/home/viktor/pico/pico-sdk/src/rp2_common/hardware_uart/uart.c.obj
                0x10002330                uart_set_baudrate
 .text.uart_set_translate_crlf
                0x1000238c       0x28 CMakeFiles/picoLCD.dir/home/viktor/pico/pico-sdk/src/rp2_common/hardware_uart/uart.c.obj
                0x1000238c                uart_set_translate_crlf
 .text.uart_init
                0x100023b4       0x80 CMakeFiles/picoLCD.dir/home/viktor/pico/pico-sdk/src/rp2_common/hardware_uart/uart.c.obj
                0x100023b4                uart_init
 .text._exit    0x10002434        0x4 CMakeFiles/picoLCD.dir/home/viktor/pico/pico-sdk/src/rp2_common/pico_runtime/runtime.c.obj
                0x10002434                _exit
 .text._sbrk    0x10002438       0x38 CMakeFiles/picoLCD.dir/home/viktor/pico/pico-sdk/src/rp2_common/pico_runtime/runtime.c.obj
                0x10002438                _sbrk
 .text.exit     0x10002470        0x6 CMakeFiles/picoLCD.dir/home/viktor/pico/pico-sdk/src/rp2_common/pico_runtime/runtime.c.obj
                0x10002470                exit
 *fill*         0x10002476        0x2 
 .text.__assert_func
                0x10002478       0x3c CMakeFiles/picoLCD.dir/home/viktor/pico/pico-sdk/src/rp2_common/pico_runtime/runtime.c.obj
                0x10002478                __assert_func
 .text.runtime_init
                0x100024b4       0xf8 CMakeFiles/picoLCD.dir/home/viktor/pico/pico-sdk/src/rp2_common/pico_runtime/runtime.c.obj
                0x100024b4                runtime_init
 .text.panic    0x100025ac       0x30 CMakeFiles/picoLCD.dir/home/viktor/pico/pico-sdk/src/rp2_common/pico_runtime/runtime.c.obj
                0x100025ac                panic
 .text.clock_configure
                0x100025dc       0xfc CMakeFiles/picoLCD.dir/home/viktor/pico/pico-sdk/src/rp2_common/hardware_clocks/clocks.c.obj
                0x100025dc                clock_configure
 .text.clocks_init
                0x100026d8      0x100 CMakeFiles/picoLCD.dir/home/viktor/pico/pico-sdk/src/rp2_common/hardware_clocks/clocks.c.obj
                0x100026d8                clocks_init
 .text.clock_get_hz
                0x100027d8        0xc CMakeFiles/picoLCD.dir/home/viktor/pico/pico-sdk/src/rp2_common/hardware_clocks/clocks.c.obj
                0x100027d8                clock_get_hz
 .text.pll_init
                0x100027e4      0x140 CMakeFiles/picoLCD.dir/home/viktor/pico/pico-sdk/src/rp2_common/hardware_pll/pll.c.obj
                0x100027e4                pll_init
 .text.watchdog_start_tick
                0x10002924       0x10 CMakeFiles/picoLCD.dir/home/viktor/pico/pico-sdk/src/rp2_common/hardware_watchdog/watchdog.c.obj
                0x10002924                watchdog_start_tick
 .text.xosc_init
                0x10002934       0x28 CMakeFiles/picoLCD.dir/home/viktor/pico/pico-sdk/src/rp2_common/hardware_xosc/xosc.c.obj
                0x10002934                xosc_init
 .text._out_null
                0x1000295c        0x2 CMakeFiles/picoLCD.dir/home/viktor/pico/pico-sdk/src/rp2_common/pico_printf/printf.c.obj
 .text._out_fct
                0x1000295e        0xe CMakeFiles/picoLCD.dir/home/viktor/pico/pico-sdk/src/rp2_common/pico_printf/printf.c.obj
 .text._atoi    0x1000296c       0x28 CMakeFiles/picoLCD.dir/home/viktor/pico/pico-sdk/src/rp2_common/pico_printf/printf.c.obj
 .text._out_rev
                0x10002994       0x8c CMakeFiles/picoLCD.dir/home/viktor/pico/pico-sdk/src/rp2_common/pico_printf/printf.c.obj
 .text._ntoa_format
                0x10002a20      0x10c CMakeFiles/picoLCD.dir/home/viktor/pico/pico-sdk/src/rp2_common/pico_printf/printf.c.obj
 .text._ntoa_long
                0x10002b2c       0xb0 CMakeFiles/picoLCD.dir/home/viktor/pico/pico-sdk/src/rp2_common/pico_printf/printf.c.obj
 .text._ntoa_long_long
                0x10002bdc       0xe6 CMakeFiles/picoLCD.dir/home/viktor/pico/pico-sdk/src/rp2_common/pico_printf/printf.c.obj
 *fill*         0x10002cc2        0x2 
 .text._etoa    0x10002cc4      0x408 CMakeFiles/picoLCD.dir/home/viktor/pico/pico-sdk/src/rp2_common/pico_printf/printf.c.obj
 .text._ftoa    0x100030cc      0x344 CMakeFiles/picoLCD.dir/home/viktor/pico/pico-sdk/src/rp2_common/pico_printf/printf.c.obj
 .text._vsnprintf
                0x10003410      0x61c CMakeFiles/picoLCD.dir/home/viktor/pico/pico-sdk/src/rp2_common/pico_printf/printf.c.obj
 .text.vfctprintf
                0x10003a2c       0x20 CMakeFiles/picoLCD.dir/home/viktor/pico/pico-sdk/src/rp2_common/pico_printf/printf.c.obj
                0x10003a2c                vfctprintf
 .text          0x10003a4c       0x10 CMakeFiles/picoLCD.dir/home/viktor/pico/pico-sdk/src/rp2_common/pico_bit_ops/bit_ops_aeabi.S.obj
 .text.rom_func_lookup
                0x10003a5c       0x10 CMakeFiles/picoLCD.dir/home/viktor/pico/pico-sdk/src/rp2_common/pico_bootrom/bootrom.c.obj
                0x10003a5c                rom_func_lookup
 .text.rom_data_lookup
                0x10003a6c       0x10 CMakeFiles/picoLCD.dir/home/viktor/pico/pico-sdk/src/rp2_common/pico_bootrom/bootrom.c.obj
                0x10003a6c                rom_data_lookup
 .text.rom_funcs_lookup
                0x10003a7c       0x36 CMakeFiles/picoLCD.dir/home/viktor/pico/pico-sdk/src/rp2_common/pico_bootrom/bootrom.c.obj
                0x10003a7c                rom_funcs_lookup
 *fill*         0x10003ab2        0x2 
 .text.__wrap___aeabi_idiv
                0x10003ab4       0x50 CMakeFiles/picoLCD.dir/home/viktor/pico/pico-sdk/src/rp2_common/pico_divider/divider.S.obj
                0x10003ab4                __wrap___aeabi_idivmod
                0x10003ab4                divmod_s32s32
                0x10003ab4                div_s32s32
                0x10003ab4                __wrap___aeabi_idiv
                0x10003abc                divmod_s32s32_unsafe
                0x10003ae8                divmod_s32s32_savestate
 .text.__wrap___aeabi_uidiv
                0x10003b04       0x4c CMakeFiles/picoLCD.dir/home/viktor/pico/pico-sdk/src/rp2_common/pico_divider/divider.S.obj
                0x10003b04                __wrap___aeabi_uidiv
                0x10003b04                __wrap___aeabi_uidivmod
                0x10003b04                div_u32u32
                0x10003b04                divmod_u32u32
                0x10003b0c                divmod_u32u32_unsafe
                0x10003b34                divmod_u32u32_savestate
 .text.__wrap___aeabi_ldiv
                0x10003b50      0x434 CMakeFiles/picoLCD.dir/home/viktor/pico/pico-sdk/src/rp2_common/pico_divider/divider.S.obj
                0x10003b50                div_s64s64
                0x10003b50                divmod_s64s64
                0x10003b50                __wrap___aeabi_ldivmod
                0x10003b88                div_u64u64
                0x10003b88                divmod_u64u64
                0x10003b88                __wrap___aeabi_uldivmod
                0x10003b98                divmod_u64u64_savestate
                0x10003bc0                divmod_s64s64_unsafe
                0x10003c48                divmod_u64u64_unsafe
 .text.push_r8_r11
                0x10003f84        0xc CMakeFiles/picoLCD.dir/home/viktor/pico/pico-sdk/src/rp2_common/pico_double/double_aeabi.S.obj
                0x10003f84                push_r8_r11
 .text.pop_r8_r11
                0x10003f90        0xc CMakeFiles/picoLCD.dir/home/viktor/pico/pico-sdk/src/rp2_common/pico_double/double_aeabi.S.obj
                0x10003f90                pop_r8_r11
 .text.__wrap___aeabi_darithmetic
                0x10003f9c       0x80 CMakeFiles/picoLCD.dir/home/viktor/pico/pico-sdk/src/rp2_common/pico_double/double_aeabi.S.obj
                0x10003f9c                __wrap___aeabi_drsub
                0x10003fa2                __wrap___aeabi_dsub
                0x10003fb4                __wrap___aeabi_dadd
                0x10003fc6                __wrap___aeabi_ddiv
                0x10004002                __wrap___aeabi_dmul
 .text.__wrap___aeabi_cdcmple
                0x1000401c       0x6c CMakeFiles/picoLCD.dir/home/viktor/pico/pico-sdk/src/rp2_common/pico_double/double_aeabi.S.obj
                0x1000401c                __wrap___aeabi_cdrcmple
                0x1000402c                __wrap___aeabi_cdcmple
                0x1000402c                __wrap___aeabi_cdcmpeq
 .text.__wrap___aeabi_dcmpeq
                0x10004088       0x10 CMakeFiles/picoLCD.dir/home/viktor/pico/pico-sdk/src/rp2_common/pico_double/double_aeabi.S.obj
                0x10004088                __wrap___aeabi_dcmpeq
 .text.__wrap___aeabi_dcmplt
                0x10004098        0xc CMakeFiles/picoLCD.dir/home/viktor/pico/pico-sdk/src/rp2_common/pico_double/double_aeabi.S.obj
                0x10004098                __wrap___aeabi_dcmplt
 .text.__wrap___aeabi_dcmple
                0x100040a4       0x10 CMakeFiles/picoLCD.dir/home/viktor/pico/pico-sdk/src/rp2_common/pico_double/double_aeabi.S.obj
                0x100040a4                __wrap___aeabi_dcmple
 .text.__wrap___aeabi_dcmpge
                0x100040b4       0x10 CMakeFiles/picoLCD.dir/home/viktor/pico/pico-sdk/src/rp2_common/pico_double/double_aeabi.S.obj
                0x100040b4                __wrap___aeabi_dcmpge
 .text.__wrap___aeabi_dcmpgt
                0x100040c4        0xa CMakeFiles/picoLCD.dir/home/viktor/pico/pico-sdk/src/rp2_common/pico_double/double_aeabi.S.obj
                0x100040c4                __wrap___aeabi_dcmpgt
 .text.__wrap___aeabi_dcmpun
                0x100040ce       0x1c CMakeFiles/picoLCD.dir/home/viktor/pico/pico-sdk/src/rp2_common/pico_double/double_aeabi.S.obj
                0x100040ce                __wrap___aeabi_dcmpun
 *fill*         0x100040ea        0x2 
 .text.__wrap___aeabi_i2d
                0x100040ec       0x38 CMakeFiles/picoLCD.dir/home/viktor/pico/pico-sdk/src/rp2_common/pico_double/double_aeabi.S.obj
                0x100040ec                __wrap___aeabi_ui2d
                0x100040f4                __wrap___aeabi_i2d
 .text.__wrap___aeabi_d2iz
                0x10004124       0x48 CMakeFiles/picoLCD.dir/home/viktor/pico/pico-sdk/src/rp2_common/pico_double/double_aeabi.S.obj
                0x10004124                __wrap___aeabi_d2iz
                0x10004124                double2int_z
 .text.__wrap___aeabi_d2uiz
                0x1000416c       0x18 CMakeFiles/picoLCD.dir/home/viktor/pico/pico-sdk/src/rp2_common/pico_double/double_aeabi.S.obj
                0x1000416c                double2uint
                0x1000416c                __wrap___aeabi_d2uiz
 .text.fix642double
                0x10004184       0x18 CMakeFiles/picoLCD.dir/home/viktor/pico/pico-sdk/src/rp2_common/pico_double/double_aeabi.S.obj
                0x10004184                fix642double
 .text.__wrap___aeabi_d2f
                0x1000419c       0x18 CMakeFiles/picoLCD.dir/home/viktor/pico/pico-sdk/src/rp2_common/pico_double/double_aeabi.S.obj
                0x1000419c                __wrap___aeabi_d2f
 .text.__wrap_sincostan_remainder
                0x100041b4       0x14 CMakeFiles/picoLCD.dir/home/viktor/pico/pico-sdk/src/rp2_common/pico_double/double_aeabi.S.obj
                0x100041b4                sincostan_remainder
 .text.__wrap_sin
                0x100041c8       0x2c CMakeFiles/picoLCD.dir/home/viktor/pico/pico-sdk/src/rp2_common/pico_double/double_aeabi.S.obj
                0x100041c8                __wrap_sin
 .text.__aeabi_double_init
                0x100041f4       0xc8 CMakeFiles/picoLCD.dir/home/viktor/pico/pico-sdk/src/rp2_common/pico_double/double_init_rom.c.obj
                0x100041f4                __aeabi_double_init
 .text.drem_0   0x100042bc      0x12e CMakeFiles/picoLCD.dir/home/viktor/pico/pico-sdk/src/rp2_common/pico_double/double_math.c.obj
 *fill*         0x100043ea        0x2 
 .text.__wrap_remquo
                0x100043ec      0x14c CMakeFiles/picoLCD.dir/home/viktor/pico/pico-sdk/src/rp2_common/pico_double/double_math.c.obj
                0x100043ec                __wrap_remquo
 .text.__wrap_remainder
                0x10004538       0x10 CMakeFiles/picoLCD.dir/home/viktor/pico/pico-sdk/src/rp2_common/pico_double/double_math.c.obj
                0x10004538                __wrap_remainder
 .text.double_table_shim_on_use_helper
                0x10004548       0x34 CMakeFiles/picoLCD.dir/home/viktor/pico/pico-sdk/src/rp2_common/pico_double/double_v1_rom_shim.S.obj
                0x10004548                double_table_shim_on_use_helper
 .text.__wrap___aeabi_dsub
                0x1000457c       0x10 CMakeFiles/picoLCD.dir/home/viktor/pico/pico-sdk/src/rp2_common/pico_double/double_v1_rom_shim.S.obj
                0x1000457c                drsub_shim
                0x10004582                dsub_shim
 .text.dadd_shim
                0x1000458c      0x15c CMakeFiles/picoLCD.dir/home/viktor/pico/pico-sdk/src/rp2_common/pico_double/double_v1_rom_shim.S.obj
                0x1000458c                dadd_shim
 .text.dmul_shim
                0x100046e8      0x15c CMakeFiles/picoLCD.dir/home/viktor/pico/pico-sdk/src/rp2_common/pico_double/double_v1_rom_shim.S.obj
                0x100046e8                dmul_shim
 .text.ddiv_shim
                0x10004844      0x1b0 CMakeFiles/picoLCD.dir/home/viktor/pico/pico-sdk/src/rp2_common/pico_double/double_v1_rom_shim.S.obj
                0x10004844                ddiv_shim
 .text.dcordic_vec_step
                0x100049f4        0xe CMakeFiles/picoLCD.dir/home/viktor/pico/pico-sdk/src/rp2_common/pico_double/double_v1_rom_shim.S.obj
                0x100049f4                dcordic_vec_step
 .text.dcordic_rot_step
                0x10004a02       0x76 CMakeFiles/picoLCD.dir/home/viktor/pico/pico-sdk/src/rp2_common/pico_double/double_v1_rom_shim.S.obj
                0x10004a02                dcordic_rot_step
 .text.double2uint_shim
                0x10004a78        0xe CMakeFiles/picoLCD.dir/home/viktor/pico/pico-sdk/src/rp2_common/pico_double/double_v1_rom_shim.S.obj
                0x10004a78                double2uint_shim
                0x10004a7a                double2ufix_shim
 .text.double2int64_shim
                0x10004a86       0x1a CMakeFiles/picoLCD.dir/home/viktor/pico/pico-sdk/src/rp2_common/pico_double/double_v1_rom_shim.S.obj
                0x10004a86                double2int64_shim
                0x10004a88                double2fix64_shim
 .text.double2uint64_shim
                0x10004aa0       0x70 CMakeFiles/picoLCD.dir/home/viktor/pico/pico-sdk/src/rp2_common/pico_double/double_v1_rom_shim.S.obj
                0x10004aa0                double2uint64_shim
                0x10004aa2                double2ufix64_shim
                0x10004ac2                d2fix_a
 .text.double2float_shim
                0x10004b10       0x5c CMakeFiles/picoLCD.dir/home/viktor/pico/pico-sdk/src/rp2_common/pico_double/double_v1_rom_shim.S.obj
                0x10004b10                double2float_shim
 .text.x2double_shims
                0x10004b6c       0x90 CMakeFiles/picoLCD.dir/home/viktor/pico/pico-sdk/src/rp2_common/pico_double/double_v1_rom_shim.S.obj
                0x10004b6c                uint2double_shim
                0x10004b6e                ufix2double_shim
                0x10004b74                int2double_shim
                0x10004b76                fix2double_shim
                0x10004b7c                uint642double_shim
                0x10004b7e                ufix642double_shim
                0x10004b84                int642double_shim
                0x10004b86                fix642double_shim
 .text.dunpacks
                0x10004bfc       0x3c CMakeFiles/picoLCD.dir/home/viktor/pico/pico-sdk/src/rp2_common/pico_double/double_v1_rom_shim.S.obj
                0x10004bfc                dunpacks
 .text.dreduce  0x10004c38       0x82 CMakeFiles/picoLCD.dir/home/viktor/pico/pico-sdk/src/rp2_common/pico_double/double_v1_rom_shim.S.obj
                0x10004c38                dreduce
 .text.dsin_shim
                0x10004cba       0x14 CMakeFiles/picoLCD.dir/home/viktor/pico/pico-sdk/src/rp2_common/pico_double/double_v1_rom_shim.S.obj
                0x10004cba                dsin_shim
 *fill*         0x10004cce        0x2 
 .text.dtrig_guts
                0x10004cd0      0x2ec CMakeFiles/picoLCD.dir/home/viktor/pico/pico-sdk/src/rp2_common/pico_double/double_v1_rom_shim.S.obj
                0x10004da8                datan2_shim
 .text.__aeabi_lmul
                0x10004fbc       0x32 CMakeFiles/picoLCD.dir/home/viktor/pico/pico-sdk/src/rp2_common/pico_int64_ops/pico_int64_ops_aeabi.S.obj
                0x10004fbc                __wrap___aeabi_lmul
 *fill*         0x10004fee        0x2 
 .text.__wrap___aeabi_farithmetic
                0x10004ff0       0x58 CMakeFiles/picoLCD.dir/home/viktor/pico/pico-sdk/src/rp2_common/pico_float/float_aeabi.S.obj
                0x10004ff0                __wrap___aeabi_frsub
                0x10004ff6                __wrap___aeabi_fsub
                0x10005000                __wrap___aeabi_fadd
                0x1000500a                __wrap___aeabi_fdiv
                0x10005036                __wrap___aeabi_fmul
 .text.__wrap___aeabi_ui2f
                0x10005048        0xa CMakeFiles/picoLCD.dir/home/viktor/pico/pico-sdk/src/rp2_common/pico_float/float_aeabi.S.obj
                0x10005048                __wrap___aeabi_ui2f
 *fill*         0x10005052        0x2 
 .text.__wrap___aeabi_i2f
                0x10005054       0x44 CMakeFiles/picoLCD.dir/home/viktor/pico/pico-sdk/src/rp2_common/pico_float/float_aeabi.S.obj
                0x10005054                __wrap___aeabi_i2f
 .text.__wrap___aeabi_f2uiz
                0x10005098       0x10 CMakeFiles/picoLCD.dir/home/viktor/pico/pico-sdk/src/rp2_common/pico_float/float_aeabi.S.obj
                0x10005098                __wrap___aeabi_f2uiz
 .text.__wrap___aeabi_f2d
                0x100050a8       0x14 CMakeFiles/picoLCD.dir/home/viktor/pico/pico-sdk/src/rp2_common/pico_float/float_aeabi.S.obj
                0x100050a8                __wrap___aeabi_f2d
 .text.__aeabi_float_init
                0x100050bc       0xfc CMakeFiles/picoLCD.dir/home/viktor/pico/pico-sdk/src/rp2_common/pico_float/float_init_rom.c.obj
                0x100050bc                __aeabi_float_init
 .text.float_table_shim_on_use_helper
                0x100051b8       0x34 CMakeFiles/picoLCD.dir/home/viktor/pico/pico-sdk/src/rp2_common/pico_float/float_v1_rom_shim.S.obj
                0x100051b8                float_table_shim_on_use_helper
 .text.float2double_shim
                0x100051ec       0x30 CMakeFiles/picoLCD.dir/home/viktor/pico/pico-sdk/src/rp2_common/pico_float/float_v1_rom_shim.S.obj
                0x100051ec                float2double_shim
 .text.__wrap_free
                0x1000521c       0x20 CMakeFiles/picoLCD.dir/home/viktor/pico/pico-sdk/src/rp2_common/pico_malloc/pico_malloc.c.obj
                0x1000521c                __wrap_free
 .text          0x1000523c       0x10 CMakeFiles/picoLCD.dir/home/viktor/pico/pico-sdk/src/rp2_common/pico_mem_ops/mem_ops_aeabi.S.obj
                0x1000523c                __aeabi_mem_init
 .text.memset   0x1000524c        0xc CMakeFiles/picoLCD.dir/home/viktor/pico/pico-sdk/src/rp2_common/pico_mem_ops/mem_ops_aeabi.S.obj
                0x1000524c                __wrap_memset
 .text.memcpy   0x10005258        0xc CMakeFiles/picoLCD.dir/home/viktor/pico/pico-sdk/src/rp2_common/pico_mem_ops/mem_ops_aeabi.S.obj
                0x10005258                __wrap___aeabi_memcpy
                0x10005258                __wrap_memcpy
 .text.stdio_out_chars_no_crlf
                0x10005264        0xe CMakeFiles/picoLCD.dir/home/viktor/pico/pico-sdk/src/rp2_common/pico_stdio/stdio.c.obj
 *fill*         0x10005272        0x2 
 .text.stdio_out_chars_crlf
                0x10005274       0x80 CMakeFiles/picoLCD.dir/home/viktor/pico/pico-sdk/src/rp2_common/pico_stdio/stdio.c.obj
 .text.stdio_stack_buffer_flush
                0x100052f4       0x44 CMakeFiles/picoLCD.dir/home/viktor/pico/pico-sdk/src/rp2_common/pico_stdio/stdio.c.obj
 .text.stdio_buffered_printer
                0x10005338       0x20 CMakeFiles/picoLCD.dir/home/viktor/pico/pico-sdk/src/rp2_common/pico_stdio/stdio.c.obj
 .text.stdout_serialize_begin
                0x10005358       0x30 CMakeFiles/picoLCD.dir/home/viktor/pico/pico-sdk/src/rp2_common/pico_stdio/stdio.c.obj
                0x10005358                stdout_serialize_begin
 .text.stdout_serialize_end
                0x10005388       0x10 CMakeFiles/picoLCD.dir/home/viktor/pico/pico-sdk/src/rp2_common/pico_stdio/stdio.c.obj
                0x10005388                stdout_serialize_end
 .text.stdio_put_string
                0x10005398       0x94 CMakeFiles/picoLCD.dir/home/viktor/pico/pico-sdk/src/rp2_common/pico_stdio/stdio.c.obj
 .text.stdio_set_driver_enabled
                0x1000542c       0x2c CMakeFiles/picoLCD.dir/home/viktor/pico/pico-sdk/src/rp2_common/pico_stdio/stdio.c.obj
                0x1000542c                stdio_set_driver_enabled
 .text.stdio_flush
                0x10005458       0x20 CMakeFiles/picoLCD.dir/home/viktor/pico/pico-sdk/src/rp2_common/pico_stdio/stdio.c.obj
                0x10005458                stdio_flush
 .text.__wrap_puts
                0x10005478       0x1e CMakeFiles/picoLCD.dir/home/viktor/pico/pico-sdk/src/rp2_common/pico_stdio/stdio.c.obj
                0x10005478                __wrap_puts
 *fill*         0x10005496        0x2 
 .text.__wrap_vprintf
                0x10005498       0x44 CMakeFiles/picoLCD.dir/home/viktor/pico/pico-sdk/src/rp2_common/pico_stdio/stdio.c.obj
                0x10005498                __wrap_vprintf
 .text.__wrap_printf
                0x100054dc       0x18 CMakeFiles/picoLCD.dir/home/viktor/pico/pico-sdk/src/rp2_common/pico_stdio/stdio.c.obj
                0x100054dc                __wrap_printf
 .text.stdio_init_all
                0x100054f4        0x8 CMakeFiles/picoLCD.dir/home/viktor/pico/pico-sdk/src/rp2_common/pico_stdio/stdio.c.obj
                0x100054f4                stdio_init_all
 .text.stdio_uart_out_chars
                0x100054fc       0x74 CMakeFiles/picoLCD.dir/home/viktor/pico/pico-sdk/src/rp2_common/pico_stdio_uart/stdio_uart.c.obj
 .text.stdio_uart_in_chars
                0x10005570       0x54 CMakeFiles/picoLCD.dir/home/viktor/pico/pico-sdk/src/rp2_common/pico_stdio_uart/stdio_uart.c.obj
                0x10005570                stdio_uart_in_chars
 .text.stdio_uart_init_full
                0x100055c4       0x3c CMakeFiles/picoLCD.dir/home/viktor/pico/pico-sdk/src/rp2_common/pico_stdio_uart/stdio_uart.c.obj
                0x100055c4                stdio_uart_init_full
 .text.stdio_uart_init
                0x10005600       0x28 CMakeFiles/picoLCD.dir/home/viktor/pico/pico-sdk/src/rp2_common/pico_stdio_uart/stdio_uart.c.obj
                0x10005600                stdio_uart_init
 .text._pio_can_add_program_at_offset
                0x10005628       0x3c CMakeFiles/picoLCD.dir/home/viktor/pico/pico-sdk/src/rp2_common/hardware_pio/pio.c.obj
 .text._pio_find_offset_for_program
                0x10005664       0x7c CMakeFiles/picoLCD.dir/home/viktor/pico/pico-sdk/src/rp2_common/hardware_pio/pio.c.obj
 .text._pio_add_program_at_offset
                0x100056e0       0x78 CMakeFiles/picoLCD.dir/home/viktor/pico/pico-sdk/src/rp2_common/hardware_pio/pio.c.obj
 .text.pio_add_program
                0x10005758       0x38 CMakeFiles/picoLCD.dir/home/viktor/pico/pico-sdk/src/rp2_common/hardware_pio/pio.c.obj
                0x10005758                pio_add_program
 .text.pio_sm_set_consecutive_pindirs
                0x10005790       0x70 CMakeFiles/picoLCD.dir/home/viktor/pico/pico-sdk/src/rp2_common/hardware_pio/pio.c.obj
                0x10005790                pio_sm_set_consecutive_pindirs
 .text.pio_sm_init
                0x10005800       0xa8 CMakeFiles/picoLCD.dir/home/viktor/pico/pico-sdk/src/rp2_common/hardware_pio/pio.c.obj
                0x10005800                pio_sm_init
 .text          0x100058a8       0x80 /usr/lib/gcc/arm-none-eabi/8.3.1/../../../arm-none-eabi/lib/thumb/v6-m/nofp/libg.a(lib_a-asprintf.o)
                0x100058a8                _asprintf_r
                0x100058e4                asprintf
 .text          0x10005928       0x5c /usr/lib/gcc/arm-none-eabi/8.3.1/../../../arm-none-eabi/lib/thumb/v6-m/nofp/libg.a(lib_a-callocr.o)
                0x10005928                _calloc_r
 .text          0x10005984       0x38 /usr/lib/gcc/arm-none-eabi/8.3.1/../../../arm-none-eabi/lib/thumb/v6-m/nofp/libg.a(lib_a-itoa.o)
                0x10005984                __itoa
                0x100059b4                itoa
 .text          0x100059bc       0x28 /usr/lib/gcc/arm-none-eabi/8.3.1/../../../arm-none-eabi/lib/thumb/v6-m/nofp/libg.a(lib_a-malloc.o)
                0x100059bc                malloc
                0x100059d0                free
 .text          0x100059e4      0x58c /usr/lib/gcc/arm-none-eabi/8.3.1/../../../arm-none-eabi/lib/thumb/v6-m/nofp/libg.a(lib_a-mallocr.o)
                0x100059e4                _malloc_r
 .text          0x10005f70        0x8 /usr/lib/gcc/arm-none-eabi/8.3.1/../../../arm-none-eabi/lib/thumb/v6-m/nofp/libg.a(lib_a-mlock.o)
                0x10005f70                __malloc_lock
                0x10005f74                __malloc_unlock
 .text          0x10005f78      0x35c /usr/lib/gcc/arm-none-eabi/8.3.1/../../../arm-none-eabi/lib/thumb/v6-m/nofp/libg.a(lib_a-reallocr.o)
                0x10005f78                _realloc_r
 .text          0x100062d4       0x24 /usr/lib/gcc/arm-none-eabi/8.3.1/../../../arm-none-eabi/lib/thumb/v6-m/nofp/libg.a(lib_a-sbrkr.o)
                0x100062d4                _sbrk_r
 .text          0x100062f8       0x50 /usr/lib/gcc/arm-none-eabi/8.3.1/../../../arm-none-eabi/lib/thumb/v6-m/nofp/libg.a(lib_a-strcat.o)
                0x100062f8                strcat
 .text          0x10006348       0x10 /usr/lib/gcc/arm-none-eabi/8.3.1/../../../arm-none-eabi/lib/thumb/v6-m/nofp/libg.a(lib_a-strcpy.o)
                0x10006348                strcpy
 .text          0x10006358       0x68 /usr/lib/gcc/arm-none-eabi/8.3.1/../../../arm-none-eabi/lib/thumb/v6-m/nofp/libg.a(lib_a-strlen-stub.o)
                0x10006358                strlen
 .text          0x100063c0       0x68 /usr/lib/gcc/arm-none-eabi/8.3.1/../../../arm-none-eabi/lib/thumb/v6-m/nofp/libg.a(lib_a-strncat.o)
                0x100063c0                strncat
 .text          0x10006428      0x184 /usr/lib/gcc/arm-none-eabi/8.3.1/../../../arm-none-eabi/lib/thumb/v6-m/nofp/libg.a(lib_a-strtol.o)
                0x10006574                _strtol_r
                0x1000657c                strtol_l
                0x10006594                strtol
 .text          0x100065ac     0x1568 /usr/lib/gcc/arm-none-eabi/8.3.1/../../../arm-none-eabi/lib/thumb/v6-m/nofp/libg.a(lib_a-svfprintf.o)
                0x100065ac                _svfprintf_r
 .text          0x10007b14       0x88 /usr/lib/gcc/arm-none-eabi/8.3.1/../../../arm-none-eabi/lib/thumb/v6-m/nofp/libg.a(lib_a-utoa.o)
                0x10007b14                __utoa
                0x10007b94                utoa
 .text          0x10007b9c     0x1128 /usr/lib/gcc/arm-none-eabi/8.3.1/../../../arm-none-eabi/lib/thumb/v6-m/nofp/libg.a(lib_a-dtoa.o)
                0x10007cf0                _dtoa_r
 .text          0x10008cc4        0xc /usr/lib/gcc/arm-none-eabi/8.3.1/../../../arm-none-eabi/lib/thumb/v6-m/nofp/libg.a(lib_a-errno.o)
                0x10008cc4                __errno
 .text          0x10008cd0      0x27c /usr/lib/gcc/arm-none-eabi/8.3.1/../../../arm-none-eabi/lib/thumb/v6-m/nofp/libg.a(lib_a-freer.o)
                0x10008cd0                _malloc_trim_r
                0x10008d70                _free_r
 .text          0x10008f4c       0x14 /usr/lib/gcc/arm-none-eabi/8.3.1/../../../arm-none-eabi/lib/thumb/v6-m/nofp/libg.a(lib_a-localeconv.o)
                0x10008f4c                __localeconv_l
                0x10008f50                _localeconv_r
                0x10008f58                localeconv
 .text          0x10008f60       0x80 /usr/lib/gcc/arm-none-eabi/8.3.1/../../../arm-none-eabi/lib/thumb/v6-m/nofp/libg.a(lib_a-memchr-stub.o)
                0x10008f60                memchr
 .text          0x10008fe0       0xbc /usr/lib/gcc/arm-none-eabi/8.3.1/../../../arm-none-eabi/lib/thumb/v6-m/nofp/libg.a(lib_a-memmove.o)
                0x10008fe0                memmove
 .text          0x1000909c      0xa38 /usr/lib/gcc/arm-none-eabi/8.3.1/../../../arm-none-eabi/lib/thumb/v6-m/nofp/libg.a(lib_a-mprec.o)
                0x1000909c                _Balloc
                0x100090ec                _Bfree
                0x10009100                __multadd
                0x100091b0                __s2b
                0x1000925c                __hi0bits
                0x10009294                __lo0bits
                0x100092f0                __i2b
                0x1000931c                __multiply
                0x100094a8                __pow5mult
                0x1000955c                __lshift
                0x10009640                __mcmp
                0x10009674                __mdiff
                0x100097bc                __ulp
                0x10009804                __b2d
                0x100098bc                __d2b
                0x10009994                __ratio
                0x10009a08                _mprec_log10
                0x10009a3c                __copybits
                0x10009a7c                __any_on
 .text          0x10009ad4      0xb7c /usr/lib/gcc/arm-none-eabi/8.3.1/../../../arm-none-eabi/lib/thumb/v6-m/nofp/libg.a(lib_a-svfiprintf.o)
                0x10009ad4                __ssprint_r
                0x10009be8                _svfiprintf_r
 .text          0x1000a650       0x44 /usr/lib/gcc/arm-none-eabi/8.3.1/../../../arm-none-eabi/lib/thumb/v6-m/nofp/libg.a(lib_a-mbtowc_r.o)
                0x1000a650                _mbtowc_r
                0x1000a668                __ascii_mbtowc
 .text          0x1000a694       0x2c /usr/lib/gcc/arm-none-eabi/8.3.1/../../../arm-none-eabi/lib/thumb/v6-m/nofp/libg.a(lib_a-wctomb_r.o)
                0x1000a694                _wctomb_r
                0x1000a6a4                __ascii_wctomb
 *(.fini)
 .fini          0x1000a6c0        0x4 /usr/lib/gcc/arm-none-eabi/8.3.1/thumb/v6-m/nofp/crti.o
                0x1000a6c0                _fini
 *fill*         0x1000a6c4        0x4 
 .fini.__stub   0x1000a6c8       0x60 linker stubs
 *crtbegin.o(.ctors)
 *crtbegin?.o(.ctors)
 *(EXCLUDE_FILE(*crtend.o *crtend?.o) .ctors)
 *(SORT_BY_NAME(.ctors.*))
 *(.ctors)
 *crtbegin.o(.dtors)
 *crtbegin?.o(.dtors)
 *(EXCLUDE_FILE(*crtend.o *crtend?.o) .dtors)
 *(SORT_BY_NAME(.dtors.*))
 *(.dtors)
 *(.eh_frame*)
 .eh_frame      0x1000a728        0x0 /usr/lib/gcc/arm-none-eabi/8.3.1/thumb/v6-m/nofp/crtbegin.o
                0x1000a728                . = ALIGN (0x4)

.glue_7         0x1000a728        0x0
 .glue_7        0x1000a728        0x0 linker stubs

.glue_7t        0x1000a728        0x0
 .glue_7t       0x1000a728        0x0 linker stubs

.vfp11_veneer   0x1000a728        0x0
 .vfp11_veneer  0x1000a728        0x0 linker stubs

.v4_bx          0x1000a728        0x0
 .v4_bx         0x1000a728        0x0 linker stubs

.iplt           0x1000a728        0x0
 .iplt          0x1000a728        0x0 /usr/lib/gcc/arm-none-eabi/8.3.1/thumb/v6-m/nofp/crtbegin.o

.rodata         0x1000a728     0x1730
 *(EXCLUDE_FILE(*libm.a: *libc.a:*lib_a-mem*.o *libgcc.a:) .rodata*)
 .rodata        0x1000a728       0x14 CMakeFiles/picoLCD.dir/main.c.obj
 .rodata.float2LCD.8116.str1.4
                0x1000a73c        0x6 CMakeFiles/picoLCD.dir/main.c.obj
 *fill*         0x1000a742        0x2 
 .rodata.int2LCD.8110.str1.4
                0x1000a744        0x4 CMakeFiles/picoLCD.dir/main.c.obj
 .rodata.main.str1.4
                0x1000a748       0x33 CMakeFiles/picoLCD.dir/main.c.obj
 *fill*         0x1000a77b        0x1 
 .rodata.pio_irq_handler.str1.4
                0x1000a77c        0x8 CMakeFiles/picoLCD.dir/main.c.obj
 .rodata.pio_rotary_encoder_program
                0x1000a784        0x6 CMakeFiles/picoLCD.dir/main.c.obj
 *fill*         0x1000a78a        0x2 
 .rodata.pio_rotary_encoder_program_instructions
                0x1000a78c       0x30 CMakeFiles/picoLCD.dir/main.c.obj
 .rodata.quadrature_encoder_program
                0x1000a7bc        0x6 CMakeFiles/picoLCD.dir/main.c.obj
 *fill*         0x1000a7c2        0x2 
 .rodata.quadrature_encoder_program_instructions
                0x1000a7c4       0x3a CMakeFiles/picoLCD.dir/main.c.obj
 *fill*         0x1000a7fe        0x2 
 .rodata.repeating_timer_callback.8128.str1.4
                0x1000a800       0x32 CMakeFiles/picoLCD.dir/main.c.obj
 *fill*         0x1000a832        0x2 
 .rodata.LCDwriteMessage
                0x1000a834       0x18 CMakeFiles/picoLCD.dir/LCDops.c.obj
 .rodata.LCDclear.str1.4
                0x1000a84c       0x21 CMakeFiles/picoLCD.dir/LCDops.c.obj
 *fill*         0x1000a86d        0x3 
 .rodata.LCDinit.str1.4
                0x1000a870       0x2d CMakeFiles/picoLCD.dir/LCDops.c.obj
 *fill*         0x1000a89d        0x3 
 .rodata.LCDwriteMessage.str1.4
                0x1000a8a0        0x3 CMakeFiles/picoLCD.dir/LCDops.c.obj
                                  0xb (size before relaxing)
 *fill*         0x1000a8a3        0x1 
 .rodata.__func__.4827
                0x1000a8a4       0x1a CMakeFiles/picoLCD.dir/home/viktor/pico/pico-sdk/src/rp2_common/hardware_irq/irq.c.obj
 *fill*         0x1000a8be        0x2 
 .rodata.__func__.4841
                0x1000a8c0        0xc CMakeFiles/picoLCD.dir/home/viktor/pico/pico-sdk/src/rp2_common/hardware_irq/irq.c.obj
 .rodata.__func__.4849
                0x1000a8cc       0x17 CMakeFiles/picoLCD.dir/home/viktor/pico/pico-sdk/src/rp2_common/hardware_irq/irq.c.obj
 *fill*         0x1000a8e3        0x1 
 .rodata.__func__.4853
                0x1000a8e4        0xf CMakeFiles/picoLCD.dir/home/viktor/pico/pico-sdk/src/rp2_common/hardware_irq/irq.c.obj
 *fill*         0x1000a8f3        0x1 
 .rodata.__func__.4892
                0x1000a8f4       0x13 CMakeFiles/picoLCD.dir/home/viktor/pico/pico-sdk/src/rp2_common/hardware_irq/irq.c.obj
 *fill*         0x1000a907        0x1 
 .rodata.__func__.4914
                0x1000a908       0x1a CMakeFiles/picoLCD.dir/home/viktor/pico/pico-sdk/src/rp2_common/hardware_irq/irq.c.obj
 *fill*         0x1000a922        0x2 
 .rodata.insert_branch_and_link.str1.4
                0x1000a924       0x10 CMakeFiles/picoLCD.dir/home/viktor/pico/pico-sdk/src/rp2_common/hardware_irq/irq.c.obj
 .rodata.irq_add_shared_handler.str1.4
                0x1000a934       0xd9 CMakeFiles/picoLCD.dir/home/viktor/pico/pico-sdk/src/rp2_common/hardware_irq/irq.c.obj
 *fill*         0x1000aa0d        0x3 
 .rodata.irq_add_tail_to_free_list.str1.4
                0x1000aa10       0x3a CMakeFiles/picoLCD.dir/home/viktor/pico/pico-sdk/src/rp2_common/hardware_irq/irq.c.obj
 *fill*         0x1000aa4a        0x2 
 .rodata.irq_remove_handler.str1.4
                0x1000aa4c       0x2a CMakeFiles/picoLCD.dir/home/viktor/pico/pico-sdk/src/rp2_common/hardware_irq/irq.c.obj
 *fill*         0x1000aa76        0x2 
 .rodata.irq_set_exclusive_handler.str1.4
                0x1000aa78       0x36 CMakeFiles/picoLCD.dir/home/viktor/pico/pico-sdk/src/rp2_common/hardware_irq/irq.c.obj
 *fill*         0x1000aaae        0x2 
 .rodata.make_branch.str1.4
                0x1000aab0       0x6d CMakeFiles/picoLCD.dir/home/viktor/pico/pico-sdk/src/rp2_common/hardware_irq/irq.c.obj
 *fill*         0x1000ab1d        0x3 
 .rodata.__func__.5751
                0x1000ab20       0x15 CMakeFiles/picoLCD.dir/home/viktor/pico/pico-sdk/src/common/pico_time/time.c.obj
 *fill*         0x1000ab35        0x3 
 .rodata.__func__.6069
                0x1000ab38        0xc CMakeFiles/picoLCD.dir/home/viktor/pico/pico-sdk/src/common/pico_time/time.c.obj
 .rodata.__func__.6076
                0x1000ab44       0x12 CMakeFiles/picoLCD.dir/home/viktor/pico/pico-sdk/src/common/pico_time/time.c.obj
 *fill*         0x1000ab56        0x2 
 .rodata.__func__.6092
                0x1000ab58        0xf CMakeFiles/picoLCD.dir/home/viktor/pico/pico-sdk/src/common/pico_time/time.c.obj
 *fill*         0x1000ab67        0x1 
 .rodata.__func__.6114
                0x1000ab68        0xd CMakeFiles/picoLCD.dir/home/viktor/pico/pico-sdk/src/common/pico_time/time.c.obj
 *fill*         0x1000ab75        0x3 
 .rodata.__func__.6337
                0x1000ab78        0xa CMakeFiles/picoLCD.dir/home/viktor/pico/pico-sdk/src/common/pico_time/time.c.obj
 *fill*         0x1000ab82        0x2 
 .rodata.__func__.6342
                0x1000ab84       0x12 CMakeFiles/picoLCD.dir/home/viktor/pico/pico-sdk/src/common/pico_time/time.c.obj
 *fill*         0x1000ab96        0x2 
 .rodata.__func__.6357
                0x1000ab98       0x17 CMakeFiles/picoLCD.dir/home/viktor/pico/pico-sdk/src/common/pico_time/time.c.obj
 *fill*         0x1000abaf        0x1 
 .rodata.__func__.6368
                0x1000abb0       0x15 CMakeFiles/picoLCD.dir/home/viktor/pico/pico-sdk/src/common/pico_time/time.c.obj
 *fill*         0x1000abc5        0x3 
 .rodata.__func__.6385
                0x1000abc8       0x1a CMakeFiles/picoLCD.dir/home/viktor/pico/pico-sdk/src/common/pico_time/time.c.obj
 *fill*         0x1000abe2        0x2 
 .rodata.__func__.6439
                0x1000abe4       0x19 CMakeFiles/picoLCD.dir/home/viktor/pico/pico-sdk/src/common/pico_time/time.c.obj
 *fill*         0x1000abfd        0x3 
 .rodata.add_alarm_under_lock.str1.4
                0x1000ac00       0x28 CMakeFiles/picoLCD.dir/home/viktor/pico/pico-sdk/src/common/pico_time/time.c.obj
                                 0x2b (size before relaxing)
 .rodata.alarm_pool_alarm_callback.str1.4
                0x1000ac28       0xe6 CMakeFiles/picoLCD.dir/home/viktor/pico/pico-sdk/src/common/pico_time/time.c.obj
 *fill*         0x1000ad0e        0x2 
 .rodata.alarm_pool_dump_key.str1.4
                0x1000ad10       0x33 CMakeFiles/picoLCD.dir/home/viktor/pico/pico-sdk/src/common/pico_time/time.c.obj
 *fill*         0x1000ad43        0x1 
 .rodata.alarm_pool_get_default.str1.4
                0x1000ad44       0x21 CMakeFiles/picoLCD.dir/home/viktor/pico/pico-sdk/src/common/pico_time/time.c.obj
 *fill*         0x1000ad65        0x3 
 .rodata.ph_add_child_node.str1.4
                0x1000ad68       0x96 CMakeFiles/picoLCD.dir/home/viktor/pico/pico-sdk/src/common/pico_time/time.c.obj
 *fill*         0x1000adfe        0x2 
 .rodata.repeating_timer_callback.str1.4
                0x1000ae00       0x4b CMakeFiles/picoLCD.dir/home/viktor/pico/pico-sdk/src/common/pico_time/time.c.obj
 *fill*         0x1000ae4b        0x1 
 .rodata.sleep_until.str1.4
                0x1000ae4c       0x4d CMakeFiles/picoLCD.dir/home/viktor/pico/pico-sdk/src/common/pico_time/time.c.obj
 *fill*         0x1000ae99        0x3 
 .rodata.__func__.4625
                0x1000ae9c       0x1a CMakeFiles/picoLCD.dir/home/viktor/pico/pico-sdk/src/rp2_common/hardware_timer/timer.c.obj
 *fill*         0x1000aeb6        0x2 
 .rodata.hardware_alarm_claim.str1.4
                0x1000aeb8       0x22 CMakeFiles/picoLCD.dir/home/viktor/pico/pico-sdk/src/rp2_common/hardware_timer/timer.c.obj
 *fill*         0x1000aeda        0x2 
 .rodata.hardware_alarm_set_target.str1.4
                0x1000aedc       0x65 CMakeFiles/picoLCD.dir/home/viktor/pico/pico-sdk/src/rp2_common/hardware_timer/timer.c.obj
 *fill*         0x1000af41        0x3 
 .rodata.__func__.5767
                0x1000af44        0xc CMakeFiles/picoLCD.dir/home/viktor/pico/pico-sdk/src/common/pico_util/pheap.c.obj
 .rodata.__func__.5774
                0x1000af50       0x12 CMakeFiles/picoLCD.dir/home/viktor/pico/pico-sdk/src/common/pico_util/pheap.c.obj
 *fill*         0x1000af62        0x2 
 .rodata.__func__.5860
                0x1000af64       0x13 CMakeFiles/picoLCD.dir/home/viktor/pico/pico-sdk/src/common/pico_util/pheap.c.obj
 *fill*         0x1000af77        0x1 
 .rodata.__func__.5878
                0x1000af78       0x18 CMakeFiles/picoLCD.dir/home/viktor/pico/pico-sdk/src/common/pico_util/pheap.c.obj
 .rodata.ph_add_child_node.str1.4
                0x1000af90       0x96 CMakeFiles/picoLCD.dir/home/viktor/pico/pico-sdk/src/common/pico_util/pheap.c.obj
 .rodata.ph_remove_and_free_node.str1.4
                0x1000af90       0x1e CMakeFiles/picoLCD.dir/home/viktor/pico/pico-sdk/src/common/pico_util/pheap.c.obj
                                 0x26 (size before relaxing)
 *fill*         0x1000afae        0x2 
 .rodata.ph_remove_any_head.str1.4
                0x1000afb0       0x8c CMakeFiles/picoLCD.dir/home/viktor/pico/pico-sdk/src/common/pico_util/pheap.c.obj
 .rodata.__func__.4759
                0x1000b03c        0xb CMakeFiles/picoLCD.dir/home/viktor/pico/pico-sdk/src/common/pico_sync/mutex.c.obj
 *fill*         0x1000b047        0x1 
 .rodata.str1.4
                0x1000b048       0x89 CMakeFiles/picoLCD.dir/home/viktor/pico/pico-sdk/src/common/pico_sync/mutex.c.obj
                                 0xed (size before relaxing)
 *fill*         0x1000b0d1        0x3 
 .rodata.__assert_func.str1.4
                0x1000b0d4       0x3f CMakeFiles/picoLCD.dir/home/viktor/pico/pico-sdk/src/rp2_common/pico_runtime/runtime.c.obj
                                 0x43 (size before relaxing)
 *fill*         0x1000b113        0x1 
 .rodata.__func__.5885
                0x1000b114        0xd CMakeFiles/picoLCD.dir/home/viktor/pico/pico-sdk/src/rp2_common/pico_runtime/runtime.c.obj
 *fill*         0x1000b121        0x3 
 .rodata.panic.str1.4
                0x1000b124       0x10 CMakeFiles/picoLCD.dir/home/viktor/pico/pico-sdk/src/rp2_common/pico_runtime/runtime.c.obj
                                 0x12 (size before relaxing)
 .rodata.runtime_init.str1.4
                0x1000b134       0x61 CMakeFiles/picoLCD.dir/home/viktor/pico/pico-sdk/src/rp2_common/pico_runtime/runtime.c.obj
 *fill*         0x1000b195        0x3 
 .rodata.__func__.4809
                0x1000b198       0x10 CMakeFiles/picoLCD.dir/home/viktor/pico/pico-sdk/src/rp2_common/hardware_clocks/clocks.c.obj
 .rodata.clock_configure.str1.4
                0x1000b1a8       0x57 CMakeFiles/picoLCD.dir/home/viktor/pico/pico-sdk/src/rp2_common/hardware_clocks/clocks.c.obj
 *fill*         0x1000b1ff        0x1 
 .rodata.__func__.4466
                0x1000b200        0x9 CMakeFiles/picoLCD.dir/home/viktor/pico/pico-sdk/src/rp2_common/hardware_pll/pll.c.obj
 *fill*         0x1000b209        0x3 
 .rodata.pll_init.str1.4
                0x1000b20c      0x13b CMakeFiles/picoLCD.dir/home/viktor/pico/pico-sdk/src/rp2_common/hardware_pll/pll.c.obj
 *fill*         0x1000b347        0x1 
 .rodata._vsnprintf
                0x1000b348      0x1e0 CMakeFiles/picoLCD.dir/home/viktor/pico/pico-sdk/src/rp2_common/pico_printf/printf.c.obj
 .rodata._ftoa.str1.4
                0x1000b528       0x15 CMakeFiles/picoLCD.dir/home/viktor/pico/pico-sdk/src/rp2_common/pico_printf/printf.c.obj
 *fill*         0x1000b53d        0x3 
 .rodata.pow10.5481
                0x1000b540       0x50 CMakeFiles/picoLCD.dir/home/viktor/pico/pico-sdk/src/rp2_common/pico_printf/printf.c.obj
 .rodata.__aeabi_double_init.str1.4
                0x1000b590       0xa8 CMakeFiles/picoLCD.dir/home/viktor/pico/pico-sdk/src/rp2_common/pico_double/double_init_rom.c.obj
 .rodata.__func__.4778
                0x1000b638       0x14 CMakeFiles/picoLCD.dir/home/viktor/pico/pico-sdk/src/rp2_common/pico_double/double_init_rom.c.obj
 .rodata.__aeabi_float_init.str1.4
                0x1000b64c       0x7a CMakeFiles/picoLCD.dir/home/viktor/pico/pico-sdk/src/rp2_common/pico_float/float_init_rom.c.obj
                                 0x7e (size before relaxing)
 *fill*         0x1000b6c6        0x2 
 .rodata.__func__.4779
                0x1000b6c8       0x13 CMakeFiles/picoLCD.dir/home/viktor/pico/pico-sdk/src/rp2_common/pico_float/float_init_rom.c.obj
 *fill*         0x1000b6db        0x1 
 .rodata.__bi_44
                0x1000b6dc        0xc CMakeFiles/picoLCD.dir/home/viktor/pico/pico-sdk/src/rp2_common/pico_standard_link/binary_info.c.obj
 .rodata.__bi_75
                0x1000b6e8        0xc CMakeFiles/picoLCD.dir/home/viktor/pico/pico-sdk/src/rp2_common/pico_standard_link/binary_info.c.obj
 .rodata.__bi_81
                0x1000b6f4        0xc CMakeFiles/picoLCD.dir/home/viktor/pico/pico-sdk/src/rp2_common/pico_standard_link/binary_info.c.obj
 .rodata.str1.4
                0x1000b700       0x3c CMakeFiles/picoLCD.dir/home/viktor/pico/pico-sdk/src/rp2_common/pico_standard_link/binary_info.c.obj
 .rodata.crlf_str.6110
                0x1000b73c        0x2 CMakeFiles/picoLCD.dir/home/viktor/pico/pico-sdk/src/rp2_common/pico_stdio/stdio.c.obj
 *fill*         0x1000b73e        0x2 
 .rodata.__bi_28.4913
                0x1000b740        0xc CMakeFiles/picoLCD.dir/home/viktor/pico/pico-sdk/src/rp2_common/pico_stdio_uart/stdio_uart.c.obj
 .rodata.__bi_29.4917
                0x1000b74c        0x8 CMakeFiles/picoLCD.dir/home/viktor/pico/pico-sdk/src/rp2_common/pico_stdio_uart/stdio_uart.c.obj
 .rodata.str1.4
                0x1000b754       0x2c CMakeFiles/picoLCD.dir/home/viktor/pico/pico-sdk/src/rp2_common/pico_stdio_uart/stdio_uart.c.obj
 .rodata.__func__.5390
                0x1000b780       0x1d CMakeFiles/picoLCD.dir/home/viktor/pico/pico-sdk/src/rp2_common/hardware_pio/pio.c.obj
 *fill*         0x1000b79d        0x3 
 .rodata._pio_add_program_at_offset.str1.4
                0x1000b7a0       0x11 CMakeFiles/picoLCD.dir/home/viktor/pico/pico-sdk/src/rp2_common/hardware_pio/pio.c.obj
 *fill*         0x1000b7b1        0x3 
 .rodata._pio_find_offset_for_program.str1.4
                0x1000b7b4       0x69 CMakeFiles/picoLCD.dir/home/viktor/pico/pico-sdk/src/rp2_common/hardware_pio/pio.c.obj
 *fill*         0x1000b81d        0x3 
 .rodata        0x1000b820      0x184 /usr/lib/gcc/arm-none-eabi/8.3.1/../../../arm-none-eabi/lib/thumb/v6-m/nofp/libg.a(lib_a-svfprintf.o)
 .rodata.str1.4
                0x1000b9a4       0x3b /usr/lib/gcc/arm-none-eabi/8.3.1/../../../arm-none-eabi/lib/thumb/v6-m/nofp/libg.a(lib_a-svfprintf.o)
                                 0x42 (size before relaxing)
 *fill*         0x1000b9df        0x1 
 .rodata.str1.4
                0x1000b9e0       0x25 /usr/lib/gcc/arm-none-eabi/8.3.1/../../../arm-none-eabi/lib/thumb/v6-m/nofp/libg.a(lib_a-utoa.o)
 *fill*         0x1000ba05        0x3 
 .rodata        0x1000ba08      0x101 /usr/lib/gcc/arm-none-eabi/8.3.1/../../../arm-none-eabi/lib/thumb/v6-m/nofp/libg.a(lib_a-ctype_.o)
                0x1000ba08                _ctype_
 *fill*         0x1000bb09        0x3 
 .rodata.str1.4
                0x1000bb0c       0x56 /usr/lib/gcc/arm-none-eabi/8.3.1/../../../arm-none-eabi/lib/thumb/v6-m/nofp/libg.a(lib_a-dtoa.o)
                                 0x5a (size before relaxing)
 *fill*         0x1000bb62        0x6 
 .rodata        0x1000bb68      0x128 /usr/lib/gcc/arm-none-eabi/8.3.1/../../../arm-none-eabi/lib/thumb/v6-m/nofp/libg.a(lib_a-mprec.o)
                0x1000bb78                __mprec_tinytens
                0x1000bba0                __mprec_bigtens
                0x1000bbc8                __mprec_tens
 .rodata.str1.4
                0x1000bc90       0x33 /usr/lib/gcc/arm-none-eabi/8.3.1/../../../arm-none-eabi/lib/thumb/v6-m/nofp/libg.a(lib_a-mprec.o)
                                 0x47 (size before relaxing)
 *fill*         0x1000bcc3        0x1 
 .rodata        0x1000bcc4      0x184 /usr/lib/gcc/arm-none-eabi/8.3.1/../../../arm-none-eabi/lib/thumb/v6-m/nofp/libg.a(lib_a-svfiprintf.o)
 .rodata.str1.4
                0x1000be48       0x2f /usr/lib/gcc/arm-none-eabi/8.3.1/../../../arm-none-eabi/lib/thumb/v6-m/nofp/libg.a(lib_a-svfiprintf.o)
 .rodata.str1.4
                0x1000be48        0xe /usr/lib/gcc/arm-none-eabi/8.3.1/../../../arm-none-eabi/lib/thumb/v6-m/nofp/libg.a(lib_a-locale.o)
                                 0x12 (size before relaxing)
                0x1000be78                . = ALIGN (0x4)
 *fill*         0x1000be56        0x2 
 *(SORT_BY_ALIGNMENT(SORT_BY_NAME(.flashdata*)))
                0x1000be58                . = ALIGN (0x4)

.rel.dyn        0x1000be58        0x0
 .rel.iplt      0x1000be58        0x0 /usr/lib/gcc/arm-none-eabi/8.3.1/thumb/v6-m/nofp/crtbegin.o

.ARM.extab
 *(.ARM.extab* .gnu.linkonce.armextab.*)
                0x1000be58                __exidx_start = .

.ARM.exidx
 *(.ARM.exidx* .gnu.linkonce.armexidx.*)
                0x1000be58                __exidx_end = .
                0x1000be58                . = ALIGN (0x4)
                0x1000be58                __binary_info_start = .

.binary_info    0x1000be58       0x24
 *(.binary_info.keep.*)
 .binary_info.keep.__bi_ptr22
                0x1000be58        0x4 CMakeFiles/picoLCD.dir/home/viktor/pico/pico-sdk/src/rp2_common/pico_standard_link/binary_info.c.obj
 .binary_info.keep.__bi_ptr30
                0x1000be5c        0x4 CMakeFiles/picoLCD.dir/home/viktor/pico/pico-sdk/src/rp2_common/pico_standard_link/binary_info.c.obj
 .binary_info.keep.__bi_ptr38
                0x1000be60        0x4 CMakeFiles/picoLCD.dir/home/viktor/pico/pico-sdk/src/rp2_common/pico_standard_link/binary_info.c.obj
 .binary_info.keep.__bi_ptr44
                0x1000be64        0x4 CMakeFiles/picoLCD.dir/home/viktor/pico/pico-sdk/src/rp2_common/pico_standard_link/binary_info.c.obj
 .binary_info.keep.__bi_ptr50
                0x1000be68        0x4 CMakeFiles/picoLCD.dir/home/viktor/pico/pico-sdk/src/rp2_common/pico_standard_link/binary_info.c.obj
 .binary_info.keep.__bi_ptr75
                0x1000be6c        0x4 CMakeFiles/picoLCD.dir/home/viktor/pico/pico-sdk/src/rp2_common/pico_standard_link/binary_info.c.obj
 .binary_info.keep.__bi_ptr81
                0x1000be70        0x4 CMakeFiles/picoLCD.dir/home/viktor/pico/pico-sdk/src/rp2_common/pico_standard_link/binary_info.c.obj
 *(.binary_info.*)
 .binary_info.__bi_ptr28
                0x1000be74        0x4 CMakeFiles/picoLCD.dir/home/viktor/pico/pico-sdk/src/rp2_common/pico_stdio_uart/stdio_uart.c.obj
 .binary_info.__bi_ptr29
                0x1000be78        0x4 CMakeFiles/picoLCD.dir/home/viktor/pico/pico-sdk/src/rp2_common/pico_stdio_uart/stdio_uart.c.obj
                0x1000be7c                __binary_info_end = .
                0x1000be7c                . = ALIGN (0x4)
                0x1000be7c                __etext = .

.ram_vector_table
                0x20000000       0xc0
 *(.ram_vector_table)
 .ram_vector_table
                0x20000000       0xc0 CMakeFiles/picoLCD.dir/home/viktor/pico/pico-sdk/src/rp2_common/pico_runtime/runtime.c.obj
                0x20000000                ram_vector_table

.data           0x200000c0      0xbb8 load address 0x1000be7c
                0x200000c0                __data_start__ = .
 *(vtable)
 *(.time_critical*)
 .time_critical.mutex_enter_blocking
                0x200000c0       0x48 CMakeFiles/picoLCD.dir/home/viktor/pico/pico-sdk/src/common/pico_sync/mutex.c.obj
                0x200000c0                mutex_enter_blocking
 .time_critical.mutex_try_enter
                0x20000108       0x48 CMakeFiles/picoLCD.dir/home/viktor/pico/pico-sdk/src/common/pico_sync/mutex.c.obj
                0x20000108                mutex_try_enter
 .time_critical.mutex_exit
                0x20000150       0x4c CMakeFiles/picoLCD.dir/home/viktor/pico/pico-sdk/src/common/pico_sync/mutex.c.obj
                0x20000150                mutex_exit
 *(.text*)
 .text          0x2000019c        0x4 /usr/lib/gcc/arm-none-eabi/8.3.1/thumb/v6-m/nofp/libgcc.a(_dvmd_tls.o)
                0x2000019c                __aeabi_ldiv0
                0x2000019c                __aeabi_idiv0
 .text          0x200001a0        0x4 /usr/lib/gcc/arm-none-eabi/8.3.1/thumb/v6-m/nofp/libgcc.a(_clear_cache.o)
                0x200001a0                __clear_cache
 *fill*         0x200001a4        0x4 
 .text.__stub   0x200001a8       0x10 linker stubs
                0x200001b8                . = ALIGN (0x4)
 *(.rodata*)
                0x200001b8                . = ALIGN (0x4)
 *(.data*)
 .data.LCDpins  0x200001b8       0x38 CMakeFiles/picoLCD.dir/main.c.obj
                0x200001b8                LCDpins
 .data.striped_spin_lock_num
                0x200001f0        0x1 CMakeFiles/picoLCD.dir/home/viktor/pico/pico-sdk/src/rp2_common/hardware_sync/sync.c.obj
 *fill*         0x200001f1        0x3 
 .data          0x200001f4       0x48 CMakeFiles/picoLCD.dir/home/viktor/pico/pico-sdk/src/rp2_common/hardware_irq/irq_handler_chain.S.obj
                0x200001f4                irq_handler_chain_slots
                0x20000224                irq_handler_chain_first_slot
                0x2000022e                irq_handler_chain_remove_tail
 .data.default_alarm_pool
                0x2000023c       0x18 CMakeFiles/picoLCD.dir/home/viktor/pico/pico-sdk/src/common/pico_time/time.c.obj
 .data.default_alarm_pool_heap
                0x20000254       0x10 CMakeFiles/picoLCD.dir/home/viktor/pico/pico-sdk/src/common/pico_time/time.c.obj
 *fill*         0x20000264        0xc 
 .data.aeabi_bits_funcs
                0x20000270       0x10 CMakeFiles/picoLCD.dir/home/viktor/pico/pico-sdk/src/rp2_common/pico_bit_ops/bit_ops_aeabi.S.obj
                0x20000270                aeabi_bits_funcs
                0x20000280                aeabi_bits_funcs_end
 .data.aeabi_mem_funcs
                0x20000280       0x10 CMakeFiles/picoLCD.dir/home/viktor/pico/pico-sdk/src/rp2_common/pico_mem_ops/mem_ops_aeabi.S.obj
                0x20000280                aeabi_mem_funcs
                0x20000290                aeabi_mem_funcs_end
 .data.stdio_uart
                0x20000290       0x14 CMakeFiles/picoLCD.dir/home/viktor/pico/pico-sdk/src/rp2_common/pico_stdio_uart/stdio_uart.c.obj
                0x20000290                stdio_uart
 *fill*         0x200002a4        0x4 
 .data          0x200002a8      0x430 /usr/lib/gcc/arm-none-eabi/8.3.1/../../../arm-none-eabi/lib/thumb/v6-m/nofp/libg.a(lib_a-impure.o)
                0x200002a8                _impure_ptr
 .data          0x200006d8      0x410 /usr/lib/gcc/arm-none-eabi/8.3.1/../../../arm-none-eabi/lib/thumb/v6-m/nofp/libg.a(lib_a-mallocr.o)
                0x200006d8                __malloc_sbrk_base
                0x200006dc                __malloc_trim_threshold
                0x200006e0                __malloc_av_
 .data          0x20000ae8      0x16c /usr/lib/gcc/arm-none-eabi/8.3.1/../../../arm-none-eabi/lib/thumb/v6-m/nofp/libg.a(lib_a-locale.o)
                0x20000ae8                __global_locale
                0x20000c54                . = ALIGN (0x4)
 *(.after_data.*)
                0x20000c54                . = ALIGN (0x4)
                0x20000c54                PROVIDE (__mutex_array_start = .)
 *(SORT_BY_NAME(.mutex_array.*))
 *(.mutex_array)
 .mutex_array   0x20000c54        0x8 CMakeFiles/picoLCD.dir/home/viktor/pico/pico-sdk/src/rp2_common/pico_malloc/pico_malloc.c.obj
 .mutex_array   0x20000c5c        0x8 CMakeFiles/picoLCD.dir/home/viktor/pico/pico-sdk/src/rp2_common/pico_stdio/stdio.c.obj
                0x20000c64                PROVIDE (__mutex_array_end = .)
                0x20000c64                . = ALIGN (0x4)
                0x20000c64                PROVIDE (__preinit_array_start = .)
 *(SORT_BY_NAME(.preinit_array.*))
 .preinit_array.00001
                0x20000c64        0x4 CMakeFiles/picoLCD.dir/home/viktor/pico/pico-sdk/src/rp2_common/pico_mem_ops/mem_ops_aeabi.S.obj
 .preinit_array.00010
                0x20000c68        0x4 CMakeFiles/picoLCD.dir/home/viktor/pico/pico-sdk/src/rp2_common/pico_bit_ops/bit_ops_aeabi.S.obj
 .preinit_array.00020
                0x20000c6c        0x4 CMakeFiles/picoLCD.dir/home/viktor/pico/pico-sdk/src/rp2_common/pico_double/double_aeabi.S.obj
 .preinit_array.00020
                0x20000c70        0x4 CMakeFiles/picoLCD.dir/home/viktor/pico/pico-sdk/src/rp2_common/pico_float/float_aeabi.S.obj
 *(.preinit_array)
                0x20000c74                PROVIDE (__preinit_array_end = .)
                0x20000c74                . = ALIGN (0x4)
                0x20000c74                PROVIDE (__init_array_start = .)
 *(SORT_BY_NAME(.init_array.*))
 *(.init_array)
 .init_array    0x20000c74        0x4 /usr/lib/gcc/arm-none-eabi/8.3.1/thumb/v6-m/nofp/crtbegin.o
                0x20000c78                PROVIDE (__init_array_end = .)
                0x20000c78                . = ALIGN (0x4)
                0x20000c78                PROVIDE (__fini_array_start = .)
 *(SORT_BY_NAME(.fini_array.*))
 *(.fini_array)
                0x20000c78                PROVIDE (__fini_array_end = .)
 *(.jcr)
                0x20000c78                . = ALIGN (0x4)
                0x20000c78                __data_end__ = .

.tm_clone_table
                0x20000c78        0x0 load address 0x1000ca34
 .tm_clone_table
                0x20000c78        0x0 /usr/lib/gcc/arm-none-eabi/8.3.1/thumb/v6-m/nofp/crtbegin.o
 .tm_clone_table
                0x20000c78        0x0 /usr/lib/gcc/arm-none-eabi/8.3.1/thumb/v6-m/nofp/crtend.o

.igot.plt       0x20000c78        0x0 load address 0x1000ca34
 .igot.plt      0x20000c78        0x0 /usr/lib/gcc/arm-none-eabi/8.3.1/thumb/v6-m/nofp/crtbegin.o

.uninitialized_data
                0x20000c78        0x0 load address 0x1000ca34
                0x20000c78                . = ALIGN (0x4)
 *(.uninitialized_data*)

.scratch_x      0x20040000        0x0 load address 0x1000ca34
                0x20040000                __scratch_x_start__ = .
 *(.scratch_x.*)
                0x20040000                . = ALIGN (0x4)
                0x20040000                __scratch_x_end__ = .
                0x1000ca34                __scratch_x_source__ = LOADADDR (.scratch_x)

.scratch_y      0x20041000        0x0 load address 0x1000ca34
                0x20041000                __scratch_y_start__ = .
 *(.scratch_y.*)
                0x20041000                . = ALIGN (0x4)
                0x20041000                __scratch_y_end__ = .
                0x1000ca34                __scratch_y_source__ = LOADADDR (.scratch_y)

.bss            0x20000c78      0x420
                0x20000c78                . = ALIGN (0x4)
                0x20000c78                __bss_start__ = .
 *(SORT_BY_ALIGNMENT(SORT_BY_NAME(.bss*)))
 .bss.default_alarm_pool_entries
                0x20000c78      0x100 CMakeFiles/picoLCD.dir/home/viktor/pico/pico-sdk/src/common/pico_time/time.c.obj
 .bss           0x20000d78       0x1c /usr/lib/gcc/arm-none-eabi/8.3.1/thumb/v6-m/nofp/crtbegin.o
 .bss           0x20000d94       0x34 /usr/lib/gcc/arm-none-eabi/8.3.1/../../../arm-none-eabi/lib/thumb/v6-m/nofp/libg.a(lib_a-mallocr.o)
                0x20000d94                __malloc_top_pad
                0x20000d98                __malloc_current_mallinfo
                0x20000dc0                __malloc_max_sbrked_mem
                0x20000dc4                __malloc_max_total_mem
 .bss.LCDdisplay
                0x20000dc8        0x4 CMakeFiles/picoLCD.dir/LCDops.c.obj
                0x20000dc8                LCDdisplay
 .bss._used_instruction_space
                0x20000dcc        0x8 CMakeFiles/picoLCD.dir/home/viktor/pico/pico-sdk/src/rp2_common/hardware_pio/pio.c.obj
 .bss.alarm_callbacks
                0x20000dd4       0x10 CMakeFiles/picoLCD.dir/home/viktor/pico/pico-sdk/src/rp2_common/hardware_timer/timer.c.obj
 .bss.configured_freq
                0x20000de4       0x28 CMakeFiles/picoLCD.dir/home/viktor/pico/pico-sdk/src/rp2_common/hardware_clocks/clocks.c.obj
 .bss.default_alarm_pool_entry_ids_high
                0x20000e0c       0x10 CMakeFiles/picoLCD.dir/home/viktor/pico/pico-sdk/src/common/pico_time/time.c.obj
 .bss.default_alarm_pool_heap_nodes
                0x20000e1c       0x30 CMakeFiles/picoLCD.dir/home/viktor/pico/pico-sdk/src/common/pico_time/time.c.obj
 .bss.drivers   0x20000e4c        0x4 CMakeFiles/picoLCD.dir/home/viktor/pico/pico-sdk/src/rp2_common/pico_stdio/stdio.c.obj
 .bss.filter    0x20000e50        0x4 CMakeFiles/picoLCD.dir/home/viktor/pico/pico-sdk/src/rp2_common/pico_stdio/stdio.c.obj
 .bss.heap_end.5914
                0x20000e54        0x4 CMakeFiles/picoLCD.dir/home/viktor/pico/pico-sdk/src/rp2_common/pico_runtime/runtime.c.obj
 .bss.pools     0x20000e58       0x10 CMakeFiles/picoLCD.dir/home/viktor/pico/pico-sdk/src/common/pico_time/time.c.obj
 .bss.rot_enc_1
                0x20000e68        0x4 CMakeFiles/picoLCD.dir/main.c.obj
                0x20000e68                rot_enc_1
 .bss.sf_clz_func
                0x20000e6c        0x4 CMakeFiles/picoLCD.dir/home/viktor/pico/pico-sdk/src/rp2_common/pico_double/double_init_rom.c.obj
                0x20000e6c                sf_clz_func
 .bss.sleep_notifier
                0x20000e70        0x4 CMakeFiles/picoLCD.dir/home/viktor/pico/pico-sdk/src/common/pico_time/time.c.obj
 .bss.target_hi
                0x20000e74       0x10 CMakeFiles/picoLCD.dir/home/viktor/pico/pico-sdk/src/rp2_common/hardware_timer/timer.c.obj
 .bss.uart_instance
                0x20000e84        0x4 CMakeFiles/picoLCD.dir/home/viktor/pico/pico-sdk/src/rp2_common/pico_stdio_uart/stdio_uart.c.obj
 .bss.claimed   0x20000e88        0x1 CMakeFiles/picoLCD.dir/home/viktor/pico/pico-sdk/src/rp2_common/hardware_timer/timer.c.obj
 .bss.irq_hander_chain_free_slot_head
                0x20000e89        0x1 CMakeFiles/picoLCD.dir/home/viktor/pico/pico-sdk/src/rp2_common/hardware_irq/irq.c.obj
 .bss.timer_callbacks_pending
                0x20000e8a        0x1 CMakeFiles/picoLCD.dir/home/viktor/pico/pico-sdk/src/rp2_common/hardware_timer/timer.c.obj
 *(COMMON)
 *fill*         0x20000e8b        0x1 
 COMMON         0x20000e8c        0x4 CMakeFiles/picoLCD.dir/main.c.obj
                0x20000e8c                rot_enc_0
 COMMON         0x20000e90        0x4 CMakeFiles/picoLCD.dir/home/viktor/pico/pico-sdk/src/rp2_common/hardware_uart/uart.c.obj
                0x20000e90                uart_char_to_line_feed
 COMMON         0x20000e94      0x100 CMakeFiles/picoLCD.dir/home/viktor/pico/pico-sdk/src/rp2_common/pico_double/double_init_rom.c.obj
                0x20000e94                sd_table
 COMMON         0x20000f94      0x100 CMakeFiles/picoLCD.dir/home/viktor/pico/pico-sdk/src/rp2_common/pico_float/float_init_rom.c.obj
                0x20000f94                sf_table
 COMMON         0x20001094        0x4 /usr/lib/gcc/arm-none-eabi/8.3.1/../../../arm-none-eabi/lib/thumb/v6-m/nofp/libg.a(lib_a-reent.o)
                0x20001094                errno
                0x20001098                . = ALIGN (0x4)
                0x20001098                __bss_end__ = .

.heap           0x20001098      0x800
                0x20001098                __end__ = .
                0x20001098                end = __end__
 *(.heap*)
 .heap          0x20001098      0x800 CMakeFiles/picoLCD.dir/home/viktor/pico/pico-sdk/src/rp2_common/pico_standard_link/crt0.S.obj
                0x20001898                __HeapLimit = .

.stack1_dummy   0x20040000        0x0
 *(.stack1*)

.stack_dummy    0x20041000      0x800
 *(.stack*)
 .stack         0x20041000      0x800 CMakeFiles/picoLCD.dir/home/viktor/pico/pico-sdk/src/rp2_common/pico_standard_link/crt0.S.obj

.flash_end      0x1000ca34        0x0
                0x1000ca34                __flash_binary_end = .
                0x20040000                __StackLimit = (ORIGIN (RAM) + LENGTH (RAM))
                0x20041000                __StackOneTop = (ORIGIN (SCRATCH_X) + LENGTH (SCRATCH_X))
                0x20042000                __StackTop = (ORIGIN (SCRATCH_Y) + LENGTH (SCRATCH_Y))
                0x20041000                __StackOneBottom = (__StackOneTop - SIZEOF (.stack1_dummy))
                0x20041800                __StackBottom = (__StackTop - SIZEOF (.stack_dummy))
                0x20042000                PROVIDE (__stack = __StackTop)
                0x00000001                ASSERT ((__StackLimit >= __HeapLimit), region RAM overflowed)
                0x00000001                ASSERT (((__binary_info_header_end - __logical_binary_start) <= 0x100), Binary info must be in first 256 bytes of the binary)
LOAD CMakeFiles/picoLCD.dir/main.c.obj
LOAD CMakeFiles/picoLCD.dir/LCDops.c.obj
LOAD CMakeFiles/picoLCD.dir/generalOps.c.obj
LOAD CMakeFiles/picoLCD.dir/presetChars.c.obj
LOAD CMakeFiles/picoLCD.dir/presetMessages.c.obj
LOAD CMakeFiles/picoLCD.dir/home/viktor/pico/pico-sdk/src/rp2_common/pico_stdlib/stdlib.c.obj
LOAD CMakeFiles/picoLCD.dir/home/viktor/pico/pico-sdk/src/rp2_common/hardware_gpio/gpio.c.obj
LOAD CMakeFiles/picoLCD.dir/home/viktor/pico/pico-sdk/src/rp2_common/hardware_claim/claim.c.obj
LOAD CMakeFiles/picoLCD.dir/home/viktor/pico/pico-sdk/src/rp2_common/pico_platform/platform.c.obj
LOAD CMakeFiles/picoLCD.dir/home/viktor/pico/pico-sdk/src/rp2_common/hardware_sync/sync.c.obj
LOAD CMakeFiles/picoLCD.dir/home/viktor/pico/pico-sdk/src/rp2_common/hardware_irq/irq.c.obj
LOAD CMakeFiles/picoLCD.dir/home/viktor/pico/pico-sdk/src/rp2_common/hardware_irq/irq_handler_chain.S.obj
LOAD CMakeFiles/picoLCD.dir/home/viktor/pico/pico-sdk/src/common/pico_sync/sem.c.obj
LOAD CMakeFiles/picoLCD.dir/home/viktor/pico/pico-sdk/src/common/pico_sync/lock_core.c.obj
LOAD CMakeFiles/picoLCD.dir/home/viktor/pico/pico-sdk/src/common/pico_time/time.c.obj
LOAD CMakeFiles/picoLCD.dir/home/viktor/pico/pico-sdk/src/common/pico_time/timeout_helper.c.obj
LOAD CMakeFiles/picoLCD.dir/home/viktor/pico/pico-sdk/src/rp2_common/hardware_timer/timer.c.obj
LOAD CMakeFiles/picoLCD.dir/home/viktor/pico/pico-sdk/src/common/pico_util/datetime.c.obj
LOAD CMakeFiles/picoLCD.dir/home/viktor/pico/pico-sdk/src/common/pico_util/pheap.c.obj
LOAD CMakeFiles/picoLCD.dir/home/viktor/pico/pico-sdk/src/common/pico_util/queue.c.obj
LOAD CMakeFiles/picoLCD.dir/home/viktor/pico/pico-sdk/src/common/pico_sync/mutex.c.obj
LOAD CMakeFiles/picoLCD.dir/home/viktor/pico/pico-sdk/src/common/pico_sync/critical_section.c.obj
LOAD CMakeFiles/picoLCD.dir/home/viktor/pico/pico-sdk/src/rp2_common/hardware_uart/uart.c.obj
LOAD CMakeFiles/picoLCD.dir/home/viktor/pico/pico-sdk/src/rp2_common/hardware_divider/divider.S.obj
LOAD CMakeFiles/picoLCD.dir/home/viktor/pico/pico-sdk/src/rp2_common/pico_runtime/runtime.c.obj
LOAD CMakeFiles/picoLCD.dir/home/viktor/pico/pico-sdk/src/rp2_common/hardware_clocks/clocks.c.obj
LOAD CMakeFiles/picoLCD.dir/home/viktor/pico/pico-sdk/src/rp2_common/hardware_pll/pll.c.obj
LOAD CMakeFiles/picoLCD.dir/home/viktor/pico/pico-sdk/src/rp2_common/hardware_vreg/vreg.c.obj
LOAD CMakeFiles/picoLCD.dir/home/viktor/pico/pico-sdk/src/rp2_common/hardware_watchdog/watchdog.c.obj
LOAD CMakeFiles/picoLCD.dir/home/viktor/pico/pico-sdk/src/rp2_common/hardware_xosc/xosc.c.obj
LOAD CMakeFiles/picoLCD.dir/home/viktor/pico/pico-sdk/src/rp2_common/pico_printf/printf.c.obj
LOAD CMakeFiles/picoLCD.dir/home/viktor/pico/pico-sdk/src/rp2_common/pico_bit_ops/bit_ops_aeabi.S.obj
LOAD CMakeFiles/picoLCD.dir/home/viktor/pico/pico-sdk/src/rp2_common/pico_bootrom/bootrom.c.obj
LOAD CMakeFiles/picoLCD.dir/home/viktor/pico/pico-sdk/src/rp2_common/pico_divider/divider.S.obj
LOAD CMakeFiles/picoLCD.dir/home/viktor/pico/pico-sdk/src/rp2_common/pico_double/double_aeabi.S.obj
LOAD CMakeFiles/picoLCD.dir/home/viktor/pico/pico-sdk/src/rp2_common/pico_double/double_init_rom.c.obj
LOAD CMakeFiles/picoLCD.dir/home/viktor/pico/pico-sdk/src/rp2_common/pico_double/double_math.c.obj
LOAD CMakeFiles/picoLCD.dir/home/viktor/pico/pico-sdk/src/rp2_common/pico_double/double_v1_rom_shim.S.obj
LOAD CMakeFiles/picoLCD.dir/home/viktor/pico/pico-sdk/src/rp2_common/pico_int64_ops/pico_int64_ops_aeabi.S.obj
LOAD CMakeFiles/picoLCD.dir/home/viktor/pico/pico-sdk/src/rp2_common/pico_float/float_aeabi.S.obj
LOAD CMakeFiles/picoLCD.dir/home/viktor/pico/pico-sdk/src/rp2_common/pico_float/float_init_rom.c.obj
LOAD CMakeFiles/picoLCD.dir/home/viktor/pico/pico-sdk/src/rp2_common/pico_float/float_math.c.obj
LOAD CMakeFiles/picoLCD.dir/home/viktor/pico/pico-sdk/src/rp2_common/pico_float/float_v1_rom_shim.S.obj
LOAD CMakeFiles/picoLCD.dir/home/viktor/pico/pico-sdk/src/rp2_common/pico_malloc/pico_malloc.c.obj
LOAD CMakeFiles/picoLCD.dir/home/viktor/pico/pico-sdk/src/rp2_common/pico_mem_ops/mem_ops_aeabi.S.obj
LOAD CMakeFiles/picoLCD.dir/home/viktor/pico/pico-sdk/src/rp2_common/pico_standard_link/crt0.S.obj
LOAD CMakeFiles/picoLCD.dir/home/viktor/pico/pico-sdk/src/rp2_common/pico_standard_link/new_delete.cpp.obj
LOAD CMakeFiles/picoLCD.dir/home/viktor/pico/pico-sdk/src/rp2_common/pico_standard_link/binary_info.c.obj
LOAD CMakeFiles/picoLCD.dir/home/viktor/pico/pico-sdk/src/rp2_common/pico_stdio/stdio.c.obj
LOAD CMakeFiles/picoLCD.dir/home/viktor/pico/pico-sdk/src/rp2_common/pico_stdio_uart/stdio_uart.c.obj
LOAD CMakeFiles/picoLCD.dir/home/viktor/pico/pico-sdk/src/rp2_common/pico_multicore/multicore.c.obj
LOAD CMakeFiles/picoLCD.dir/home/viktor/pico/pico-sdk/src/rp2_common/hardware_pio/pio.c.obj
LOAD /tmp/cc4OCZLg.o
LOAD /usr/lib/gcc/arm-none-eabi/8.3.1/../../../arm-none-eabi/lib/thumb/v6-m/nofp/libstdc++.a
LOAD /usr/lib/gcc/arm-none-eabi/8.3.1/../../../arm-none-eabi/lib/thumb/v6-m/nofp/libm.a
START GROUP
LOAD /usr/lib/gcc/arm-none-eabi/8.3.1/thumb/v6-m/nofp/libgcc.a
LOAD /usr/lib/gcc/arm-none-eabi/8.3.1/../../../arm-none-eabi/lib/thumb/v6-m/nofp/libg.a
LOAD /usr/lib/gcc/arm-none-eabi/8.3.1/../../../arm-none-eabi/lib/thumb/v6-m/nofp/libc.a
END GROUP
START GROUP
LOAD /usr/lib/gcc/arm-none-eabi/8.3.1/thumb/v6-m/nofp/libgcc.a
LOAD /usr/lib/gcc/arm-none-eabi/8.3.1/../../../arm-none-eabi/lib/thumb/v6-m/nofp/libc.a
LOAD /usr/lib/gcc/arm-none-eabi/8.3.1/../../../arm-none-eabi/lib/thumb/v6-m/nofp/libnosys.a
END GROUP
LOAD /usr/lib/gcc/arm-none-eabi/8.3.1/thumb/v6-m/nofp/crtend.o
LOAD /usr/lib/gcc/arm-none-eabi/8.3.1/thumb/v6-m/nofp/crtn.o
OUTPUT(picoLCD.elf elf32-littlearm)
LOAD linker stubs

.ARM.attributes
                0x00000000       0x28
 .ARM.attributes
                0x00000000       0x1e /usr/lib/gcc/arm-none-eabi/8.3.1/thumb/v6-m/nofp/crti.o
 .ARM.attributes
                0x0000001e       0x2c /usr/lib/gcc/arm-none-eabi/8.3.1/thumb/v6-m/nofp/crtbegin.o
 .ARM.attributes
                0x0000004a       0x2c CMakeFiles/picoLCD.dir/main.c.obj
 .ARM.attributes
                0x00000076       0x2c CMakeFiles/picoLCD.dir/LCDops.c.obj
 .ARM.attributes
                0x000000a2       0x2c CMakeFiles/picoLCD.dir/generalOps.c.obj
 .ARM.attributes
                0x000000ce       0x2c CMakeFiles/picoLCD.dir/home/viktor/pico/pico-sdk/src/rp2_common/hardware_gpio/gpio.c.obj
 .ARM.attributes
                0x000000fa       0x2c CMakeFiles/picoLCD.dir/home/viktor/pico/pico-sdk/src/rp2_common/hardware_claim/claim.c.obj
 .ARM.attributes
                0x00000126       0x2c CMakeFiles/picoLCD.dir/home/viktor/pico/pico-sdk/src/rp2_common/pico_platform/platform.c.obj
 .ARM.attributes
                0x00000152       0x2c CMakeFiles/picoLCD.dir/home/viktor/pico/pico-sdk/src/rp2_common/hardware_sync/sync.c.obj
 .ARM.attributes
                0x0000017e       0x2c CMakeFiles/picoLCD.dir/home/viktor/pico/pico-sdk/src/rp2_common/hardware_irq/irq.c.obj
 .ARM.attributes
                0x000001aa       0x22 CMakeFiles/picoLCD.dir/home/viktor/pico/pico-sdk/src/rp2_common/hardware_irq/irq_handler_chain.S.obj
 .ARM.attributes
                0x000001cc       0x2c CMakeFiles/picoLCD.dir/home/viktor/pico/pico-sdk/src/common/pico_sync/lock_core.c.obj
 .ARM.attributes
                0x000001f8       0x2c CMakeFiles/picoLCD.dir/home/viktor/pico/pico-sdk/src/common/pico_time/time.c.obj
 .ARM.attributes
                0x00000224       0x2c CMakeFiles/picoLCD.dir/home/viktor/pico/pico-sdk/src/rp2_common/hardware_timer/timer.c.obj
 .ARM.attributes
                0x00000250       0x2c CMakeFiles/picoLCD.dir/home/viktor/pico/pico-sdk/src/common/pico_util/pheap.c.obj
 .ARM.attributes
                0x0000027c       0x2c CMakeFiles/picoLCD.dir/home/viktor/pico/pico-sdk/src/common/pico_sync/mutex.c.obj
 .ARM.attributes
                0x000002a8       0x2c CMakeFiles/picoLCD.dir/home/viktor/pico/pico-sdk/src/rp2_common/hardware_uart/uart.c.obj
 .ARM.attributes
                0x000002d4       0x2c CMakeFiles/picoLCD.dir/home/viktor/pico/pico-sdk/src/rp2_common/pico_runtime/runtime.c.obj
 .ARM.attributes
                0x00000300       0x2c CMakeFiles/picoLCD.dir/home/viktor/pico/pico-sdk/src/rp2_common/hardware_clocks/clocks.c.obj
 .ARM.attributes
                0x0000032c       0x2c CMakeFiles/picoLCD.dir/home/viktor/pico/pico-sdk/src/rp2_common/hardware_pll/pll.c.obj
 .ARM.attributes
                0x00000358       0x2c CMakeFiles/picoLCD.dir/home/viktor/pico/pico-sdk/src/rp2_common/hardware_watchdog/watchdog.c.obj
 .ARM.attributes
                0x00000384       0x2c CMakeFiles/picoLCD.dir/home/viktor/pico/pico-sdk/src/rp2_common/hardware_xosc/xosc.c.obj
 .ARM.attributes
                0x000003b0       0x2c CMakeFiles/picoLCD.dir/home/viktor/pico/pico-sdk/src/rp2_common/pico_printf/printf.c.obj
 .ARM.attributes
                0x000003dc       0x22 CMakeFiles/picoLCD.dir/home/viktor/pico/pico-sdk/src/rp2_common/pico_bit_ops/bit_ops_aeabi.S.obj
 .ARM.attributes
                0x000003fe       0x2c CMakeFiles/picoLCD.dir/home/viktor/pico/pico-sdk/src/rp2_common/pico_bootrom/bootrom.c.obj
 .ARM.attributes
                0x0000042a       0x22 CMakeFiles/picoLCD.dir/home/viktor/pico/pico-sdk/src/rp2_common/pico_divider/divider.S.obj
 .ARM.attributes
                0x0000044c       0x22 CMakeFiles/picoLCD.dir/home/viktor/pico/pico-sdk/src/rp2_common/pico_double/double_aeabi.S.obj
 .ARM.attributes
                0x0000046e       0x2c CMakeFiles/picoLCD.dir/home/viktor/pico/pico-sdk/src/rp2_common/pico_double/double_init_rom.c.obj
 .ARM.attributes
                0x0000049a       0x2c CMakeFiles/picoLCD.dir/home/viktor/pico/pico-sdk/src/rp2_common/pico_double/double_math.c.obj
 .ARM.attributes
                0x000004c6       0x22 CMakeFiles/picoLCD.dir/home/viktor/pico/pico-sdk/src/rp2_common/pico_double/double_v1_rom_shim.S.obj
 .ARM.attributes
                0x000004e8       0x22 CMakeFiles/picoLCD.dir/home/viktor/pico/pico-sdk/src/rp2_common/pico_int64_ops/pico_int64_ops_aeabi.S.obj
 .ARM.attributes
                0x0000050a       0x22 CMakeFiles/picoLCD.dir/home/viktor/pico/pico-sdk/src/rp2_common/pico_float/float_aeabi.S.obj
 .ARM.attributes
                0x0000052c       0x2c CMakeFiles/picoLCD.dir/home/viktor/pico/pico-sdk/src/rp2_common/pico_float/float_init_rom.c.obj
 .ARM.attributes
                0x00000558       0x22 CMakeFiles/picoLCD.dir/home/viktor/pico/pico-sdk/src/rp2_common/pico_float/float_v1_rom_shim.S.obj
 .ARM.attributes
                0x0000057a       0x2c CMakeFiles/picoLCD.dir/home/viktor/pico/pico-sdk/src/rp2_common/pico_malloc/pico_malloc.c.obj
 .ARM.attributes
                0x000005a6       0x22 CMakeFiles/picoLCD.dir/home/viktor/pico/pico-sdk/src/rp2_common/pico_mem_ops/mem_ops_aeabi.S.obj
 .ARM.attributes
                0x000005c8       0x22 CMakeFiles/picoLCD.dir/home/viktor/pico/pico-sdk/src/rp2_common/pico_standard_link/crt0.S.obj
 .ARM.attributes
                0x000005ea       0x32 CMakeFiles/picoLCD.dir/home/viktor/pico/pico-sdk/src/rp2_common/pico_standard_link/binary_info.c.obj
 .ARM.attributes
                0x0000061c       0x2c CMakeFiles/picoLCD.dir/home/viktor/pico/pico-sdk/src/rp2_common/pico_stdio/stdio.c.obj
 .ARM.attributes
                0x00000648       0x2c CMakeFiles/picoLCD.dir/home/viktor/pico/pico-sdk/src/rp2_common/pico_stdio_uart/stdio_uart.c.obj
 .ARM.attributes
                0x00000674       0x2c CMakeFiles/picoLCD.dir/home/viktor/pico/pico-sdk/src/rp2_common/hardware_pio/pio.c.obj
 .ARM.attributes
                0x000006a0       0x22 /tmp/cc4OCZLg.o
 .ARM.attributes
                0x000006c2       0x1e /usr/lib/gcc/arm-none-eabi/8.3.1/thumb/v6-m/nofp/libgcc.a(_dvmd_tls.o)
 .ARM.attributes
                0x000006e0       0x2c /usr/lib/gcc/arm-none-eabi/8.3.1/thumb/v6-m/nofp/libgcc.a(_clear_cache.o)
 .ARM.attributes
                0x0000070c       0x2c /usr/lib/gcc/arm-none-eabi/8.3.1/../../../arm-none-eabi/lib/thumb/v6-m/nofp/libg.a(lib_a-asprintf.o)
 .ARM.attributes
                0x00000738       0x2c /usr/lib/gcc/arm-none-eabi/8.3.1/../../../arm-none-eabi/lib/thumb/v6-m/nofp/libg.a(lib_a-callocr.o)
 .ARM.attributes
                0x00000764       0x2c /usr/lib/gcc/arm-none-eabi/8.3.1/../../../arm-none-eabi/lib/thumb/v6-m/nofp/libg.a(lib_a-impure.o)
 .ARM.attributes
                0x00000790       0x2c /usr/lib/gcc/arm-none-eabi/8.3.1/../../../arm-none-eabi/lib/thumb/v6-m/nofp/libg.a(lib_a-itoa.o)
 .ARM.attributes
                0x000007bc       0x2c /usr/lib/gcc/arm-none-eabi/8.3.1/../../../arm-none-eabi/lib/thumb/v6-m/nofp/libg.a(lib_a-malloc.o)
 .ARM.attributes
                0x000007e8       0x2c /usr/lib/gcc/arm-none-eabi/8.3.1/../../../arm-none-eabi/lib/thumb/v6-m/nofp/libg.a(lib_a-mallocr.o)
 .ARM.attributes
                0x00000814       0x2c /usr/lib/gcc/arm-none-eabi/8.3.1/../../../arm-none-eabi/lib/thumb/v6-m/nofp/libg.a(lib_a-mlock.o)
 .ARM.attributes