Archive member included to satisfy reference by file (symbol)

/usr/lib/gcc/arm-none-eabi/8.3.1/thumb/v6-m/nofp/libgcc.a(_dvmd_tls.o)
                              CMakeFiles/stickerCutter.dir/home/viktor/pico/pico-sdk/src/rp2_common/pico_divider/divider.S.obj (__aeabi_idiv0)
/usr/lib/gcc/arm-none-eabi/8.3.1/../../../arm-none-eabi/lib/thumb/v6-m/nofp/libg.a(lib_a-asprintf.o)
                              CMakeFiles/stickerCutter.dir/lcd/LCDops.c.obj (asprintf)
/usr/lib/gcc/arm-none-eabi/8.3.1/../../../arm-none-eabi/lib/thumb/v6-m/nofp/libg.a(lib_a-atexit.o)
                              /usr/lib/gcc/arm-none-eabi/8.3.1/../../../arm-none-eabi/lib/thumb/v6-m/nofp/crt0.o (atexit)
/usr/lib/gcc/arm-none-eabi/8.3.1/../../../arm-none-eabi/lib/thumb/v6-m/nofp/libg.a(lib_a-calloc.o)
                              CMakeFiles/stickerCutter.dir/home/viktor/pico/pico-sdk/src/rp2_common/pico_malloc/pico_malloc.c.obj (calloc)
/usr/lib/gcc/arm-none-eabi/8.3.1/../../../arm-none-eabi/lib/thumb/v6-m/nofp/libg.a(lib_a-callocr.o)
                              /usr/lib/gcc/arm-none-eabi/8.3.1/../../../arm-none-eabi/lib/thumb/v6-m/nofp/libg.a(lib_a-calloc.o) (_calloc_r)
/usr/lib/gcc/arm-none-eabi/8.3.1/../../../arm-none-eabi/lib/thumb/v6-m/nofp/libg.a(lib_a-fini.o)
                              /usr/lib/gcc/arm-none-eabi/8.3.1/../../../arm-none-eabi/lib/thumb/v6-m/nofp/crt0.o (__libc_fini_array)
/usr/lib/gcc/arm-none-eabi/8.3.1/../../../arm-none-eabi/lib/thumb/v6-m/nofp/libg.a(lib_a-impure.o)
                              /usr/lib/gcc/arm-none-eabi/8.3.1/../../../arm-none-eabi/lib/thumb/v6-m/nofp/libg.a(lib_a-asprintf.o) (_impure_ptr)
/usr/lib/gcc/arm-none-eabi/8.3.1/../../../arm-none-eabi/lib/thumb/v6-m/nofp/libg.a(lib_a-init.o)
                              /usr/lib/gcc/arm-none-eabi/8.3.1/../../../arm-none-eabi/lib/thumb/v6-m/nofp/crt0.o (__libc_init_array)
/usr/lib/gcc/arm-none-eabi/8.3.1/../../../arm-none-eabi/lib/thumb/v6-m/nofp/libg.a(lib_a-itoa.o)
                              CMakeFiles/stickerCutter.dir/lcd/generalOps.c.obj (itoa)
/usr/lib/gcc/arm-none-eabi/8.3.1/../../../arm-none-eabi/lib/thumb/v6-m/nofp/libg.a(lib_a-malloc.o)
                              CMakeFiles/stickerCutter.dir/home/viktor/pico/pico-sdk/src/rp2_common/pico_malloc/pico_malloc.c.obj (malloc)
/usr/lib/gcc/arm-none-eabi/8.3.1/../../../arm-none-eabi/lib/thumb/v6-m/nofp/libg.a(lib_a-mallocr.o)
                              /usr/lib/gcc/arm-none-eabi/8.3.1/../../../arm-none-eabi/lib/thumb/v6-m/nofp/libg.a(lib_a-callocr.o) (_malloc_r)
/usr/lib/gcc/arm-none-eabi/8.3.1/../../../arm-none-eabi/lib/thumb/v6-m/nofp/libg.a(lib_a-mlock.o)
                              /usr/lib/gcc/arm-none-eabi/8.3.1/../../../arm-none-eabi/lib/thumb/v6-m/nofp/libg.a(lib_a-mallocr.o) (__malloc_lock)
/usr/lib/gcc/arm-none-eabi/8.3.1/../../../arm-none-eabi/lib/thumb/v6-m/nofp/libg.a(lib_a-realloc.o)
                              CMakeFiles/stickerCutter.dir/home/viktor/pico/pico-sdk/src/rp2_common/pico_malloc/pico_malloc.c.obj (realloc)
/usr/lib/gcc/arm-none-eabi/8.3.1/../../../arm-none-eabi/lib/thumb/v6-m/nofp/libg.a(lib_a-reallocr.o)
                              /usr/lib/gcc/arm-none-eabi/8.3.1/../../../arm-none-eabi/lib/thumb/v6-m/nofp/libg.a(lib_a-realloc.o) (_realloc_r)
/usr/lib/gcc/arm-none-eabi/8.3.1/../../../arm-none-eabi/lib/thumb/v6-m/nofp/libg.a(lib_a-sbrkr.o)
                              /usr/lib/gcc/arm-none-eabi/8.3.1/../../../arm-none-eabi/lib/thumb/v6-m/nofp/libg.a(lib_a-mallocr.o) (_sbrk_r)
/usr/lib/gcc/arm-none-eabi/8.3.1/../../../arm-none-eabi/lib/thumb/v6-m/nofp/libg.a(lib_a-strcat.o)
                              CMakeFiles/stickerCutter.dir/lcd/generalOps.c.obj (strcat)
/usr/lib/gcc/arm-none-eabi/8.3.1/../../../arm-none-eabi/lib/thumb/v6-m/nofp/libg.a(lib_a-strcpy.o)
                              /usr/lib/gcc/arm-none-eabi/8.3.1/../../../arm-none-eabi/lib/thumb/v6-m/nofp/libg.a(lib_a-strcat.o) (strcpy)
/usr/lib/gcc/arm-none-eabi/8.3.1/../../../arm-none-eabi/lib/thumb/v6-m/nofp/libg.a(lib_a-strlen-stub.o)
                              CMakeFiles/stickerCutter.dir/lcd/LCDops.c.obj (strlen)
/usr/lib/gcc/arm-none-eabi/8.3.1/../../../arm-none-eabi/lib/thumb/v6-m/nofp/libg.a(lib_a-strncat.o)
                              CMakeFiles/stickerCutter.dir/lcd/generalOps.c.obj (strncat)
/usr/lib/gcc/arm-none-eabi/8.3.1/../../../arm-none-eabi/lib/thumb/v6-m/nofp/libg.a(lib_a-strncpy.o)
                              CMakeFiles/stickerCutter.dir/lcd/presetMessages.c.obj (strncpy)
/usr/lib/gcc/arm-none-eabi/8.3.1/../../../arm-none-eabi/lib/thumb/v6-m/nofp/libg.a(lib_a-strtol.o)
                              CMakeFiles/stickerCutter.dir/lcd/LCDops.c.obj (strtol)
/usr/lib/gcc/arm-none-eabi/8.3.1/../../../arm-none-eabi/lib/thumb/v6-m/nofp/libg.a(lib_a-svfprintf.o)
                              /usr/lib/gcc/arm-none-eabi/8.3.1/../../../arm-none-eabi/lib/thumb/v6-m/nofp/libg.a(lib_a-asprintf.o) (_svfprintf_r)
[...]
Memory Configuration

Name             Origin             Length             Attributes
FLASH            0x10000000         0x00200000         xr
RAM              0x20000000         0x00040000         xrw
SCRATCH_X        0x20040000         0x00001000         xrw
SCRATCH_Y        0x20041000         0x00001000         xrw
*default*        0x00000000         0xffffffff

Linker script and memory map

LOAD /usr/lib/gcc/arm-none-eabi/8.3.1/thumb/v6-m/nofp/crti.o
LOAD /usr/lib/gcc/arm-none-eabi/8.3.1/thumb/v6-m/nofp/crtbegin.o
LOAD /usr/lib/gcc/arm-none-eabi/8.3.1/../../../arm-none-eabi/lib/thumb/v6-m/nofp/crt0.o

.flash_begin    0x10000000        0x0
                0x10000000                __flash_binary_start = .

.boot2          0x10000000      0x100
                0x10000000                __boot2_start__ = .
 *(.boot2)
 .boot2         0x10000000      0x100 /tmp/ccNXo10r.o
                0x10000100                __boot2_end__ = .
                0x00000001                ASSERT (((__boot2_end__ - __boot2_start__) == 0x100), ERROR: Pico second stage bootloader must be 256 bytes in size)

.text           0x10000100     0x5c80
                0x10000100                __logical_binary_start = .
 *(.vectors)
 .vectors       0x10000100       0xd4 CMakeFiles/stickerCutter.dir/home/viktor/pico/pico-sdk/src/rp2_common/pico_standard_link/crt0.S.obj
                0x10000100                __vectors
                0x10000100                __VECTOR_TABLE
                0x100001c0                isr_invalid
                0x100001c0                __default_isrs_start
                0x100001c2                isr_nmi
                0x100001c4                isr_hardfault
                0x100001c6                isr_svcall
                0x100001c8                isr_pendsv
                0x100001ca                isr_systick
                0x100001cc                isr_irq30
                0x100001cc                __unhandled_user_irq
                0x100001cc                isr_irq13
                0x100001cc                isr_irq27
                0x100001cc                isr_irq31
                0x100001cc                isr_irq5
                0x100001cc                isr_irq11
                0x100001cc                isr_irq23
                0x100001cc                isr_irq18
                0x100001cc                isr_irq28
                0x100001cc                isr_irq19
                0x100001cc                isr_irq0
                0x100001cc                isr_irq6
                0x100001cc                isr_irq22
                0x100001cc                isr_irq17
                0x100001cc                isr_irq14
                0x100001cc                isr_irq2
                0x100001cc                isr_irq10
                0x100001cc                isr_irq8
                0x100001cc                isr_irq24
                0x100001cc                isr_irq1
                0x100001cc                isr_irq7
                0x100001cc                isr_irq21
                0x100001cc                isr_irq20
                0x100001cc                isr_irq15
                0x100001cc                isr_irq25
                0x100001cc                isr_irq4
                0x100001cc                isr_irq16
                0x100001cc                isr_irq29
                0x100001cc                isr_irq26
                0x100001cc                __default_isrs_end
                0x100001cc                isr_irq3
                0x100001cc                isr_irq12
                0x100001cc                isr_irq9
                0x100001d2                unhandled_user_irq_num_in_r0
 *(.binary_info_header)
 .binary_info_header
                0x100001d4       0x14 CMakeFiles/stickerCutter.dir/home/viktor/pico/pico-sdk/src/rp2_common/pico_standard_link/crt0.S.obj
                0x100001e8                __binary_info_header_end = .
 *(.reset)
 .reset         0x100001e8       0xa8 CMakeFiles/stickerCutter.dir/home/viktor/pico/pico-sdk/src/rp2_common/pico_standard_link/crt0.S.obj
                0x100001e8                _entry_point
                0x10000266                __get_current_exception
 .reset         0x10000290       0x30 CMakeFiles/stickerCutter.dir/home/viktor/pico/pico-sdk/src/rp2_common/pico_standard_link/binary_info.c.obj
 *(.init)
 .init          0x100002c0        0x4 /usr/lib/gcc/arm-none-eabi/8.3.1/thumb/v6-m/nofp/crti.o
                0x100002c0                _init
 *(EXCLUDE_FILE(*libm.a: *libc.a:*lib_a-mem*.o *libgcc.a:) .text*)
 .text          0x100002c4       0x98 /usr/lib/gcc/arm-none-eabi/8.3.1/thumb/v6-m/nofp/crtbegin.o
 .text.repeating_timer_callback
                0x1000035c       0xf4 CMakeFiles/stickerCutter.dir/main.c.obj
                0x1000035c                repeating_timer_callback
 .text.enc2speed
                0x10000450       0x30 CMakeFiles/stickerCutter.dir/main.c.obj
                0x10000450                enc2speed
 .text.main     0x10000480      0x278 CMakeFiles/stickerCutter.dir/main.c.obj
                0x10000480                main
 .text.E_INSTRUCTION
                0x100006f8       0x34 CMakeFiles/stickerCutter.dir/lcd/LCDops.c.obj
                0x100006f8                E_INSTRUCTION
 .text.E_DATA   0x1000072c       0x40 CMakeFiles/stickerCutter.dir/lcd/LCDops.c.obj
                0x1000072c                E_DATA
 .text.detectLCD
                0x1000076c       0x60 CMakeFiles/stickerCutter.dir/lcd/LCDops.c.obj
                0x1000076c                detectLCD
 .text.LCDsendRawInstruction
                0x100007cc       0x50 CMakeFiles/stickerCutter.dir/lcd/LCDops.c.obj
                0x100007cc                LCDsendRawInstruction
 .text.LCDinit  0x1000081c       0x60 CMakeFiles/stickerCutter.dir/lcd/LCDops.c.obj
                0x1000081c                LCDinit
 .text.LCDclear
                0x1000087c       0x40 CMakeFiles/stickerCutter.dir/lcd/LCDops.c.obj
                0x1000087c                LCDclear
 .text.LCDgoto  0x100008bc       0x2c CMakeFiles/stickerCutter.dir/lcd/LCDops.c.obj
                0x100008bc                LCDgoto
 .text.LCDwriteMessage
                0x100008e8      0x160 CMakeFiles/stickerCutter.dir/lcd/LCDops.c.obj
                0x100008e8                LCDwriteMessage
 .text.decToBin
                0x10000a48       0x94 CMakeFiles/stickerCutter.dir/lcd/generalOps.c.obj
                0x10000a48                decToBin
 .text.binIns   0x10000adc       0x50 CMakeFiles/stickerCutter.dir/lcd/generalOps.c.obj
                0x10000adc                binIns
 .text.pid_compute
                0x10000b2c       0xae CMakeFiles/stickerCutter.dir/pid/PID.c.obj
                0x10000b2c                pid_compute
 .text.pidc_tune
                0x10000bda       0x5e CMakeFiles/stickerCutter.dir/pid/PID.c.obj
                0x10000bda                pidc_tune
 .text.pid_limits
                0x10000c38       0x6e CMakeFiles/stickerCutter.dir/pid/PID.c.obj
                0x10000c38                pid_limits
 .text.pid_auto
                0x10000ca6       0x42 CMakeFiles/stickerCutter.dir/pid/PID.c.obj
                0x10000ca6                pid_auto
 .text.pid_direction
                0x10000ce8       0x3a CMakeFiles/stickerCutter.dir/pid/PID.c.obj
                0x10000ce8                pid_direction
 *fill*         0x10000d22        0x2 
 .text.pid_create
                0x10000d24       0x34 CMakeFiles/stickerCutter.dir/pid/PID.c.obj
                0x10000d24                pid_create
 .text.gpio_set_function
                0x10000d58       0x30 CMakeFiles/stickerCutter.dir/home/viktor/pico/pico-sdk/src/rp2_common/hardware_gpio/gpio.c.obj
                0x10000d58                gpio_set_function
 .text.gpio_set_pulls
                0x10000d88       0x34 CMakeFiles/stickerCutter.dir/home/viktor/pico/pico-sdk/src/rp2_common/hardware_gpio/gpio.c.obj
                0x10000d88                gpio_set_pulls
 .text.gpio_init
                0x10000dbc       0x16 CMakeFiles/stickerCutter.dir/home/viktor/pico/pico-sdk/src/rp2_common/hardware_gpio/gpio.c.obj
                0x10000dbc                gpio_init
 *fill*         0x10000dd2        0x2 
 .text.hw_claim_lock
                0x10000dd4       0x18 CMakeFiles/stickerCutter.dir/home/viktor/pico/pico-sdk/src/rp2_common/hardware_claim/claim.c.obj
                0x10000dd4                hw_claim_lock
 .text.hw_claim_unlock
                0x10000dec       0x14 CMakeFiles/stickerCutter.dir/home/viktor/pico/pico-sdk/src/rp2_common/hardware_claim/claim.c.obj
                0x10000dec                hw_claim_unlock
 .text.hw_claim_or_assert
                0x10000e00       0x32 CMakeFiles/stickerCutter.dir/home/viktor/pico/pico-sdk/src/rp2_common/hardware_claim/claim.c.obj
                0x10000e00                hw_claim_or_assert
 *fill*         0x10000e32        0x2 
 .text.running_on_fpga
                0x10000e34       0x14 CMakeFiles/stickerCutter.dir/home/viktor/pico/pico-sdk/src/rp2_common/pico_platform/platform.c.obj
                0x10000e34                running_on_fpga
 .text.spin_locks_reset
                0x10000e48       0x20 CMakeFiles/stickerCutter.dir/home/viktor/pico/pico-sdk/src/rp2_common/hardware_sync/sync.c.obj
                0x10000e48                spin_locks_reset
 .text.next_striped_spin_lock_num
                0x10000e68       0x1c CMakeFiles/stickerCutter.dir/home/viktor/pico/pico-sdk/src/rp2_common/hardware_sync/sync.c.obj
                0x10000e68                next_striped_spin_lock_num
 .text.set_raw_irq_handler_and_unlock
                0x10000e84       0x28 CMakeFiles/stickerCutter.dir/home/viktor/pico/pico-sdk/src/rp2_common/hardware_irq/irq.c.obj
 .text.make_branch
                0x10000eac       0x48 CMakeFiles/stickerCutter.dir/home/viktor/pico/pico-sdk/src/rp2_common/hardware_irq/irq.c.obj
 .text.insert_branch_and_link
                0x10000ef4       0x40 CMakeFiles/stickerCutter.dir/home/viktor/pico/pico-sdk/src/rp2_common/hardware_irq/irq.c.obj
 .text.irq_is_enabled
                0x10000f34       0x18 CMakeFiles/stickerCutter.dir/home/viktor/pico/pico-sdk/src/rp2_common/hardware_irq/irq.c.obj
                0x10000f34                irq_is_enabled
 .text.irq_set_mask_enabled
                0x10000f4c       0x20 CMakeFiles/stickerCutter.dir/home/viktor/pico/pico-sdk/src/rp2_common/hardware_irq/irq.c.obj
                0x10000f4c                irq_set_mask_enabled
 .text.irq_set_enabled
                0x10000f6c        0xe CMakeFiles/stickerCutter.dir/home/viktor/pico/pico-sdk/src/rp2_common/hardware_irq/irq.c.obj
                0x10000f6c                irq_set_enabled
 *fill*         0x10000f7a        0x2 
 .text.irq_get_vtable_handler
                0x10000f7c       0x10 CMakeFiles/stickerCutter.dir/home/viktor/pico/pico-sdk/src/rp2_common/hardware_irq/irq.c.obj
                0x10000f7c                irq_get_vtable_handler
 .text.irq_set_exclusive_handler
                0x10000f8c       0x54 CMakeFiles/stickerCutter.dir/home/viktor/pico/pico-sdk/src/rp2_common/hardware_irq/irq.c.obj
                0x10000f8c                irq_set_exclusive_handler
 .text.irq_remove_handler
                0x10000fe0      0x1a0 CMakeFiles/stickerCutter.dir/home/viktor/pico/pico-sdk/src/rp2_common/hardware_irq/irq.c.obj
                0x10000fe0                irq_remove_handler
 .text.irq_add_tail_to_free_list
                0x10001180       0xf0 CMakeFiles/stickerCutter.dir/home/viktor/pico/pico-sdk/src/rp2_common/hardware_irq/irq.c.obj
                0x10001180                irq_add_tail_to_free_list
 .text.irq_init_priorities
                0x10001270       0x1c CMakeFiles/stickerCutter.dir/home/viktor/pico/pico-sdk/src/rp2_common/hardware_irq/irq.c.obj
                0x10001270                irq_init_priorities
 .text.lock_init
                0x1000128c       0x10 CMakeFiles/stickerCutter.dir/home/viktor/pico/pico-sdk/src/common/pico_sync/lock_core.c.obj
                0x1000128c                lock_init
 .text.sleep_until_callback
                0x1000129c       0x30 CMakeFiles/stickerCutter.dir/home/viktor/pico/pico-sdk/src/common/pico_time/time.c.obj
 .text.repeating_timer_callback
                0x100012cc       0x40 CMakeFiles/stickerCutter.dir/home/viktor/pico/pico-sdk/src/common/pico_time/time.c.obj
 .text.alarm_pool_post_alloc_init
                0x1000130c       0x40 CMakeFiles/stickerCutter.dir/home/viktor/pico/pico-sdk/src/common/pico_time/time.c.obj
 .text.timer_pool_entry_comparator
                0x1000134c       0x7c CMakeFiles/stickerCutter.dir/home/viktor/pico/pico-sdk/src/common/pico_time/time.c.obj
                0x1000134c                timer_pool_entry_comparator
 .text.ph_add_child_node
                0x100013c8       0xa4 CMakeFiles/stickerCutter.dir/home/viktor/pico/pico-sdk/src/common/pico_time/time.c.obj
 .text.ph_merge_nodes
                0x1000146c       0x3e CMakeFiles/stickerCutter.dir/home/viktor/pico/pico-sdk/src/common/pico_time/time.c.obj
 *fill*         0x100014aa        0x2 
 .text.add_alarm_under_lock
                0x100014ac      0x180 CMakeFiles/stickerCutter.dir/home/viktor/pico/pico-sdk/src/common/pico_time/time.c.obj
 .text.alarm_pool_alarm_callback
                0x1000162c      0x328 CMakeFiles/stickerCutter.dir/home/viktor/pico/pico-sdk/src/common/pico_time/time.c.obj
 .text.alarm_pool_init_default
                0x10001954       0x38 CMakeFiles/stickerCutter.dir/home/viktor/pico/pico-sdk/src/common/pico_time/time.c.obj
                0x10001954                alarm_pool_init_default
 .text.alarm_pool_get_default
                0x1000198c       0x2c CMakeFiles/stickerCutter.dir/home/viktor/pico/pico-sdk/src/common/pico_time/time.c.obj
                0x1000198c                alarm_pool_get_default
 .text.alarm_pool_add_alarm_at
                0x100019b8      0x154 CMakeFiles/stickerCutter.dir/home/viktor/pico/pico-sdk/src/common/pico_time/time.c.obj
                0x100019b8                alarm_pool_add_alarm_at
 .text.alarm_pool_add_repeating_timer_us
                0x10001b0c       0x9c CMakeFiles/stickerCutter.dir/home/viktor/pico/pico-sdk/src/common/pico_time/time.c.obj
                0x10001b0c                alarm_pool_add_repeating_timer_us
 .text.sleep_until
                0x10001ba8       0xf8 CMakeFiles/stickerCutter.dir/home/viktor/pico/pico-sdk/src/common/pico_time/time.c.obj
                0x10001ba8                sleep_until
 .text.sleep_us
                0x10001ca0       0x54 CMakeFiles/stickerCutter.dir/home/viktor/pico/pico-sdk/src/common/pico_time/time.c.obj
                0x10001ca0                sleep_us
 .text.sleep_ms
                0x10001cf4       0x14 CMakeFiles/stickerCutter.dir/home/viktor/pico/pico-sdk/src/common/pico_time/time.c.obj
                0x10001cf4                sleep_ms
 .text.hardware_alarm_irq_handler
                0x10001d08       0x8c CMakeFiles/stickerCutter.dir/home/viktor/pico/pico-sdk/src/rp2_common/hardware_timer/timer.c.obj
 .text.hardware_alarm_claim
                0x10001d94       0x18 CMakeFiles/stickerCutter.dir/home/viktor/pico/pico-sdk/src/rp2_common/hardware_timer/timer.c.obj
                0x10001d94                hardware_alarm_claim
 .text.time_us_64
                0x10001dac       0x18 CMakeFiles/stickerCutter.dir/home/viktor/pico/pico-sdk/src/rp2_common/hardware_timer/timer.c.obj
                0x10001dac                time_us_64
 .text.busy_wait_until
                0x10001dc4       0x24 CMakeFiles/stickerCutter.dir/home/viktor/pico/pico-sdk/src/rp2_common/hardware_timer/timer.c.obj
                0x10001dc4                busy_wait_until
 .text.hardware_alarm_set_callback
                0x10001de8       0x90 CMakeFiles/stickerCutter.dir/home/viktor/pico/pico-sdk/src/rp2_common/hardware_timer/timer.c.obj
                0x10001de8                hardware_alarm_set_callback
 .text.hardware_alarm_set_target
                0x10001e78       0xe8 CMakeFiles/stickerCutter.dir/home/viktor/pico/pico-sdk/src/rp2_common/hardware_timer/timer.c.obj
                0x10001e78                hardware_alarm_set_target
 .text.hardware_alarm_cancel
                0x10001f60       0x40 CMakeFiles/stickerCutter.dir/home/viktor/pico/pico-sdk/src/rp2_common/hardware_timer/timer.c.obj
                0x10001f60                hardware_alarm_cancel
 .text.ph_add_child_node
                0x10001fa0       0xa4 CMakeFiles/stickerCutter.dir/home/viktor/pico/pico-sdk/src/common/pico_util/pheap.c.obj
 .text.ph_merge_nodes
                0x10002044       0x3e CMakeFiles/stickerCutter.dir/home/viktor/pico/pico-sdk/src/common/pico_util/pheap.c.obj
 *fill*         0x10002082        0x2 
 .text.ph_clear
                0x10002084       0x70 CMakeFiles/stickerCutter.dir/home/viktor/pico/pico-sdk/src/common/pico_util/pheap.c.obj
                0x10002084                ph_clear
 .text.ph_post_alloc_init
                0x100020f4        0xe CMakeFiles/stickerCutter.dir/home/viktor/pico/pico-sdk/src/common/pico_util/pheap.c.obj
                0x100020f4                ph_post_alloc_init
 *fill*         0x10002102        0x2 
 .text.ph_merge_two_pass
                0x10002104       0xac CMakeFiles/stickerCutter.dir/home/viktor/pico/pico-sdk/src/common/pico_util/pheap.c.obj
                0x10002104                ph_merge_two_pass
 .text.ph_remove_any_head
                0x100021b0      0x108 CMakeFiles/stickerCutter.dir/home/viktor/pico/pico-sdk/src/common/pico_util/pheap.c.obj
 .text.ph_remove_head
                0x100022b8       0x14 CMakeFiles/stickerCutter.dir/home/viktor/pico/pico-sdk/src/common/pico_util/pheap.c.obj
                0x100022b8                ph_remove_head
 .text.ph_remove_and_free_node
                0x100022cc       0xf8 CMakeFiles/stickerCutter.dir/home/viktor/pico/pico-sdk/src/common/pico_util/pheap.c.obj
                0x100022cc                ph_remove_and_free_node
 .text.mutex_init
                0x100023c4       0x1a CMakeFiles/stickerCutter.dir/home/viktor/pico/pico-sdk/src/common/pico_sync/mutex.c.obj
                0x100023c4                mutex_init
 .text.recursive_mutex_init
                0x100023de       0x1e CMakeFiles/stickerCutter.dir/home/viktor/pico/pico-sdk/src/common/pico_sync/mutex.c.obj
                0x100023de                recursive_mutex_init
 .text.uart_set_baudrate
                0x100023fc       0x5c CMakeFiles/stickerCutter.dir/home/viktor/pico/pico-sdk/src/rp2_common/hardware_uart/uart.c.obj
                0x100023fc                uart_set_baudrate
 .text.uart_set_translate_crlf
                0x10002458       0x28 CMakeFiles/stickerCutter.dir/home/viktor/pico/pico-sdk/src/rp2_common/hardware_uart/uart.c.obj
                0x10002458                uart_set_translate_crlf
 .text.uart_init
                0x10002480       0x80 CMakeFiles/stickerCutter.dir/home/viktor/pico/pico-sdk/src/rp2_common/hardware_uart/uart.c.obj
                0x10002480                uart_init
 .text._exit    0x10002500        0x4 CMakeFiles/stickerCutter.dir/home/viktor/pico/pico-sdk/src/rp2_common/pico_runtime/runtime.c.obj
                0x10002500                _exit
 .text.exit     0x10002504        0x6 CMakeFiles/stickerCutter.dir/home/viktor/pico/pico-sdk/src/rp2_common/pico_runtime/runtime.c.obj
                0x10002504                exit
 *fill*         0x1000250a        0x2 
 .text.__assert_func
                0x1000250c       0x3c CMakeFiles/stickerCutter.dir/home/viktor/pico/pico-sdk/src/rp2_common/pico_runtime/runtime.c.obj
                0x1000250c                __assert_func
 .text.runtime_init
                0x10002548       0xf8 CMakeFiles/stickerCutter.dir/home/viktor/pico/pico-sdk/src/rp2_common/pico_runtime/runtime.c.obj
                0x10002548                runtime_init
 .text.panic    0x10002640       0x30 CMakeFiles/stickerCutter.dir/home/viktor/pico/pico-sdk/src/rp2_common/pico_runtime/runtime.c.obj
                0x10002640                panic
 .text.clock_configure
                0x10002670       0xfc CMakeFiles/stickerCutter.dir/home/viktor/pico/pico-sdk/src/rp2_common/hardware_clocks/clocks.c.obj
                0x10002670                clock_configure
 .text.clocks_init
                0x1000276c      0x100 CMakeFiles/stickerCutter.dir/home/viktor/pico/pico-sdk/src/rp2_common/hardware_clocks/clocks.c.obj
                0x1000276c                clocks_init
 .text.clock_get_hz
                0x1000286c        0xc CMakeFiles/stickerCutter.dir/home/viktor/pico/pico-sdk/src/rp2_common/hardware_clocks/clocks.c.obj
                0x1000286c                clock_get_hz
 .text.pll_init
                0x10002878      0x140 CMakeFiles/stickerCutter.dir/home/viktor/pico/pico-sdk/src/rp2_common/hardware_pll/pll.c.obj
                0x10002878                pll_init
 .text.watchdog_start_tick
                0x100029b8       0x10 CMakeFiles/stickerCutter.dir/home/viktor/pico/pico-sdk/src/rp2_common/hardware_watchdog/watchdog.c.obj
                0x100029b8                watchdog_start_tick
 .text.xosc_init
                0x100029c8       0x28 CMakeFiles/stickerCutter.dir/home/viktor/pico/pico-sdk/src/rp2_common/hardware_xosc/xosc.c.obj
                0x100029c8                xosc_init
 .text._out_null
                0x100029f0        0x2 CMakeFiles/stickerCutter.dir/home/viktor/pico/pico-sdk/src/rp2_common/pico_printf/printf.c.obj
 .text._out_fct
                0x100029f2        0xe CMakeFiles/stickerCutter.dir/home/viktor/pico/pico-sdk/src/rp2_common/pico_printf/printf.c.obj
 .text._atoi    0x10002a00       0x28 CMakeFiles/stickerCutter.dir/home/viktor/pico/pico-sdk/src/rp2_common/pico_printf/printf.c.obj
 .text._out_rev
                0x10002a28       0x8c CMakeFiles/stickerCutter.dir/home/viktor/pico/pico-sdk/src/rp2_common/pico_printf/printf.c.obj
 .text._ntoa_format
                0x10002ab4      0x10c CMakeFiles/stickerCutter.dir/home/viktor/pico/pico-sdk/src/rp2_common/pico_printf/printf.c.obj
 .text._ntoa_long
                0x10002bc0       0xb0 CMakeFiles/stickerCutter.dir/home/viktor/pico/pico-sdk/src/rp2_common/pico_printf/printf.c.obj
 .text._ntoa_long_long
                0x10002c70       0xe6 CMakeFiles/stickerCutter.dir/home/viktor/pico/pico-sdk/src/rp2_common/pico_printf/printf.c.obj
 *fill*         0x10002d56        0x2 
 .text._etoa    0x10002d58      0x408 CMakeFiles/stickerCutter.dir/home/viktor/pico/pico-sdk/src/rp2_common/pico_printf/printf.c.obj
 .text._ftoa    0x10003160      0x344 CMakeFiles/stickerCutter.dir/home/viktor/pico/pico-sdk/src/rp2_common/pico_printf/printf.c.obj
 .text._vsnprintf
                0x100034a4      0x61c CMakeFiles/stickerCutter.dir/home/viktor/pico/pico-sdk/src/rp2_common/pico_printf/printf.c.obj
 .text.vfctprintf
                0x10003ac0       0x20 CMakeFiles/stickerCutter.dir/home/viktor/pico/pico-sdk/src/rp2_common/pico_printf/printf.c.obj
                0x10003ac0                vfctprintf
 .text          0x10003ae0       0x10 CMakeFiles/stickerCutter.dir/home/viktor/pico/pico-sdk/src/rp2_common/pico_bit_ops/bit_ops_aeabi.S.obj
 .text.rom_func_lookup
                0x10003af0       0x10 CMakeFiles/stickerCutter.dir/home/viktor/pico/pico-sdk/src/rp2_common/pico_bootrom/bootrom.c.obj
                0x10003af0                rom_func_lookup
 .text.rom_data_lookup
                0x10003b00       0x10 CMakeFiles/stickerCutter.dir/home/viktor/pico/pico-sdk/src/rp2_common/pico_bootrom/bootrom.c.obj
                0x10003b00                rom_data_lookup
 .text.rom_funcs_lookup
                0x10003b10       0x36 CMakeFiles/stickerCutter.dir/home/viktor/pico/pico-sdk/src/rp2_common/pico_bootrom/bootrom.c.obj
                0x10003b10                rom_funcs_lookup
 *fill*         0x10003b46        0x2 
 .text.__wrap___aeabi_idiv
                0x10003b48       0x50 CMakeFiles/stickerCutter.dir/home/viktor/pico/pico-sdk/src/rp2_common/pico_divider/divider.S.obj
                0x10003b48                __wrap___aeabi_idivmod
                0x10003b48                divmod_s32s32
                0x10003b48                div_s32s32
                0x10003b48                __wrap___aeabi_idiv
                0x10003b50                divmod_s32s32_unsafe
                0x10003b7c                divmod_s32s32_savestate
 .text.__wrap___aeabi_uidiv
                0x10003b98       0x4c CMakeFiles/stickerCutter.dir/home/viktor/pico/pico-sdk/src/rp2_common/pico_divider/divider.S.obj
                0x10003b98                __wrap___aeabi_uidiv
                0x10003b98                __wrap___aeabi_uidivmod
                0x10003b98                div_u32u32
                0x10003b98                divmod_u32u32
                0x10003ba0                divmod_u32u32_unsafe
                0x10003bc8                divmod_u32u32_savestate
 .text.__wrap___aeabi_ldiv
                0x10003be4      0x434 CMakeFiles/stickerCutter.dir/home/viktor/pico/pico-sdk/src/rp2_common/pico_divider/divider.S.obj
                0x10003be4                div_s64s64
                0x10003be4                divmod_s64s64
                0x10003be4                __wrap___aeabi_ldivmod
                0x10003c1c                div_u64u64
                0x10003c1c                divmod_u64u64
                0x10003c1c                __wrap___aeabi_uldivmod
                0x10003c2c                divmod_u64u64_savestate
                0x10003c54                divmod_s64s64_unsafe
                0x10003cdc                divmod_u64u64_unsafe
 .text.push_r8_r11
                0x10004018        0xc CMakeFiles/stickerCutter.dir/home/viktor/pico/pico-sdk/src/rp2_common/pico_double/double_aeabi.S.obj
                0x10004018                push_r8_r11
 .text.pop_r8_r11
                0x10004024        0xc CMakeFiles/stickerCutter.dir/home/viktor/pico/pico-sdk/src/rp2_common/pico_double/double_aeabi.S.obj
                0x10004024                pop_r8_r11
 .text.__wrap___aeabi_darithmetic
                0x10004030       0x80 CMakeFiles/stickerCutter.dir/home/viktor/pico/pico-sdk/src/rp2_common/pico_double/double_aeabi.S.obj
                0x10004030                __wrap___aeabi_drsub
                0x10004036                __wrap___aeabi_dsub
                0x10004048                __wrap___aeabi_dadd
                0x1000405a                __wrap___aeabi_ddiv
                0x10004096                __wrap___aeabi_dmul
 .text.__wrap___aeabi_cdcmple
                0x100040b0       0x6c CMakeFiles/stickerCutter.dir/home/viktor/pico/pico-sdk/src/rp2_common/pico_double/double_aeabi.S.obj
                0x100040b0                __wrap___aeabi_cdrcmple
                0x100040c0                __wrap___aeabi_cdcmple
                0x100040c0                __wrap___aeabi_cdcmpeq
 .text.__wrap___aeabi_dcmplt
                0x1000411c        0xc CMakeFiles/stickerCutter.dir/home/viktor/pico/pico-sdk/src/rp2_common/pico_double/double_aeabi.S.obj
                0x1000411c                __wrap___aeabi_dcmplt
 .text.__wrap___aeabi_dcmple
                0x10004128       0x10 CMakeFiles/stickerCutter.dir/home/viktor/pico/pico-sdk/src/rp2_common/pico_double/double_aeabi.S.obj
                0x10004128                __wrap___aeabi_dcmple
 .text.__wrap___aeabi_dcmpge
                0x10004138       0x10 CMakeFiles/stickerCutter.dir/home/viktor/pico/pico-sdk/src/rp2_common/pico_double/double_aeabi.S.obj
                0x10004138                __wrap___aeabi_dcmpge
 .text.__wrap___aeabi_dcmpgt
                0x10004148        0xa CMakeFiles/stickerCutter.dir/home/viktor/pico/pico-sdk/src/rp2_common/pico_double/double_aeabi.S.obj
                0x10004148                __wrap___aeabi_dcmpgt
 .text.__wrap___aeabi_dcmpun
                0x10004152       0x1c CMakeFiles/stickerCutter.dir/home/viktor/pico/pico-sdk/src/rp2_common/pico_double/double_aeabi.S.obj
                0x10004152                __wrap___aeabi_dcmpun
 *fill*         0x1000416e        0x2 
 .text.__wrap___aeabi_i2d
                0x10004170       0x38 CMakeFiles/stickerCutter.dir/home/viktor/pico/pico-sdk/src/rp2_common/pico_double/double_aeabi.S.obj
                0x10004170                __wrap___aeabi_ui2d
                0x10004178                __wrap___aeabi_i2d
 .text.__wrap___aeabi_d2iz
                0x100041a8       0x48 CMakeFiles/stickerCutter.dir/home/viktor/pico/pico-sdk/src/rp2_common/pico_double/double_aeabi.S.obj
                0x100041a8                __wrap___aeabi_d2iz
                0x100041a8                double2int_z
 .text.__wrap___aeabi_d2uiz
                0x100041f0       0x18 CMakeFiles/stickerCutter.dir/home/viktor/pico/pico-sdk/src/rp2_common/pico_double/double_aeabi.S.obj
                0x100041f0                double2uint
                0x100041f0                __wrap___aeabi_d2uiz
 .text.fix642double
                0x10004208       0x18 CMakeFiles/stickerCutter.dir/home/viktor/pico/pico-sdk/src/rp2_common/pico_double/double_aeabi.S.obj
                0x10004208                fix642double
 .text.__wrap___aeabi_d2f
                0x10004220       0x18 CMakeFiles/stickerCutter.dir/home/viktor/pico/pico-sdk/src/rp2_common/pico_double/double_aeabi.S.obj
                0x10004220                __wrap___aeabi_d2f
 .text.__wrap_sincostan_remainder
                0x10004238       0x14 CMakeFiles/stickerCutter.dir/home/viktor/pico/pico-sdk/src/rp2_common/pico_double/double_aeabi.S.obj
                0x10004238                sincostan_remainder
 .text.__wrap_sin
                0x1000424c       0x2c CMakeFiles/stickerCutter.dir/home/viktor/pico/pico-sdk/src/rp2_common/pico_double/double_aeabi.S.obj
                0x1000424c                __wrap_sin
 .text.__aeabi_double_init
                0x10004278       0xc8 CMakeFiles/stickerCutter.dir/home/viktor/pico/pico-sdk/src/rp2_common/pico_double/double_init_rom.c.obj
                0x10004278                __aeabi_double_init
 .text.drem_0   0x10004340      0x12e CMakeFiles/stickerCutter.dir/home/viktor/pico/pico-sdk/src/rp2_common/pico_double/double_math.c.obj
 *fill*         0x1000446e        0x2 
 .text.__wrap_remquo
                0x10004470      0x14c CMakeFiles/stickerCutter.dir/home/viktor/pico/pico-sdk/src/rp2_common/pico_double/double_math.c.obj
                0x10004470                __wrap_remquo
 .text.__wrap_remainder
                0x100045bc       0x10 CMakeFiles/stickerCutter.dir/home/viktor/pico/pico-sdk/src/rp2_common/pico_double/double_math.c.obj
                0x100045bc                __wrap_remainder
 .text.double_table_shim_on_use_helper
                0x100045cc       0x34 CMakeFiles/stickerCutter.dir/home/viktor/pico/pico-sdk/src/rp2_common/pico_double/double_v1_rom_shim.S.obj
                0x100045cc                double_table_shim_on_use_helper
 .text.__wrap___aeabi_dsub
                0x10004600       0x10 CMakeFiles/stickerCutter.dir/home/viktor/pico/pico-sdk/src/rp2_common/pico_double/double_v1_rom_shim.S.obj
                0x10004600                drsub_shim
                0x10004606                dsub_shim
 .text.dadd_shim
                0x10004610      0x15c CMakeFiles/stickerCutter.dir/home/viktor/pico/pico-sdk/src/rp2_common/pico_double/double_v1_rom_shim.S.obj
                0x10004610                dadd_shim
 .text.dmul_shim
                0x1000476c      0x15c CMakeFiles/stickerCutter.dir/home/viktor/pico/pico-sdk/src/rp2_common/pico_double/double_v1_rom_shim.S.obj
                0x1000476c                dmul_shim
 .text.ddiv_shim
                0x100048c8      0x1b0 CMakeFiles/stickerCutter.dir/home/viktor/pico/pico-sdk/src/rp2_common/pico_double/double_v1_rom_shim.S.obj
                0x100048c8                ddiv_shim
 .text.dcordic_vec_step
                0x10004a78        0xe CMakeFiles/stickerCutter.dir/home/viktor/pico/pico-sdk/src/rp2_common/pico_double/double_v1_rom_shim.S.obj
                0x10004a78                dcordic_vec_step
 .text.dcordic_rot_step
                0x10004a86       0x76 CMakeFiles/stickerCutter.dir/home/viktor/pico/pico-sdk/src/rp2_common/pico_double/double_v1_rom_shim.S.obj
                0x10004a86                dcordic_rot_step
 .text.double2uint_shim
                0x10004afc        0xe CMakeFiles/stickerCutter.dir/home/viktor/pico/pico-sdk/src/rp2_common/pico_double/double_v1_rom_shim.S.obj
                0x10004afc                double2uint_shim
                0x10004afe                double2ufix_shim
 .text.double2int64_shim
                0x10004b0a       0x1a CMakeFiles/stickerCutter.dir/home/viktor/pico/pico-sdk/src/rp2_common/pico_double/double_v1_rom_shim.S.obj
                0x10004b0a                double2int64_shim
                0x10004b0c                double2fix64_shim
 .text.double2uint64_shim
                0x10004b24       0x70 CMakeFiles/stickerCutter.dir/home/viktor/pico/pico-sdk/src/rp2_common/pico_double/double_v1_rom_shim.S.obj
                0x10004b24                double2uint64_shim
                0x10004b26                double2ufix64_shim
                0x10004b46                d2fix_a
 .text.double2float_shim
                0x10004b94       0x5c CMakeFiles/stickerCutter.dir/home/viktor/pico/pico-sdk/src/rp2_common/pico_double/double_v1_rom_shim.S.obj
                0x10004b94                double2float_shim
 .text.x2double_shims
                0x10004bf0       0x90 CMakeFiles/stickerCutter.dir/home/viktor/pico/pico-sdk/src/rp2_common/pico_double/double_v1_rom_shim.S.obj
                0x10004bf0                uint2double_shim
                0x10004bf2                ufix2double_shim
                0x10004bf8                int2double_shim
                0x10004bfa                fix2double_shim
                0x10004c00                uint642double_shim
                0x10004c02                ufix642double_shim
                0x10004c08                int642double_shim
                0x10004c0a                fix642double_shim
 .text.dunpacks
                0x10004c80       0x3c CMakeFiles/stickerCutter.dir/home/viktor/pico/pico-sdk/src/rp2_common/pico_double/double_v1_rom_shim.S.obj
                0x10004c80                dunpacks
 .text.dreduce  0x10004cbc       0x82 CMakeFiles/stickerCutter.dir/home/viktor/pico/pico-sdk/src/rp2_common/pico_double/double_v1_rom_shim.S.obj
                0x10004cbc                dreduce
 .text.dsin_shim
                0x10004d3e       0x14 CMakeFiles/stickerCutter.dir/home/viktor/pico/pico-sdk/src/rp2_common/pico_double/double_v1_rom_shim.S.obj
                0x10004d3e                dsin_shim
 *fill*         0x10004d52        0x2 
 .text.dtrig_guts
                0x10004d54      0x2ec CMakeFiles/stickerCutter.dir/home/viktor/pico/pico-sdk/src/rp2_common/pico_double/double_v1_rom_shim.S.obj
                0x10004e2c                datan2_shim
 .text.__aeabi_lmul
                0x10005040       0x32 CMakeFiles/stickerCutter.dir/home/viktor/pico/pico-sdk/src/rp2_common/pico_int64_ops/pico_int64_ops_aeabi.S.obj
                0x10005040                __wrap___aeabi_lmul
 *fill*         0x10005072        0x2 
 .text.__wrap___aeabi_farithmetic
                0x10005074       0x58 CMakeFiles/stickerCutter.dir/home/viktor/pico/pico-sdk/src/rp2_common/pico_float/float_aeabi.S.obj
                0x10005074                __wrap___aeabi_frsub
                0x1000507a                __wrap___aeabi_fsub
                0x10005084                __wrap___aeabi_fadd
                0x1000508e                __wrap___aeabi_fdiv
                0x100050ba                __wrap___aeabi_fmul
 .text.__wrap___aeabi_cfcmple
                0x100050cc       0x50 CMakeFiles/stickerCutter.dir/home/viktor/pico/pico-sdk/src/rp2_common/pico_float/float_aeabi.S.obj
                0x100050cc                __wrap___aeabi_cfrcmple
                0x100050d8                __wrap___aeabi_cfcmpeq
                0x100050d8                __wrap___aeabi_cfcmple
 .text.__wrap___aeabi_fcmplt
                0x1000511c        0xc CMakeFiles/stickerCutter.dir/home/viktor/pico/pico-sdk/src/rp2_common/pico_float/float_aeabi.S.obj
                0x1000511c                __wrap___aeabi_fcmplt
 .text.__wrap___aeabi_fcmpge
                0x10005128       0x10 CMakeFiles/stickerCutter.dir/home/viktor/pico/pico-sdk/src/rp2_common/pico_float/float_aeabi.S.obj
                0x10005128                __wrap___aeabi_fcmpge
 .text.__wrap___aeabi_fcmpgt
                0x10005138        0xa CMakeFiles/stickerCutter.dir/home/viktor/pico/pico-sdk/src/rp2_common/pico_float/float_aeabi.S.obj
                0x10005138                __wrap___aeabi_fcmpgt
 .text.__wrap___aeabi_f2iz
                0x10005142       0x4e CMakeFiles/stickerCutter.dir/home/viktor/pico/pico-sdk/src/rp2_common/pico_float/float_aeabi.S.obj
                0x10005142                __wrap___aeabi_f2iz
                0x10005142                float2int_z
 .text.float2int
                0x10005190       0x14 CMakeFiles/stickerCutter.dir/home/viktor/pico/pico-sdk/src/rp2_common/pico_float/float_aeabi.S.obj
                0x10005190                float2int
 .text.__wrap___aeabi_f2uiz
                0x100051a4       0x10 CMakeFiles/stickerCutter.dir/home/viktor/pico/pico-sdk/src/rp2_common/pico_float/float_aeabi.S.obj
                0x100051a4                __wrap___aeabi_f2uiz
 .text.__wrap___aeabi_f2d
                0x100051b4       0x14 CMakeFiles/stickerCutter.dir/home/viktor/pico/pico-sdk/src/rp2_common/pico_float/float_aeabi.S.obj
                0x100051b4                __wrap___aeabi_f2d
 .text.__aeabi_float_init
                0x100051c8       0xfc CMakeFiles/stickerCutter.dir/home/viktor/pico/pico-sdk/src/rp2_common/pico_float/float_init_rom.c.obj
                0x100051c8                __aeabi_float_init
 .text.float_table_shim_on_use_helper
                0x100052c4       0x34 CMakeFiles/stickerCutter.dir/home/viktor/pico/pico-sdk/src/rp2_common/pico_float/float_v1_rom_shim.S.obj
                0x100052c4                float_table_shim_on_use_helper
 .text.float232_shims
                0x100052f8       0x18 CMakeFiles/stickerCutter.dir/home/viktor/pico/pico-sdk/src/rp2_common/pico_float/float_v1_rom_shim.S.obj
                0x100052f8                float2int_shim
                0x100052fa                float2fix_shim
 .text.float2double_shim
                0x10005310       0x30 CMakeFiles/stickerCutter.dir/home/viktor/pico/pico-sdk/src/rp2_common/pico_float/float_v1_rom_shim.S.obj
                0x10005310                float2double_shim
 .text          0x10005340       0x10 CMakeFiles/stickerCutter.dir/home/viktor/pico/pico-sdk/src/rp2_common/pico_mem_ops/mem_ops_aeabi.S.obj
                0x10005340                __aeabi_mem_init
 .text.memset   0x10005350        0xc CMakeFiles/stickerCutter.dir/home/viktor/pico/pico-sdk/src/rp2_common/pico_mem_ops/mem_ops_aeabi.S.obj
                0x10005350                __wrap_memset
 .text.memcpy   0x1000535c        0xc CMakeFiles/stickerCutter.dir/home/viktor/pico/pico-sdk/src/rp2_common/pico_mem_ops/mem_ops_aeabi.S.obj
                0x1000535c                __wrap___aeabi_memcpy
                0x1000535c                __wrap_memcpy
 .text.stdio_out_chars_no_crlf
                0x10005368        0xe CMakeFiles/stickerCutter.dir/home/viktor/pico/pico-sdk/src/rp2_common/pico_stdio/stdio.c.obj
 *fill*         0x10005376        0x2 
 .text.stdio_out_chars_crlf
                0x10005378       0x80 CMakeFiles/stickerCutter.dir/home/viktor/pico/pico-sdk/src/rp2_common/pico_stdio/stdio.c.obj
 .text.stdio_stack_buffer_flush
                0x100053f8       0x44 CMakeFiles/stickerCutter.dir/home/viktor/pico/pico-sdk/src/rp2_common/pico_stdio/stdio.c.obj
 .text.stdio_buffered_printer
                0x1000543c       0x20 CMakeFiles/stickerCutter.dir/home/viktor/pico/pico-sdk/src/rp2_common/pico_stdio/stdio.c.obj
 .text.stdout_serialize_begin
                0x1000545c       0x30 CMakeFiles/stickerCutter.dir/home/viktor/pico/pico-sdk/src/rp2_common/pico_stdio/stdio.c.obj
                0x1000545c                stdout_serialize_begin
 .text.stdout_serialize_end
                0x1000548c       0x10 CMakeFiles/stickerCutter.dir/home/viktor/pico/pico-sdk/src/rp2_common/pico_stdio/stdio.c.obj
                0x1000548c                stdout_serialize_end
 .text.stdio_put_string
                0x1000549c       0x94 CMakeFiles/stickerCutter.dir/home/viktor/pico/pico-sdk/src/rp2_common/pico_stdio/stdio.c.obj
 .text.stdio_set_driver_enabled
                0x10005530       0x2c CMakeFiles/stickerCutter.dir/home/viktor/pico/pico-sdk/src/rp2_common/pico_stdio/stdio.c.obj
                0x10005530                stdio_set_driver_enabled
 .text.stdio_flush
                0x1000555c       0x20 CMakeFiles/stickerCutter.dir/home/viktor/pico/pico-sdk/src/rp2_common/pico_stdio/stdio.c.obj
                0x1000555c                stdio_flush
 .text.__wrap_puts
                0x1000557c       0x1e CMakeFiles/stickerCutter.dir/home/viktor/pico/pico-sdk/src/rp2_common/pico_stdio/stdio.c.obj
                0x1000557c                __wrap_puts
 *fill*         0x1000559a        0x2 
 .text.__wrap_vprintf
                0x1000559c       0x44 CMakeFiles/stickerCutter.dir/home/viktor/pico/pico-sdk/src/rp2_common/pico_stdio/stdio.c.obj
                0x1000559c                __wrap_vprintf
 .text.__wrap_printf
                0x100055e0       0x18 CMakeFiles/stickerCutter.dir/home/viktor/pico/pico-sdk/src/rp2_common/pico_stdio/stdio.c.obj
                0x100055e0                __wrap_printf
 .text.stdio_init_all
                0x100055f8        0x8 CMakeFiles/stickerCutter.dir/home/viktor/pico/pico-sdk/src/rp2_common/pico_stdio/stdio.c.obj
                0x100055f8                stdio_init_all
 .text.stdio_uart_out_chars
                0x10005600       0x74 CMakeFiles/stickerCutter.dir/home/viktor/pico/pico-sdk/src/rp2_common/pico_stdio_uart/stdio_uart.c.obj
 .text.stdio_uart_in_chars
                0x10005674       0x54 CMakeFiles/stickerCutter.dir/home/viktor/pico/pico-sdk/src/rp2_common/pico_stdio_uart/stdio_uart.c.obj
                0x10005674                stdio_uart_in_chars
 .text.stdio_uart_init_full
                0x100056c8       0x3c CMakeFiles/stickerCutter.dir/home/viktor/pico/pico-sdk/src/rp2_common/pico_stdio_uart/stdio_uart.c.obj
                0x100056c8                stdio_uart_init_full
 .text.stdio_uart_init
                0x10005704       0x28 CMakeFiles/stickerCutter.dir/home/viktor/pico/pico-sdk/src/rp2_common/pico_stdio_uart/stdio_uart.c.obj
                0x10005704                stdio_uart_init
 .text._pio_can_add_program_at_offset
                0x1000572c       0x3c CMakeFiles/stickerCutter.dir/home/viktor/pico/pico-sdk/src/rp2_common/hardware_pio/pio.c.obj
 .text._pio_find_offset_for_program
                0x10005768       0x7c CMakeFiles/stickerCutter.dir/home/viktor/pico/pico-sdk/src/rp2_common/hardware_pio/pio.c.obj
 .text._pio_add_program_at_offset
                0x100057e4       0x78 CMakeFiles/stickerCutter.dir/home/viktor/pico/pico-sdk/src/rp2_common/hardware_pio/pio.c.obj
 .text.pio_add_program
                0x1000585c       0x38 CMakeFiles/stickerCutter.dir/home/viktor/pico/pico-sdk/src/rp2_common/hardware_pio/pio.c.obj
                0x1000585c                pio_add_program
 .text.pio_sm_set_consecutive_pindirs
                0x10005894       0x70 CMakeFiles/stickerCutter.dir/home/viktor/pico/pico-sdk/src/rp2_common/hardware_pio/pio.c.obj
                0x10005894                pio_sm_set_consecutive_pindirs
 .text.pio_sm_init
                0x10005904       0xa8 CMakeFiles/stickerCutter.dir/home/viktor/pico/pico-sdk/src/rp2_common/hardware_pio/pio.c.obj
                0x10005904                pio_sm_init
 .text          0x100059ac       0x38 /usr/lib/gcc/arm-none-eabi/8.3.1/../../../arm-none-eabi/lib/thumb/v6-m/nofp/libg.a(lib_a-itoa.o)
                0x100059ac                __itoa
                0x100059dc                itoa
 .text          0x100059e4       0x50 /usr/lib/gcc/arm-none-eabi/8.3.1/../../../arm-none-eabi/lib/thumb/v6-m/nofp/libg.a(lib_a-strcat.o)
                0x100059e4                strcat
 .text          0x10005a34       0x10 /usr/lib/gcc/arm-none-eabi/8.3.1/../../../arm-none-eabi/lib/thumb/v6-m/nofp/libg.a(lib_a-strcpy.o)
                0x10005a34                strcpy
 .text          0x10005a44       0x68 /usr/lib/gcc/arm-none-eabi/8.3.1/../../../arm-none-eabi/lib/thumb/v6-m/nofp/libg.a(lib_a-strlen-stub.o)
                0x10005a44                strlen
 .text          0x10005aac       0x68 /usr/lib/gcc/arm-none-eabi/8.3.1/../../../arm-none-eabi/lib/thumb/v6-m/nofp/libg.a(lib_a-strncat.o)
                0x10005aac                strncat
 .text          0x10005b14      0x184 /usr/lib/gcc/arm-none-eabi/8.3.1/../../../arm-none-eabi/lib/thumb/v6-m/nofp/libg.a(lib_a-strtol.o)
                0x10005c60                _strtol_r
                0x10005c68                strtol_l
                0x10005c80                strtol
 .text          0x10005c98       0x88 /usr/lib/gcc/arm-none-eabi/8.3.1/../../../arm-none-eabi/lib/thumb/v6-m/nofp/libg.a(lib_a-utoa.o)
                0x10005c98                __utoa
                0x10005d18                utoa
 .text          0x10005d20        0xc /usr/lib/gcc/arm-none-eabi/8.3.1/../../../arm-none-eabi/lib/thumb/v6-m/nofp/libg.a(lib_a-errno.o)
                0x10005d20                __errno
 *(.fini)
 .fini          0x10005d2c        0x4 /usr/lib/gcc/arm-none-eabi/8.3.1/thumb/v6-m/nofp/crti.o
                0x10005d2c                _fini
 .fini.__stub   0x10005d30       0x50 linker stubs
 *crtbegin.o(.ctors)
 *crtbegin?.o(.ctors)
 *(EXCLUDE_FILE(*crtend.o *crtend?.o) .ctors)
 *(SORT_BY_NAME(.ctors.*))
 *(.ctors)
 *crtbegin.o(.dtors)
 *crtbegin?.o(.dtors)
 *(EXCLUDE_FILE(*crtend.o *crtend?.o) .dtors)
 *(SORT_BY_NAME(.dtors.*))
 *(.dtors)
 *(.eh_frame*)
 .eh_frame      0x10005d80        0x0 /usr/lib/gcc/arm-none-eabi/8.3.1/thumb/v6-m/nofp/crtbegin.o
                0x10005d80                . = ALIGN (0x4)

.glue_7         0x10005d80        0x0
 .glue_7        0x10005d80        0x0 linker stubs

.glue_7t        0x10005d80        0x0
 .glue_7t       0x10005d80        0x0 linker stubs

.vfp11_veneer   0x10005d80        0x0
 .vfp11_veneer  0x10005d80        0x0 linker stubs

.v4_bx          0x10005d80        0x0
 .v4_bx         0x10005d80        0x0 linker stubs

.iplt           0x10005d80        0x0
 .iplt          0x10005d80        0x0 /usr/lib/gcc/arm-none-eabi/8.3.1/thumb/v6-m/nofp/crtbegin.o

.rodata         0x10005d80     0x11bc
 *(EXCLUDE_FILE(*libm.a: *libc.a:*lib_a-mem*.o *libgcc.a:) .rodata*)
 .rodata.main.str1.4
                0x10005d80       0x45 CMakeFiles/stickerCutter.dir/main.c.obj
 *fill*         0x10005dc5        0x3 
 .rodata.quadrature_encoder_program
                0x10005dc8        0x6 CMakeFiles/stickerCutter.dir/main.c.obj
 *fill*         0x10005dce        0x2 
 .rodata.quadrature_encoder_program_instructions
                0x10005dd0       0x3a CMakeFiles/stickerCutter.dir/main.c.obj
 *fill*         0x10005e0a        0x2 
 .rodata.LCDwriteMessage
                0x10005e0c       0x18 CMakeFiles/stickerCutter.dir/lcd/LCDops.c.obj
 .rodata.LCDclear.str1.4
                0x10005e24       0x21 CMakeFiles/stickerCutter.dir/lcd/LCDops.c.obj
 *fill*         0x10005e45        0x3 
 .rodata.LCDinit.str1.4
                0x10005e48       0x2d CMakeFiles/stickerCutter.dir/lcd/LCDops.c.obj
 *fill*         0x10005e75        0x3 
 .rodata.LCDwriteMessage.str1.4
                0x10005e78        0xb CMakeFiles/stickerCutter.dir/lcd/LCDops.c.obj
 *fill*         0x10005e83        0x1 
 .rodata.__func__.4827
                0x10005e84       0x1a CMakeFiles/stickerCutter.dir/home/viktor/pico/pico-sdk/src/rp2_common/hardware_irq/irq.c.obj
 *fill*         0x10005e9e        0x2 
 .rodata.__func__.4841
                0x10005ea0        0xc CMakeFiles/stickerCutter.dir/home/viktor/pico/pico-sdk/src/rp2_common/hardware_irq/irq.c.obj
 .rodata.__func__.4849
                0x10005eac       0x17 CMakeFiles/stickerCutter.dir/home/viktor/pico/pico-sdk/src/rp2_common/hardware_irq/irq.c.obj
 *fill*         0x10005ec3        0x1 
 .rodata.__func__.4853
                0x10005ec4        0xf CMakeFiles/stickerCutter.dir/home/viktor/pico/pico-sdk/src/rp2_common/hardware_irq/irq.c.obj
 *fill*         0x10005ed3        0x1 
 .rodata.__func__.4892
                0x10005ed4       0x13 CMakeFiles/stickerCutter.dir/home/viktor/pico/pico-sdk/src/rp2_common/hardware_irq/irq.c.obj
 *fill*         0x10005ee7        0x1 
 .rodata.__func__.4914
                0x10005ee8       0x1a CMakeFiles/stickerCutter.dir/home/viktor/pico/pico-sdk/src/rp2_common/hardware_irq/irq.c.obj
 *fill*         0x10005f02        0x2 
 .rodata.insert_branch_and_link.str1.4
                0x10005f04       0x10 CMakeFiles/stickerCutter.dir/home/viktor/pico/pico-sdk/src/rp2_common/hardware_irq/irq.c.obj
 .rodata.irq_add_shared_handler.str1.4
                0x10005f14       0xd9 CMakeFiles/stickerCutter.dir/home/viktor/pico/pico-sdk/src/rp2_common/hardware_irq/irq.c.obj
 *fill*         0x10005fed        0x3 
 .rodata.irq_add_tail_to_free_list.str1.4
                0x10005ff0       0x3a CMakeFiles/stickerCutter.dir/home/viktor/pico/pico-sdk/src/rp2_common/hardware_irq/irq.c.obj
 *fill*         0x1000602a        0x2 
 .rodata.irq_remove_handler.str1.4
                0x1000602c       0x2a CMakeFiles/stickerCutter.dir/home/viktor/pico/pico-sdk/src/rp2_common/hardware_irq/irq.c.obj
 *fill*         0x10006056        0x2 
 .rodata.irq_set_exclusive_handler.str1.4
                0x10006058       0x36 CMakeFiles/stickerCutter.dir/home/viktor/pico/pico-sdk/src/rp2_common/hardware_irq/irq.c.obj
 *fill*         0x1000608e        0x2 
 .rodata.make_branch.str1.4
                0x10006090       0x6d CMakeFiles/stickerCutter.dir/home/viktor/pico/pico-sdk/src/rp2_common/hardware_irq/irq.c.obj
 *fill*         0x100060fd        0x3 
 .rodata.__func__.5751
                0x10006100       0x15 CMakeFiles/stickerCutter.dir/home/viktor/pico/pico-sdk/src/common/pico_time/time.c.obj
 *fill*         0x10006115        0x3 
 .rodata.__func__.6069
                0x10006118        0xc CMakeFiles/stickerCutter.dir/home/viktor/pico/pico-sdk/src/common/pico_time/time.c.obj
 .rodata.__func__.6076
                0x10006124       0x12 CMakeFiles/stickerCutter.dir/home/viktor/pico/pico-sdk/src/common/pico_time/time.c.obj
 *fill*         0x10006136        0x2 
 .rodata.__func__.6092
                0x10006138        0xf CMakeFiles/stickerCutter.dir/home/viktor/pico/pico-sdk/src/common/pico_time/time.c.obj
 *fill*         0x10006147        0x1 
 .rodata.__func__.6114
                0x10006148        0xd CMakeFiles/stickerCutter.dir/home/viktor/pico/pico-sdk/src/common/pico_time/time.c.obj
 *fill*         0x10006155        0x3 
 .rodata.__func__.6337
                0x10006158        0xa CMakeFiles/stickerCutter.dir/home/viktor/pico/pico-sdk/src/common/pico_time/time.c.obj
 *fill*         0x10006162        0x2 
 .rodata.__func__.6342
                0x10006164       0x12 CMakeFiles/stickerCutter.dir/home/viktor/pico/pico-sdk/src/common/pico_time/time.c.obj
 *fill*         0x10006176        0x2 
 .rodata.__func__.6357
                0x10006178       0x17 CMakeFiles/stickerCutter.dir/home/viktor/pico/pico-sdk/src/common/pico_time/time.c.obj
 *fill*         0x1000618f        0x1 
 .rodata.__func__.6368
                0x10006190       0x15 CMakeFiles/stickerCutter.dir/home/viktor/pico/pico-sdk/src/common/pico_time/time.c.obj
 *fill*         0x100061a5        0x3 
 .rodata.__func__.6385
                0x100061a8       0x1a CMakeFiles/stickerCutter.dir/home/viktor/pico/pico-sdk/src/common/pico_time/time.c.obj
 *fill*         0x100061c2        0x2 
 .rodata.__func__.6439
                0x100061c4       0x19 CMakeFiles/stickerCutter.dir/home/viktor/pico/pico-sdk/src/common/pico_time/time.c.obj
 *fill*         0x100061dd        0x3 
 .rodata.add_alarm_under_lock.str1.4
                0x100061e0       0x28 CMakeFiles/stickerCutter.dir/home/viktor/pico/pico-sdk/src/common/pico_time/time.c.obj
                                 0x2b (size before relaxing)
 .rodata.alarm_pool_alarm_callback.str1.4
                0x10006208       0xe6 CMakeFiles/stickerCutter.dir/home/viktor/pico/pico-sdk/src/common/pico_time/time.c.obj
 *fill*         0x100062ee        0x2 
 .rodata.alarm_pool_dump_key.str1.4
                0x100062f0       0x33 CMakeFiles/stickerCutter.dir/home/viktor/pico/pico-sdk/src/common/pico_time/time.c.obj
 *fill*         0x10006323        0x1 
 .rodata.alarm_pool_get_default.str1.4
                0x10006324       0x21 CMakeFiles/stickerCutter.dir/home/viktor/pico/pico-sdk/src/common/pico_time/time.c.obj
 *fill*         0x10006345        0x3 
 .rodata.ph_add_child_node.str1.4
                0x10006348       0x96 CMakeFiles/stickerCutter.dir/home/viktor/pico/pico-sdk/src/common/pico_time/time.c.obj
 *fill*         0x100063de        0x2 
 .rodata.repeating_timer_callback.str1.4
                0x100063e0       0x4b CMakeFiles/stickerCutter.dir/home/viktor/pico/pico-sdk/src/common/pico_time/time.c.obj
 *fill*         0x1000642b        0x1 
 .rodata.sleep_until.str1.4
                0x1000642c       0x4d CMakeFiles/stickerCutter.dir/home/viktor/pico/pico-sdk/src/common/pico_time/time.c.obj
 *fill*         0x10006479        0x3 
 .rodata.__func__.4625
                0x1000647c       0x1a CMakeFiles/stickerCutter.dir/home/viktor/pico/pico-sdk/src/rp2_common/hardware_timer/timer.c.obj
 *fill*         0x10006496        0x2 
 .rodata.hardware_alarm_claim.str1.4
                0x10006498       0x22 CMakeFiles/stickerCutter.dir/home/viktor/pico/pico-sdk/src/rp2_common/hardware_timer/timer.c.obj
 *fill*         0x100064ba        0x2 
 .rodata.hardware_alarm_set_target.str1.4
                0x100064bc       0x65 CMakeFiles/stickerCutter.dir/home/viktor/pico/pico-sdk/src/rp2_common/hardware_timer/timer.c.obj
 *fill*         0x10006521        0x3 
 .rodata.__func__.5767
                0x10006524        0xc CMakeFiles/stickerCutter.dir/home/viktor/pico/pico-sdk/src/common/pico_util/pheap.c.obj
 .rodata.__func__.5774
                0x10006530       0x12 CMakeFiles/stickerCutter.dir/home/viktor/pico/pico-sdk/src/common/pico_util/pheap.c.obj
 *fill*         0x10006542        0x2 
 .rodata.__func__.5860
                0x10006544       0x13 CMakeFiles/stickerCutter.dir/home/viktor/pico/pico-sdk/src/common/pico_util/pheap.c.obj
 *fill*         0x10006557        0x1 
 .rodata.__func__.5878
                0x10006558       0x18 CMakeFiles/stickerCutter.dir/home/viktor/pico/pico-sdk/src/common/pico_util/pheap.c.obj
 .rodata.ph_add_child_node.str1.4
                0x10006570       0x96 CMakeFiles/stickerCutter.dir/home/viktor/pico/pico-sdk/src/common/pico_util/pheap.c.obj
 .rodata.ph_remove_and_free_node.str1.4
                0x10006570       0x1e CMakeFiles/stickerCutter.dir/home/viktor/pico/pico-sdk/src/common/pico_util/pheap.c.obj
                                 0x26 (size before relaxing)
 *fill*         0x1000658e        0x2 
 .rodata.ph_remove_any_head.str1.4
                0x10006590       0x8c CMakeFiles/stickerCutter.dir/home/viktor/pico/pico-sdk/src/common/pico_util/pheap.c.obj
 .rodata.__func__.4759
                0x1000661c        0xb CMakeFiles/stickerCutter.dir/home/viktor/pico/pico-sdk/src/common/pico_sync/mutex.c.obj
 *fill*         0x10006627        0x1 
 .rodata.str1.4
                0x10006628       0x89 CMakeFiles/stickerCutter.dir/home/viktor/pico/pico-sdk/src/common/pico_sync/mutex.c.obj
                                 0xed (size before relaxing)
 *fill*         0x100066b1        0x3 
 .rodata.__assert_func.str1.4
                0x100066b4       0x3f CMakeFiles/stickerCutter.dir/home/viktor/pico/pico-sdk/src/rp2_common/pico_runtime/runtime.c.obj
                                 0x43 (size before relaxing)
 *fill*         0x100066f3        0x1 
 .rodata.__func__.5885
                0x100066f4        0xd CMakeFiles/stickerCutter.dir/home/viktor/pico/pico-sdk/src/rp2_common/pico_runtime/runtime.c.obj
 *fill*         0x10006701        0x3 
 .rodata.panic.str1.4
                0x10006704       0x12 CMakeFiles/stickerCutter.dir/home/viktor/pico/pico-sdk/src/rp2_common/pico_runtime/runtime.c.obj
 *fill*         0x10006716        0x2 
 .rodata.runtime_init.str1.4
                0x10006718       0x61 CMakeFiles/stickerCutter.dir/home/viktor/pico/pico-sdk/src/rp2_common/pico_runtime/runtime.c.obj
 *fill*         0x10006779        0x3 
 .rodata.__func__.4809
                0x1000677c       0x10 CMakeFiles/stickerCutter.dir/home/viktor/pico/pico-sdk/src/rp2_common/hardware_clocks/clocks.c.obj
 .rodata.clock_configure.str1.4
                0x1000678c       0x57 CMakeFiles/stickerCutter.dir/home/viktor/pico/pico-sdk/src/rp2_common/hardware_clocks/clocks.c.obj
 *fill*         0x100067e3        0x1 
 .rodata.__func__.4466
                0x100067e4        0x9 CMakeFiles/stickerCutter.dir/home/viktor/pico/pico-sdk/src/rp2_common/hardware_pll/pll.c.obj
 *fill*         0x100067ed        0x3 
 .rodata.pll_init.str1.4
                0x100067f0      0x13b CMakeFiles/stickerCutter.dir/home/viktor/pico/pico-sdk/src/rp2_common/hardware_pll/pll.c.obj
 *fill*         0x1000692b        0x1 
 .rodata._vsnprintf
                0x1000692c      0x1e0 CMakeFiles/stickerCutter.dir/home/viktor/pico/pico-sdk/src/rp2_common/pico_printf/printf.c.obj
 .rodata._ftoa.str1.4
                0x10006b0c       0x15 CMakeFiles/stickerCutter.dir/home/viktor/pico/pico-sdk/src/rp2_common/pico_printf/printf.c.obj
 *fill*         0x10006b21        0x7 
 .rodata.pow10.5481
                0x10006b28       0x50 CMakeFiles/stickerCutter.dir/home/viktor/pico/pico-sdk/src/rp2_common/pico_printf/printf.c.obj
 .rodata.__aeabi_double_init.str1.4
                0x10006b78       0xa8 CMakeFiles/stickerCutter.dir/home/viktor/pico/pico-sdk/src/rp2_common/pico_double/double_init_rom.c.obj
 .rodata.__func__.4778
                0x10006c20       0x14 CMakeFiles/stickerCutter.dir/home/viktor/pico/pico-sdk/src/rp2_common/pico_double/double_init_rom.c.obj
 .rodata.__aeabi_float_init.str1.4
                0x10006c34       0x7a CMakeFiles/stickerCutter.dir/home/viktor/pico/pico-sdk/src/rp2_common/pico_float/float_init_rom.c.obj
                                 0x7e (size before relaxing)
 *fill*         0x10006cae        0x2 
 .rodata.__func__.4779
                0x10006cb0       0x13 CMakeFiles/stickerCutter.dir/home/viktor/pico/pico-sdk/src/rp2_common/pico_float/float_init_rom.c.obj
 *fill*         0x10006cc3        0x1 
 .rodata.__bi_44
                0x10006cc4        0xc CMakeFiles/stickerCutter.dir/home/viktor/pico/pico-sdk/src/rp2_common/pico_standard_link/binary_info.c.obj
 .rodata.__bi_75
                0x10006cd0        0xc CMakeFiles/stickerCutter.dir/home/viktor/pico/pico-sdk/src/rp2_common/pico_standard_link/binary_info.c.obj
 .rodata.__bi_81
                0x10006cdc        0xc CMakeFiles/stickerCutter.dir/home/viktor/pico/pico-sdk/src/rp2_common/pico_standard_link/binary_info.c.obj
 .rodata.str1.4
                0x10006ce8       0x44 CMakeFiles/stickerCutter.dir/home/viktor/pico/pico-sdk/src/rp2_common/pico_standard_link/binary_info.c.obj
 .rodata.crlf_str.6110
                0x10006d2c        0x2 CMakeFiles/stickerCutter.dir/home/viktor/pico/pico-sdk/src/rp2_common/pico_stdio/stdio.c.obj
 *fill*         0x10006d2e        0x2 
 .rodata.__bi_28.4913
                0x10006d30        0xc CMakeFiles/stickerCutter.dir/home/viktor/pico/pico-sdk/src/rp2_common/pico_stdio_uart/stdio_uart.c.obj
 .rodata.__bi_29.4917
                0x10006d3c        0x8 CMakeFiles/stickerCutter.dir/home/viktor/pico/pico-sdk/src/rp2_common/pico_stdio_uart/stdio_uart.c.obj
 .rodata.str1.4
                0x10006d44       0x2c CMakeFiles/stickerCutter.dir/home/viktor/pico/pico-sdk/src/rp2_common/pico_stdio_uart/stdio_uart.c.obj
 .rodata.__func__.5390
                0x10006d70       0x1d CMakeFiles/stickerCutter.dir/home/viktor/pico/pico-sdk/src/rp2_common/hardware_pio/pio.c.obj
 *fill*         0x10006d8d        0x3 
 .rodata._pio_add_program_at_offset.str1.4
                0x10006d90       0x11 CMakeFiles/stickerCutter.dir/home/viktor/pico/pico-sdk/src/rp2_common/hardware_pio/pio.c.obj
 *fill*         0x10006da1        0x3 
 .rodata._pio_find_offset_for_program.str1.4
                0x10006da4       0x69 CMakeFiles/stickerCutter.dir/home/viktor/pico/pico-sdk/src/rp2_common/hardware_pio/pio.c.obj
 *fill*         0x10006e0d        0x3 
 .rodata.str1.4
                0x10006e10       0x25 /usr/lib/gcc/arm-none-eabi/8.3.1/../../../arm-none-eabi/lib/thumb/v6-m/nofp/libg.a(lib_a-utoa.o)
 *fill*         0x10006e35        0x3 
 .rodata        0x10006e38      0x101 /usr/lib/gcc/arm-none-eabi/8.3.1/../../../arm-none-eabi/lib/thumb/v6-m/nofp/libg.a(lib_a-ctype_.o)
                0x10006e38                _ctype_
                0x10006f3c                . = ALIGN (0x4)
 *fill*         0x10006f39        0x3 
 *(SORT_BY_ALIGNMENT(SORT_BY_NAME(.flashdata*)))
                0x10006f3c                . = ALIGN (0x4)

.rel.dyn        0x10006f3c        0x0
 .rel.iplt      0x10006f3c        0x0 /usr/lib/gcc/arm-none-eabi/8.3.1/thumb/v6-m/nofp/crtbegin.o

.ARM.extab
 *(.ARM.extab* .gnu.linkonce.armextab.*)
                0x10006f3c                __exidx_start = .

.ARM.exidx
 *(.ARM.exidx* .gnu.linkonce.armexidx.*)
                0x10006f3c                __exidx_end = .
                0x10006f3c                . = ALIGN (0x4)
                0x10006f3c                __binary_info_start = .

.binary_info    0x10006f3c       0x24
 *(.binary_info.keep.*)
 .binary_info.keep.__bi_ptr22
                0x10006f3c        0x4 CMakeFiles/stickerCutter.dir/home/viktor/pico/pico-sdk/src/rp2_common/pico_standard_link/binary_info.c.obj
 .binary_info.keep.__bi_ptr30
                0x10006f40        0x4 CMakeFiles/stickerCutter.dir/home/viktor/pico/pico-sdk/src/rp2_common/pico_standard_link/binary_info.c.obj
 .binary_info.keep.__bi_ptr38
                0x10006f44        0x4 CMakeFiles/stickerCutter.dir/home/viktor/pico/pico-sdk/src/rp2_common/pico_standard_link/binary_info.c.obj
 .binary_info.keep.__bi_ptr44
                0x10006f48        0x4 CMakeFiles/stickerCutter.dir/home/viktor/pico/pico-sdk/src/rp2_common/pico_standard_link/binary_info.c.obj
 .binary_info.keep.__bi_ptr50
                0x10006f4c        0x4 CMakeFiles/stickerCutter.dir/home/viktor/pico/pico-sdk/src/rp2_common/pico_standard_link/binary_info.c.obj
 .binary_info.keep.__bi_ptr75
                0x10006f50        0x4 CMakeFiles/stickerCutter.dir/home/viktor/pico/pico-sdk/src/rp2_common/pico_standard_link/binary_info.c.obj
 .binary_info.keep.__bi_ptr81
                0x10006f54        0x4 CMakeFiles/stickerCutter.dir/home/viktor/pico/pico-sdk/src/rp2_common/pico_standard_link/binary_info.c.obj
 *(.binary_info.*)
 .binary_info.__bi_ptr28
                0x10006f58        0x4 CMakeFiles/stickerCutter.dir/home/viktor/pico/pico-sdk/src/rp2_common/pico_stdio_uart/stdio_uart.c.obj
 .binary_info.__bi_ptr29
                0x10006f5c        0x4 CMakeFiles/stickerCutter.dir/home/viktor/pico/pico-sdk/src/rp2_common/pico_stdio_uart/stdio_uart.c.obj
                0x10006f60                __binary_info_end = .
                0x10006f60                . = ALIGN (0x4)
                0x10006f60                __etext = .

.ram_vector_table
                0x20000000       0xc0
 *(.ram_vector_table)
 .ram_vector_table
                0x20000000       0xc0 CMakeFiles/stickerCutter.dir/home/viktor/pico/pico-sdk/src/rp2_common/pico_runtime/runtime.c.obj
                0x20000000                ram_vector_table

.data           0x200000c0      0x64c load address 0x10006f60
                0x200000c0                __data_start__ = .
 *(vtable)
 *(.time_critical*)
 .time_critical.mutex_enter_blocking
                0x200000c0       0x48 CMakeFiles/stickerCutter.dir/home/viktor/pico/pico-sdk/src/common/pico_sync/mutex.c.obj
                0x200000c0                mutex_enter_blocking
 .time_critical.mutex_try_enter
                0x20000108       0x48 CMakeFiles/stickerCutter.dir/home/viktor/pico/pico-sdk/src/common/pico_sync/mutex.c.obj
                0x20000108                mutex_try_enter
 .time_critical.mutex_exit
                0x20000150       0x4c CMakeFiles/stickerCutter.dir/home/viktor/pico/pico-sdk/src/common/pico_sync/mutex.c.obj
                0x20000150                mutex_exit
 *(.text*)
 .text          0x2000019c        0x4 /usr/lib/gcc/arm-none-eabi/8.3.1/thumb/v6-m/nofp/libgcc.a(_dvmd_tls.o)
                0x2000019c                __aeabi_ldiv0
                0x2000019c                __aeabi_idiv0
 .text.__stub   0x200001a0       0x10 linker stubs
                0x200001b0                . = ALIGN (0x4)
 *(.rodata*)
                0x200001b0                . = ALIGN (0x4)
 *(.data*)
 .data.LCDpins  0x200001b0       0x38 CMakeFiles/stickerCutter.dir/main.c.obj
                0x200001b0                LCDpins
 .data.kd       0x200001e8        0x4 CMakeFiles/stickerCutter.dir/main.c.obj
                0x200001e8                kd
 .data.ki       0x200001ec        0x4 CMakeFiles/stickerCutter.dir/main.c.obj
                0x200001ec                ki
 .data.kp       0x200001f0        0x4 CMakeFiles/stickerCutter.dir/main.c.obj
                0x200001f0                kp
 .data.pio_qEnc
                0x200001f4        0x4 CMakeFiles/stickerCutter.dir/main.c.obj
                0x200001f4                pio_qEnc
 .data.setpoint
                0x200001f8        0x4 CMakeFiles/stickerCutter.dir/main.c.obj
                0x200001f8                setpoint
 .data.speed    0x200001fc        0x4 CMakeFiles/stickerCutter.dir/main.c.obj
                0x200001fc                speed
 .data.striped_spin_lock_num
                0x20000200        0x1 CMakeFiles/stickerCutter.dir/home/viktor/pico/pico-sdk/src/rp2_common/hardware_sync/sync.c.obj
 *fill*         0x20000201        0x3 
 .data          0x20000204       0x48 CMakeFiles/stickerCutter.dir/home/viktor/pico/pico-sdk/src/rp2_common/hardware_irq/irq_handler_chain.S.obj
                0x20000204                irq_handler_chain_slots
                0x20000234                irq_handler_chain_first_slot
                0x2000023e                irq_handler_chain_remove_tail
 .data.default_alarm_pool
                0x2000024c       0x18 CMakeFiles/stickerCutter.dir/home/viktor/pico/pico-sdk/src/common/pico_time/time.c.obj
 .data.default_alarm_pool_heap
                0x20000264       0x10 CMakeFiles/stickerCutter.dir/home/viktor/pico/pico-sdk/src/common/pico_time/time.c.obj
 *fill*         0x20000274        0xc 
 .data.aeabi_bits_funcs
                0x20000280       0x10 CMakeFiles/stickerCutter.dir/home/viktor/pico/pico-sdk/src/rp2_common/pico_bit_ops/bit_ops_aeabi.S.obj
                0x20000280                aeabi_bits_funcs
                0x20000290                aeabi_bits_funcs_end
 .data.aeabi_mem_funcs
                0x20000290       0x10 CMakeFiles/stickerCutter.dir/home/viktor/pico/pico-sdk/src/rp2_common/pico_mem_ops/mem_ops_aeabi.S.obj
                0x20000290                aeabi_mem_funcs
                0x200002a0                aeabi_mem_funcs_end
 .data.stdio_uart
                0x200002a0       0x14 CMakeFiles/stickerCutter.dir/home/viktor/pico/pico-sdk/src/rp2_common/pico_stdio_uart/stdio_uart.c.obj
                0x200002a0                stdio_uart
 *fill*         0x200002b4        0x4 
 .data          0x200002b8      0x430 /usr/lib/gcc/arm-none-eabi/8.3.1/../../../arm-none-eabi/lib/thumb/v6-m/nofp/libg.a(lib_a-impure.o)
                0x200002b8                _impure_ptr
                0x200006e8                . = ALIGN (0x4)
 *(.after_data.*)
                0x200006e8                . = ALIGN (0x4)
                0x200006e8                PROVIDE (__mutex_array_start = .)
 *(SORT_BY_NAME(.mutex_array.*))
 *(.mutex_array)
 .mutex_array   0x200006e8        0x8 CMakeFiles/stickerCutter.dir/home/viktor/pico/pico-sdk/src/rp2_common/pico_malloc/pico_malloc.c.obj
 .mutex_array   0x200006f0        0x8 CMakeFiles/stickerCutter.dir/home/viktor/pico/pico-sdk/src/rp2_common/pico_stdio/stdio.c.obj
                0x200006f8                PROVIDE (__mutex_array_end = .)
                0x200006f8                . = ALIGN (0x4)
                0x200006f8                PROVIDE (__preinit_array_start = .)
 *(SORT_BY_NAME(.preinit_array.*))
 .preinit_array.00001
                0x200006f8        0x4 CMakeFiles/stickerCutter.dir/home/viktor/pico/pico-sdk/src/rp2_common/pico_mem_ops/mem_ops_aeabi.S.obj
 .preinit_array.00010
                0x200006fc        0x4 CMakeFiles/stickerCutter.dir/home/viktor/pico/pico-sdk/src/rp2_common/pico_bit_ops/bit_ops_aeabi.S.obj
 .preinit_array.00020
                0x20000700        0x4 CMakeFiles/stickerCutter.dir/home/viktor/pico/pico-sdk/src/rp2_common/pico_double/double_aeabi.S.obj
 .preinit_array.00020
                0x20000704        0x4 CMakeFiles/stickerCutter.dir/home/viktor/pico/pico-sdk/src/rp2_common/pico_float/float_aeabi.S.obj
 *(.preinit_array)
                0x20000708                PROVIDE (__preinit_array_end = .)
                0x20000708                . = ALIGN (0x4)
                0x20000708                PROVIDE (__init_array_start = .)
 *(SORT_BY_NAME(.init_array.*))
 *(.init_array)
 .init_array    0x20000708        0x4 /usr/lib/gcc/arm-none-eabi/8.3.1/thumb/v6-m/nofp/crtbegin.o
                0x2000070c                PROVIDE (__init_array_end = .)
                0x2000070c                . = ALIGN (0x4)
                0x2000070c                PROVIDE (__fini_array_start = .)
 *(SORT_BY_NAME(.fini_array.*))
 *(.fini_array)
                0x2000070c                PROVIDE (__fini_array_end = .)
 *(.jcr)
                0x2000070c                . = ALIGN (0x4)
                0x2000070c                __data_end__ = .

.tm_clone_table
                0x2000070c        0x0 load address 0x100075ac
 .tm_clone_table
                0x2000070c        0x0 /usr/lib/gcc/arm-none-eabi/8.3.1/thumb/v6-m/nofp/crtbegin.o
 .tm_clone_table
                0x2000070c        0x0 /usr/lib/gcc/arm-none-eabi/8.3.1/thumb/v6-m/nofp/crtend.o

.igot.plt       0x2000070c        0x0 load address 0x100075ac
 .igot.plt      0x2000070c        0x0 /usr/lib/gcc/arm-none-eabi/8.3.1/thumb/v6-m/nofp/crtbegin.o

.uninitialized_data
                0x2000070c        0x0 load address 0x100075ac
                0x2000070c                . = ALIGN (0x4)
 *(.uninitialized_data*)

.scratch_x      0x20040000        0x0 load address 0x100075ac
                0x20040000                __scratch_x_start__ = .
 *(.scratch_x.*)
                0x20040000                . = ALIGN (0x4)
                0x20040000                __scratch_x_end__ = .
                0x100075ac                __scratch_x_source__ = LOADADDR (.scratch_x)

.scratch_y      0x20041000        0x0 load address 0x100075ac
                0x20041000                __scratch_y_start__ = .
 *(.scratch_y.*)
                0x20041000                . = ALIGN (0x4)
                0x20041000                __scratch_y_end__ = .
                0x100075ac                __scratch_y_source__ = LOADADDR (.scratch_y)

.bss            0x20000710      0x458
                0x20000710                . = ALIGN (0x4)
                0x20000710                __bss_start__ = .
 *(SORT_BY_ALIGNMENT(SORT_BY_NAME(.bss*)))
 .bss.default_alarm_pool_entries
                0x20000710      0x100 CMakeFiles/stickerCutter.dir/home/viktor/pico/pico-sdk/src/common/pico_time/time.c.obj
 .bss.ramp      0x20000810        0x8 CMakeFiles/stickerCutter.dir/main.c.obj
                0x20000810                ramp
 .bss           0x20000818       0x1c /usr/lib/gcc/arm-none-eabi/8.3.1/thumb/v6-m/nofp/crtbegin.o
 .bss.LCDdisplay
                0x20000834        0x4 CMakeFiles/stickerCutter.dir/lcd/LCDops.c.obj
                0x20000834                LCDdisplay
 .bss._used_instruction_space
                0x20000838        0x8 CMakeFiles/stickerCutter.dir/home/viktor/pico/pico-sdk/src/rp2_common/hardware_pio/pio.c.obj
 .bss.alarm_callbacks
                0x20000840       0x10 CMakeFiles/stickerCutter.dir/home/viktor/pico/pico-sdk/src/rp2_common/hardware_timer/timer.c.obj
 .bss.configured_freq
                0x20000850       0x28 CMakeFiles/stickerCutter.dir/home/viktor/pico/pico-sdk/src/rp2_common/hardware_clocks/clocks.c.obj
 .bss.default_alarm_pool_entry_ids_high
                0x20000878       0x10 CMakeFiles/stickerCutter.dir/home/viktor/pico/pico-sdk/src/common/pico_time/time.c.obj
 .bss.default_alarm_pool_heap_nodes
                0x20000888       0x30 CMakeFiles/stickerCutter.dir/home/viktor/pico/pico-sdk/src/common/pico_time/time.c.obj
 .bss.drivers   0x200008b8        0x4 CMakeFiles/stickerCutter.dir/home/viktor/pico/pico-sdk/src/rp2_common/pico_stdio/stdio.c.obj
 .bss.enc_dif   0x200008bc        0x4 CMakeFiles/stickerCutter.dir/main.c.obj
                0x200008bc                enc_dif
 .bss.filter    0x200008c0        0x4 CMakeFiles/stickerCutter.dir/home/viktor/pico/pico-sdk/src/rp2_common/pico_stdio/stdio.c.obj
 .bss.input     0x200008c4        0x4 CMakeFiles/stickerCutter.dir/main.c.obj
                0x200008c4                input
 .bss.output    0x200008c8        0x4 CMakeFiles/stickerCutter.dir/main.c.obj
                0x200008c8                output
 .bss.pools     0x200008cc       0x10 CMakeFiles/stickerCutter.dir/home/viktor/pico/pico-sdk/src/common/pico_time/time.c.obj
 .bss.sf_clz_func
                0x200008dc        0x4 CMakeFiles/stickerCutter.dir/home/viktor/pico/pico-sdk/src/rp2_common/pico_double/double_init_rom.c.obj
                0x200008dc                sf_clz_func
 .bss.sleep_notifier
                0x200008e0        0x4 CMakeFiles/stickerCutter.dir/home/viktor/pico/pico-sdk/src/common/pico_time/time.c.obj
 .bss.target_hi
                0x200008e4       0x10 CMakeFiles/stickerCutter.dir/home/viktor/pico/pico-sdk/src/rp2_common/hardware_timer/timer.c.obj
 .bss.uart_instance
                0x200008f4        0x4 CMakeFiles/stickerCutter.dir/home/viktor/pico/pico-sdk/src/rp2_common/pico_stdio_uart/stdio_uart.c.obj
 .bss.claimed   0x200008f8        0x1 CMakeFiles/stickerCutter.dir/home/viktor/pico/pico-sdk/src/rp2_common/hardware_timer/timer.c.obj
 .bss.irq_hander_chain_free_slot_head
                0x200008f9        0x1 CMakeFiles/stickerCutter.dir/home/viktor/pico/pico-sdk/src/rp2_common/hardware_irq/irq.c.obj
 .bss.timer_callbacks_pending
                0x200008fa        0x1 CMakeFiles/stickerCutter.dir/home/viktor/pico/pico-sdk/src/rp2_common/hardware_timer/timer.c.obj
 *(COMMON)
 *fill*         0x200008fb        0x5 
 COMMON         0x20000900       0x64 CMakeFiles/stickerCutter.dir/main.c.obj
                0x20000900                pid
                0x20000908                timer
                0x20000920                enc_new
                0x20000924                new_value
                0x20000928                lcd_speed
                0x2000092c                ctrldata
                0x20000960                enc_old
 COMMON         0x20000964        0x4 CMakeFiles/stickerCutter.dir/home/viktor/pico/pico-sdk/src/rp2_common/hardware_uart/uart.c.obj
                0x20000964                uart_char_to_line_feed
 COMMON         0x20000968      0x100 CMakeFiles/stickerCutter.dir/home/viktor/pico/pico-sdk/src/rp2_common/pico_double/double_init_rom.c.obj
                0x20000968                sd_table
 COMMON         0x20000a68      0x100 CMakeFiles/stickerCutter.dir/home/viktor/pico/pico-sdk/src/rp2_common/pico_float/float_init_rom.c.obj
                0x20000a68                sf_table
                0x20000b68                . = ALIGN (0x4)
                0x20000b68                __bss_end__ = .

.heap           0x20000b68      0x800
                0x20000b68                __end__ = .
                0x20000b68                end = __end__
 *(.heap*)
 .heap          0x20000b68      0x800 CMakeFiles/stickerCutter.dir/home/viktor/pico/pico-sdk/src/rp2_common/pico_standard_link/crt0.S.obj
                0x20001368                __HeapLimit = .

.stack1_dummy   0x20040000        0x0
 *(.stack1*)

.stack_dummy    0x20041000      0x800
 *(.stack*)
 .stack         0x20041000      0x800 CMakeFiles/stickerCutter.dir/home/viktor/pico/pico-sdk/src/rp2_common/pico_standard_link/crt0.S.obj

.flash_end      0x100075ac        0x0
                0x100075ac                __flash_binary_end = .
                0x20040000                __StackLimit = (ORIGIN (RAM) + LENGTH (RAM))
                0x20041000                __StackOneTop = (ORIGIN (SCRATCH_X) + LENGTH (SCRATCH_X))
                0x20042000                __StackTop = (ORIGIN (SCRATCH_Y) + LENGTH (SCRATCH_Y))
                0x20041000                __StackOneBottom = (__StackOneTop - SIZEOF (.stack1_dummy))
                0x20041800                __StackBottom = (__StackTop - SIZEOF (.stack_dummy))
                0x20042000                PROVIDE (__stack = __StackTop)
                0x00000001                ASSERT ((__StackLimit >= __HeapLimit), region RAM overflowed)
                0x00000001                ASSERT (((__binary_info_header_end - __logical_binary_start) <= 0x100), Binary info must be in first 256 bytes of the binary)
LOAD CMakeFiles/stickerCutter.dir/main.c.obj
LOAD CMakeFiles/stickerCutter.dir/lcd/LCDops.c.obj
LOAD CMakeFiles/stickerCutter.dir/lcd/generalOps.c.obj
LOAD CMakeFiles/stickerCutter.dir/lcd/presetChars.c.obj
LOAD CMakeFiles/stickerCutter.dir/lcd/presetMessages.c.obj
LOAD CMakeFiles/stickerCutter.dir/pid/PID.c.obj
LOAD CMakeFiles/stickerCutter.dir/home/viktor/pico/pico-sdk/src/rp2_common/pico_stdlib/stdlib.c.obj
LOAD CMakeFiles/stickerCutter.dir/home/viktor/pico/pico-sdk/src/rp2_common/hardware_gpio/gpio.c.obj
LOAD CMakeFiles/stickerCutter.dir/home/viktor/pico/pico-sdk/src/rp2_common/hardware_claim/claim.c.obj
LOAD CMakeFiles/stickerCutter.dir/home/viktor/pico/pico-sdk/src/rp2_common/pico_platform/platform.c.obj
LOAD CMakeFiles/stickerCutter.dir/home/viktor/pico/pico-sdk/src/rp2_common/hardware_sync/sync.c.obj
LOAD CMakeFiles/stickerCutter.dir/home/viktor/pico/pico-sdk/src/rp2_common/hardware_irq/irq.c.obj
LOAD CMakeFiles/stickerCutter.dir/home/viktor/pico/pico-sdk/src/rp2_common/hardware_irq/irq_handler_chain.S.obj
LOAD CMakeFiles/stickerCutter.dir/home/viktor/pico/pico-sdk/src/common/pico_sync/sem.c.obj
LOAD CMakeFiles/stickerCutter.dir/home/viktor/pico/pico-sdk/src/common/pico_sync/lock_core.c.obj
LOAD CMakeFiles/stickerCutter.dir/home/viktor/pico/pico-sdk/src/common/pico_time/time.c.obj
LOAD CMakeFiles/stickerCutter.dir/home/viktor/pico/pico-sdk/src/common/pico_time/timeout_helper.c.obj
LOAD CMakeFiles/stickerCutter.dir/home/viktor/pico/pico-sdk/src/rp2_common/hardware_timer/timer.c.obj
LOAD CMakeFiles/stickerCutter.dir/home/viktor/pico/pico-sdk/src/common/pico_util/datetime.c.obj
LOAD CMakeFiles/stickerCutter.dir/home/viktor/pico/pico-sdk/src/common/pico_util/pheap.c.obj
LOAD CMakeFiles/stickerCutter.dir/home/viktor/pico/pico-sdk/src/common/pico_util/queue.c.obj
LOAD CMakeFiles/stickerCutter.dir/home/viktor/pico/pico-sdk/src/common/pico_sync/mutex.c.obj
LOAD CMakeFiles/stickerCutter.dir/home/viktor/pico/pico-sdk/src/common/pico_sync/critical_section.c.obj
LOAD CMakeFiles/stickerCutter.dir/home/viktor/pico/pico-sdk/src/rp2_common/hardware_uart/uart.c.obj
LOAD CMakeFiles/stickerCutter.dir/home/viktor/pico/pico-sdk/src/rp2_common/hardware_divider/divider.S.obj
LOAD CMakeFiles/stickerCutter.dir/home/viktor/pico/pico-sdk/src/rp2_common/pico_runtime/runtime.c.obj
LOAD CMakeFiles/stickerCutter.dir/home/viktor/pico/pico-sdk/src/rp2_common/hardware_clocks/clocks.c.obj
LOAD CMakeFiles/stickerCutter.dir/home/viktor/pico/pico-sdk/src/rp2_common/hardware_pll/pll.c.obj
LOAD CMakeFiles/stickerCutter.dir/home/viktor/pico/pico-sdk/src/rp2_common/hardware_vreg/vreg.c.obj
LOAD CMakeFiles/stickerCutter.dir/home/viktor/pico/pico-sdk/src/rp2_common/hardware_watchdog/watchdog.c.obj
LOAD CMakeFiles/stickerCutter.dir/home/viktor/pico/pico-sdk/src/rp2_common/hardware_xosc/xosc.c.obj
LOAD CMakeFiles/stickerCutter.dir/home/viktor/pico/pico-sdk/src/rp2_common/pico_printf/printf.c.obj
LOAD CMakeFiles/stickerCutter.dir/home/viktor/pico/pico-sdk/src/rp2_common/pico_bit_ops/bit_ops_aeabi.S.obj
LOAD CMakeFiles/stickerCutter.dir/home/viktor/pico/pico-sdk/src/rp2_common/pico_bootrom/bootrom.c.obj
LOAD CMakeFiles/stickerCutter.dir/home/viktor/pico/pico-sdk/src/rp2_common/pico_divider/divider.S.obj
LOAD CMakeFiles/stickerCutter.dir/home/viktor/pico/pico-sdk/src/rp2_common/pico_double/double_aeabi.S.obj
LOAD CMakeFiles/stickerCutter.dir/home/viktor/pico/pico-sdk/src/rp2_common/pico_double/double_init_rom.c.obj
LOAD CMakeFiles/stickerCutter.dir/home/viktor/pico/pico-sdk/src/rp2_common/pico_double/double_math.c.obj
LOAD CMakeFiles/stickerCutter.dir/home/viktor/pico/pico-sdk/src/rp2_common/pico_double/double_v1_rom_shim.S.obj
LOAD CMakeFiles/stickerCutter.dir/home/viktor/pico/pico-sdk/src/rp2_common/pico_int64_ops/pico_int64_ops_aeabi.S.obj
LOAD CMakeFiles/stickerCutter.dir/home/viktor/pico/pico-sdk/src/rp2_common/pico_float/float_aeabi.S.obj
LOAD CMakeFiles/stickerCutter.dir/home/viktor/pico/pico-sdk/src/rp2_common/pico_float/float_init_rom.c.obj
LOAD CMakeFiles/stickerCutter.dir/home/viktor/pico/pico-sdk/src/rp2_common/pico_float/float_math.c.obj
LOAD CMakeFiles/stickerCutter.dir/home/viktor/pico/pico-sdk/src/rp2_common/pico_float/float_v1_rom_shim.S.obj
LOAD CMakeFiles/stickerCutter.dir/home/viktor/pico/pico-sdk/src/rp2_common/pico_malloc/pico_malloc.c.obj
LOAD CMakeFiles/stickerCutter.dir/home/viktor/pico/pico-sdk/src/rp2_common/pico_mem_ops/mem_ops_aeabi.S.obj
LOAD CMakeFiles/stickerCutter.dir/home/viktor/pico/pico-sdk/src/rp2_common/pico_standard_link/crt0.S.obj
LOAD CMakeFiles/stickerCutter.dir/home/viktor/pico/pico-sdk/src/rp2_common/pico_standard_link/new_delete.cpp.obj
LOAD CMakeFiles/stickerCutter.dir/home/viktor/pico/pico-sdk/src/rp2_common/pico_standard_link/binary_info.c.obj
LOAD CMakeFiles/stickerCutter.dir/home/viktor/pico/pico-sdk/src/rp2_common/pico_stdio/stdio.c.obj
LOAD CMakeFiles/stickerCutter.dir/home/viktor/pico/pico-sdk/src/rp2_common/pico_stdio_uart/stdio_uart.c.obj
LOAD CMakeFiles/stickerCutter.dir/home/viktor/pico/pico-sdk/src/rp2_common/pico_multicore/multicore.c.obj
LOAD CMakeFiles/stickerCutter.dir/home/viktor/pico/pico-sdk/src/rp2_common/hardware_pio/pio.c.obj
LOAD /tmp/ccNXo10r.o
LOAD /usr/lib/gcc/arm-none-eabi/8.3.1/../../../arm-none-eabi/lib/thumb/v6-m/nofp/libstdc++.a
LOAD /usr/lib/gcc/arm-none-eabi/8.3.1/../../../arm-none-eabi/lib/thumb/v6-m/nofp/libm.a
START GROUP
LOAD /usr/lib/gcc/arm-none-eabi/8.3.1/thumb/v6-m/nofp/libgcc.a
LOAD /usr/lib/gcc/arm-none-eabi/8.3.1/../../../arm-none-eabi/lib/thumb/v6-m/nofp/libg.a
LOAD /usr/lib/gcc/arm-none-eabi/8.3.1/../../../arm-none-eabi/lib/thumb/v6-m/nofp/libc.a
END GROUP
START GROUP
LOAD /usr/lib/gcc/arm-none-eabi/8.3.1/thumb/v6-m/nofp/libgcc.a
LOAD /usr/lib/gcc/arm-none-eabi/8.3.1/../../../arm-none-eabi/lib/thumb/v6-m/nofp/libc.a
LOAD /usr/lib/gcc/arm-none-eabi/8.3.1/../../../arm-none-eabi/lib/thumb/v6-m/nofp/libnosys.a
END GROUP
LOAD /usr/lib/gcc/arm-none-eabi/8.3.1/thumb/v6-m/nofp/crtend.o
LOAD /usr/lib/gcc/arm-none-eabi/8.3.1/thumb/v6-m/nofp/crtn.o
OUTPUT(stickerCutter.elf elf32-littlearm)
LOAD linker stubs

.ARM.attributes
                0x00000000       0x28
 .ARM.attributes
                0x00000000       0x1e /usr/lib/gcc/arm-none-eabi/8.3.1/thumb/v6-m/nofp/crti.o
 .ARM.attributes
                0x0000001e       0x2c /usr/lib/gcc/arm-none-eabi/8.3.1/thumb/v6-m/nofp/crtbegin.o
 .ARM.attributes
                0x0000004a       0x2c CMakeFiles/stickerCutter.dir/main.c.obj
 .ARM.attributes
                0x00000076       0x2c CMakeFiles/stickerCutter.dir/lcd/LCDops.c.obj
 .ARM.attributes
                0x000000a2       0x2c CMakeFiles/stickerCutter.dir/lcd/generalOps.c.obj
 .ARM.attributes
                0x000000ce       0x2c CMakeFiles/stickerCutter.dir/pid/PID.c.obj
 .ARM.attributes
                0x000000fa       0x2c CMakeFiles/stickerCutter.dir/home/viktor/pico/pico-sdk/src/rp2_common/hardware_gpio/gpio.c.obj
 .ARM.attributes
                0x00000126       0x2c CMakeFiles/stickerCutter.dir/home/viktor/pico/pico-sdk/src/rp2_common/hardware_claim/claim.c.obj
 .ARM.attributes
                0x00000152       0x2c CMakeFiles/stickerCutter.dir/home/viktor/pico/pico-sdk/src/rp2_common/pico_platform/platform.c.obj
 .ARM.attributes
                0x0000017e       0x2c CMakeFiles/stickerCutter.dir/home/viktor/pico/pico-sdk/src/rp2_common/hardware_sync/sync.c.obj
 .ARM.attributes
                0x000001aa       0x2c CMakeFiles/stickerCutter.dir/home/viktor/pico/pico-sdk/src/rp2_common/hardware_irq/irq.c.obj
 .ARM.attributes
                0x000001d6       0x22 CMakeFiles/stickerCutter.dir/home/viktor/pico/pico-sdk/src/rp2_common/hardware_irq/irq_handler_chain.S.obj
 .ARM.attributes
                0x000001f8       0x2c CMakeFiles/stickerCutter.dir/home/viktor/pico/pico-sdk/src/common/pico_sync/lock_core.c.obj
 .ARM.attributes
                0x00000224       0x2c CMakeFiles/stickerCutter.dir/home/viktor/pico/pico-sdk/src/common/pico_time/time.c.obj
 .ARM.attributes
                0x00000250       0x2c CMakeFiles/stickerCutter.dir/home/viktor/pico/pico-sdk/src/rp2_common/hardware_timer/timer.c.obj
 .ARM.attributes
                0x0000027c       0x2c CMakeFiles/stickerCutter.dir/home/viktor/pico/pico-sdk/src/common/pico_util/pheap.c.obj
 .ARM.attributes
                0x000002a8       0x2c CMakeFiles/stickerCutter.dir/home/viktor/pico/pico-sdk/src/common/pico_sync/mutex.c.obj
 .ARM.attributes
                0x000002d4       0x2c CMakeFiles/stickerCutter.dir/home/viktor/pico/pico-sdk/src/rp2_common/hardware_uart/uart.c.obj
 .ARM.attributes
                0x00000300       0x2c CMakeFiles/stickerCutter.dir/home/viktor/pico/pico-sdk/src/rp2_common/pico_runtime/runtime.c.obj
 .ARM.attributes
                0x0000032c       0x2c CMakeFiles/stickerCutter.dir/home/viktor/pico/pico-sdk/src/rp2_common/hardware_clocks/clocks.c.obj
 .ARM.attributes
                0x00000358       0x2c CMakeFiles/stickerCutter.dir/home/viktor/pico/pico-sdk/src/rp2_common/hardware_pll/pll.c.obj
 .ARM.attributes
                0x00000384       0x2c CMakeFiles/stickerCutter.dir/home/viktor/pico/pico-sdk/src/rp2_common/hardware_watchdog/watchdog.c.obj
 .ARM.attributes
                0x000003b0       0x2c CMakeFiles/stickerCutter.dir/home/viktor/pico/pico-sdk/src/rp2_common/hardware_xosc/xosc.c.obj
 .ARM.attributes
                0x000003dc       0x2c CMakeFiles/stickerCutter.dir/home/viktor/pico/pico-sdk/src/rp2_common/pico_printf/printf.c.obj
 .ARM.attributes
                0x00000408       0x22 CMakeFiles/stickerCutter.dir/home/viktor/pico/pico-sdk/src/rp2_common/pico_bit_ops/bit_ops_aeabi.S.obj
 .ARM.attributes
                0x0000042a       0x2c CMakeFiles/stickerCutter.dir/home/viktor/pico/pico-sdk/src/rp2_common/pico_bootrom/bootrom.c.obj
 .ARM.attributes
                0x00000456       0x22 CMakeFiles/stickerCutter.dir/home/viktor/pico/pico-sdk/src/rp2_common/pico_divider/divider.S.obj
 .ARM.attributes
                0x00000478       0x22 CMakeFiles/stickerCutter.dir/home/viktor/pico/pico-sdk/src/rp2_common/pico_double/double_aeabi.S.obj
 .ARM.attributes
                0x0000049a       0x2c CMakeFiles/stickerCutter.dir/home/viktor/pico/pico-sdk/src/rp2_common/pico_double/double_init_rom.c.obj
 .ARM.attributes
                0x000004c6       0x2c CMakeFiles/stickerCutter.dir/home/viktor/pico/pico-sdk/src/rp2_common/pico_double/double_math.c.obj
 .ARM.attributes
                0x000004f2       0x22 CMakeFiles/stickerCutter.dir/home/viktor/pico/pico-sdk/src/rp2_common/pico_double/double_v1_rom_shim.S.obj
 .ARM.attributes
                0x00000514       0x22 CMakeFiles/stickerCutter.dir/home/viktor/pico/pico-sdk/src/rp2_common/pico_int64_ops/pico_int64_ops_aeabi.S.obj
 .ARM.attributes
                0x00000536       0x22 CMakeFiles/stickerCutter.dir/home/viktor/pico/pico-sdk/src/rp2_common/pico_float/float_aeabi.S.obj
 .ARM.attributes
                0x00000558       0x2c CMakeFiles/stickerCutter.dir/home/viktor/pico/pico-sdk/src/rp2_common/pico_float/float_init_rom.c.obj
 .ARM.attributes
                0x00000584       0x22 CMakeFiles/stickerCutter.dir/home/viktor/pico/pico-sdk/src/rp2_common/pico_float/float_v1_rom_shim.S.obj
 .ARM.attributes
                0x000005a6       0x2c CMakeFiles/stickerCutter.dir/home/viktor/pico/pico-sdk/src/rp2_common/pico_malloc/pico_malloc.c.obj
 .ARM.attributes
                0x000005d2       0x22 CMakeFiles/stickerCutter.dir/home/viktor/pico/pico-sdk/src/rp2_common/pico_mem_ops/mem_ops_aeabi.S.obj
 .ARM.attributes
                0x000005f4       0x22 CMakeFiles/stickerCutter.dir/home/viktor/pico/pico-sdk/src/rp2_common/pico_standard_link/crt0.S.obj
 .ARM.attributes
                0x00000616       0x32 CMakeFiles/stickerCutter.dir/home/viktor/pico/pico-sdk/src/rp2_common/pico_standard_link/binary_info.c.obj
 .ARM.attributes
                0x00000648       0x2c CMakeFiles/stickerCutter.dir/home/viktor/pico/pico-sdk/src/rp2_common/pico_stdio/stdio.c.obj
 .ARM.attributes
                0x00000674       0x2c CMakeFiles/stickerCutter.dir/home/viktor/pico/pico-sdk/src/rp2_common/pico_stdio_uart/stdio_uart.c.obj
 .ARM.attributes
                0x000006a0       0x2c CMakeFiles/stickerCutter.dir/home/viktor/pico/pico-sdk/src/rp2_common/hardware_pio/pio.c.obj
 .ARM.attributes
                0x000006cc       0x22 /tmp/ccNXo10r.o
 .ARM.attributes
                0x000006ee       0x1e /usr/lib/gcc/arm-none-eabi/8.3.1/thumb/v6-m/nofp/libgcc.a(_dvmd_tls.o)
 .ARM.attributes
                0x0000070c       0x2c /usr/lib/gcc/arm-none-eabi/8.3.1/../../../arm-none-eabi/lib/thumb/v6-m/nofp/libg.a(lib_a-impure.o)
 .ARM.attributes
                0x00000738       0x2c /usr/lib/gcc/arm-none-eabi/8.3.1/../../../arm-none-eabi/lib/thumb/v6-m/nofp/libg.a(lib_a-itoa.o)
 .ARM.attributes
                0x00000764       0x2c /usr/lib/gcc/arm-none-eabi/8.3.1/../../../arm-none-eabi/lib/thumb/v6-m/nofp/libg.a(lib_a-strcat.o)
 .ARM.attributes
                0x00000790       0x2c /usr/lib/gcc/arm-none-eabi/8.3.1/../../../arm-none-eabi/lib/thumb/v6-m/nofp/libg.a(lib_a-strcpy.o)
 .ARM.attributes
                0x000007bc       0x2c /usr/lib/gcc/arm-none-eabi/8.3.1/../../../arm-none-eabi/lib/thumb/v6-m/nofp/libg.a(lib_a-strlen-stub.o)
 .ARM.attributes
                0x000007e8       0x2c /usr/lib/gcc/arm-none-eabi/8.3.1/../../../arm-none-eabi/lib/thumb/v6-m/nofp/libg.a(lib_a-strncat.o)
 .ARM.attributes
                0x00000814       0x2c /usr/lib/gcc/arm-none-eabi/8.3.1/../../../arm-none-eabi/lib/thumb/v6-m/nofp/libg.a(lib_a-strtol.o)
 .ARM.attributes
                0x00000840       0x2c /usr/lib/gcc/arm-none-eabi/8.3.1/../../../arm-none-eabi/lib/thumb/v6-m/nofp/libg.a(lib_a-utoa.o)
 .ARM.attributes
                0x0000086c       0x2c /usr/lib/gcc/arm-none-eabi/8.3.1/../../../arm-none-eabi/lib/thumb/v6-m/nofp/libg.a(lib_a-ctype_.o)
 .ARM.attributes
                0x00000898       0x2c /usr/lib/gcc/arm-none-eabi/8.3.1/../../../arm-none-eabi/lib/thumb/v6-m/nofp/libg.a(lib_a-errno.o)
 .ARM.attributes
                0x000008c4       0x2c /usr/lib/gcc/arm-none-eabi/8.3.1/thumb/v6-m/nofp/crtend.o

.comment        0x00000000       0x9f
 .comment       0x00000000       0x51 /usr/lib/gcc/arm-none-eabi/8.3.1/thumb/v6-m/nofp/crtbegin.o
                                 0x52 (size before relaxing)
 .comment       0x00000051       0x52 CMakeFiles/stickerCutter.dir/main.c.obj
 .comment       0x00000051       0x52 CMakeFiles/stickerCutter.dir/lcd/LCDops.c.obj
 .comment       0x00000051       0x52 CMakeFiles/stickerCutter.dir/lcd/generalOps.c.obj
 .comment       0x00000051       0x52 CMakeFiles/stickerCutter.dir/pid/PID.c.obj
 .comment       0x00000051       0x52 CMakeFiles/stickerCutter.dir/home/viktor/pico/pico-sdk/src/rp2_common/hardware_gpio/gpio.c.obj
 .comment       0x00000051       0x52 CMakeFiles/stickerCutter.dir/home/viktor/pico/pico-sdk/src/rp2_common/hardware_claim/claim.c.obj
 .comment       0x00000051       0x52 CMakeFiles/stickerCutter.dir/home/viktor/pico/pico-sdk/src/rp2_common/pico_platform/platform.c.obj
 .comment       0x00000051       0x52 CMakeFiles/stickerCutter.dir/home/viktor/pico/pico-sdk/src/rp2_common/hardware_sync/sync.c.obj
 .comment       0x00000051       0x52 CMakeFiles/stickerCutter.dir/home/viktor/pico/pico-sdk/src/rp2_common/hardware_irq/irq.c.obj
 .comment       0x00000051       0x52 CMakeFiles/stickerCutter.dir/home/viktor/pico/pico-sdk/src/common/pico_sync/lock_core.c.obj
 .comment       0x00000051       0x52 CMakeFiles/stickerCutter.dir/home/viktor/pico/pico-sdk/src/common/pico_time/time.c.obj
 .comment       0x00000051       0x52 CMakeFiles/stickerCutter.dir/home/viktor/pico/pico-sdk/src/rp2_common/hardware_timer/timer.c.obj
 .comment       0x00000051       0x52 CMakeFiles/stickerCutter.dir/home/viktor/pico/pico-sdk/src/common/pico_util/pheap.c.obj
 .comment       0x00000051       0x52 CMakeFiles/stickerCutter.dir/home/viktor/pico/pico-sdk/src/common/pico_sync/mutex.c.obj
 .comment       0x00000051       0x52 CMakeFiles/stickerCutter.dir/home/viktor/pico/pico-sdk/src/rp2_common/hardware_uart/uart.c.obj
 .comment       0x00000051       0x52 CMakeFiles/stickerCutter.dir/home/viktor/pico/pico-sdk/src/rp2_common/pico_runtime/runtime.c.obj
 .comment       0x00000051       0x52 CMakeFiles/stickerCutter.dir/home/viktor/pico/pico-sdk/src/rp2_common/hardware_clocks/clocks.c.obj
 .comment       0x00000051       0x52 CMakeFiles/stickerCutter.dir/home/viktor/pico/pico-sdk/src/rp2_common/hardware_pll/pll.c.obj
 .comment       0x00000051       0x52 CMakeFiles/stickerCutter.dir/home/viktor/pico/pico-sdk/src/rp2_common/hardware_watchdog/watchdog.c.obj
 .comment       0x00000051       0x52 CMakeFiles/stickerCutter.dir/home/viktor/pico/pico-sdk/src/rp2_common/hardware_xosc/xosc.c.obj
 .comment       0x00000051       0x52 CMakeFiles/stickerCutter.dir/home/viktor/pico/pico-sdk/src/rp2_common/pico_printf/printf.c.obj
 .comment       0x00000051       0x52 CMakeFiles/stickerCutter.dir/home/viktor/pico/pico-sdk/src/rp2_common/pico_bootrom/bootrom.c.obj